ARM GAS  C:\Users\FIRSTP~1\AppData\Local\Temp\ccvB6tfM.s 			page 1


   1              		.syntax unified
   2              		.cpu cortex-m0
   3              		.fpu softvfp
   4              		.eabi_attribute 20, 1
   5              		.eabi_attribute 21, 1
   6              		.eabi_attribute 23, 3
   7              		.eabi_attribute 24, 1
   8              		.eabi_attribute 25, 1
   9              		.eabi_attribute 26, 1
  10              		.eabi_attribute 30, 1
  11              		.eabi_attribute 34, 0
  12              		.eabi_attribute 18, 4
  13              		.thumb
  14              		.syntax unified
  15              		.file	"cyfitter_cfg.c"
  16              		.text
  17              	.Ltext0:
  18              		.cfi_sections	.debug_frame
  19              		.section	.text.cfg_write_bytes32,"ax",%progbits
  20              		.align	2
  21              		.code	16
  22              		.thumb_func
  23              		.type	cfg_write_bytes32, %function
  24              	cfg_write_bytes32:
  25              	.LFB3:
  26              		.file 1 "Generated_Source\\PSoC4\\cyfitter_cfg.c"
   1:Generated_Source\PSoC4/cyfitter_cfg.c **** 
   2:Generated_Source\PSoC4/cyfitter_cfg.c **** /*******************************************************************************
   3:Generated_Source\PSoC4/cyfitter_cfg.c **** * File Name: cyfitter_cfg.c
   4:Generated_Source\PSoC4/cyfitter_cfg.c **** * 
   5:Generated_Source\PSoC4/cyfitter_cfg.c **** * PSoC Creator  4.2
   6:Generated_Source\PSoC4/cyfitter_cfg.c **** *
   7:Generated_Source\PSoC4/cyfitter_cfg.c **** * Description:
   8:Generated_Source\PSoC4/cyfitter_cfg.c **** * This file contains device initialization code.
   9:Generated_Source\PSoC4/cyfitter_cfg.c **** * Except for the user defined sections in CyClockStartupError(), this file should not be modified.
  10:Generated_Source\PSoC4/cyfitter_cfg.c **** * This file is automatically generated by PSoC Creator.
  11:Generated_Source\PSoC4/cyfitter_cfg.c **** *
  12:Generated_Source\PSoC4/cyfitter_cfg.c **** ********************************************************************************
  13:Generated_Source\PSoC4/cyfitter_cfg.c **** * Copyright (c) 2007-2018 Cypress Semiconductor.  All rights reserved.
  14:Generated_Source\PSoC4/cyfitter_cfg.c **** * You may use this file only in accordance with the license, terms, conditions, 
  15:Generated_Source\PSoC4/cyfitter_cfg.c **** * disclaimers, and limitations in the end user license agreement accompanying 
  16:Generated_Source\PSoC4/cyfitter_cfg.c **** * the software package with which this file was provided.
  17:Generated_Source\PSoC4/cyfitter_cfg.c **** ********************************************************************************/
  18:Generated_Source\PSoC4/cyfitter_cfg.c **** 
  19:Generated_Source\PSoC4/cyfitter_cfg.c **** #include <string.h>
  20:Generated_Source\PSoC4/cyfitter_cfg.c **** #include "cytypes.h"
  21:Generated_Source\PSoC4/cyfitter_cfg.c **** #include "cydevice_trm.h"
  22:Generated_Source\PSoC4/cyfitter_cfg.c **** #include "cyfitter.h"
  23:Generated_Source\PSoC4/cyfitter_cfg.c **** #include "CyLib.h"
  24:Generated_Source\PSoC4/cyfitter_cfg.c **** #include "CyLFClk.h"
  25:Generated_Source\PSoC4/cyfitter_cfg.c **** #include "cyfitter_cfg.h"
  26:Generated_Source\PSoC4/cyfitter_cfg.c **** #include "cyapicallbacks.h"
  27:Generated_Source\PSoC4/cyfitter_cfg.c **** 
  28:Generated_Source\PSoC4/cyfitter_cfg.c **** 
  29:Generated_Source\PSoC4/cyfitter_cfg.c **** #if defined(__GNUC__) || defined(__ARMCC_VERSION)
  30:Generated_Source\PSoC4/cyfitter_cfg.c ****     #define CYPACKED 
  31:Generated_Source\PSoC4/cyfitter_cfg.c ****     #define CYPACKED_ATTR __attribute__ ((packed))
ARM GAS  C:\Users\FIRSTP~1\AppData\Local\Temp\ccvB6tfM.s 			page 2


  32:Generated_Source\PSoC4/cyfitter_cfg.c ****     #define CYALIGNED __attribute__ ((aligned))
  33:Generated_Source\PSoC4/cyfitter_cfg.c ****     #define CY_CFG_UNUSED __attribute__ ((unused))
  34:Generated_Source\PSoC4/cyfitter_cfg.c ****     #ifndef CY_CFG_SECTION
  35:Generated_Source\PSoC4/cyfitter_cfg.c ****         #define CY_CFG_SECTION __attribute__ ((section(".psocinit")))
  36:Generated_Source\PSoC4/cyfitter_cfg.c ****     #endif
  37:Generated_Source\PSoC4/cyfitter_cfg.c ****     
  38:Generated_Source\PSoC4/cyfitter_cfg.c ****     #if defined(__ARMCC_VERSION)
  39:Generated_Source\PSoC4/cyfitter_cfg.c ****         #define CY_CFG_MEMORY_BARRIER() __memory_changed()
  40:Generated_Source\PSoC4/cyfitter_cfg.c ****     #else
  41:Generated_Source\PSoC4/cyfitter_cfg.c ****         #define CY_CFG_MEMORY_BARRIER() __sync_synchronize()
  42:Generated_Source\PSoC4/cyfitter_cfg.c ****     #endif
  43:Generated_Source\PSoC4/cyfitter_cfg.c ****     
  44:Generated_Source\PSoC4/cyfitter_cfg.c **** #elif defined(__ICCARM__)
  45:Generated_Source\PSoC4/cyfitter_cfg.c ****     #include <intrinsics.h>
  46:Generated_Source\PSoC4/cyfitter_cfg.c **** 
  47:Generated_Source\PSoC4/cyfitter_cfg.c ****     #define CYPACKED __packed
  48:Generated_Source\PSoC4/cyfitter_cfg.c ****     #define CYPACKED_ATTR 
  49:Generated_Source\PSoC4/cyfitter_cfg.c ****     #define CYALIGNED _Pragma("data_alignment=4")
  50:Generated_Source\PSoC4/cyfitter_cfg.c ****     #define CY_CFG_UNUSED _Pragma("diag_suppress=Pe177")
  51:Generated_Source\PSoC4/cyfitter_cfg.c ****     #define CY_CFG_SECTION _Pragma("location=\".psocinit\"")
  52:Generated_Source\PSoC4/cyfitter_cfg.c ****     
  53:Generated_Source\PSoC4/cyfitter_cfg.c ****     #define CY_CFG_MEMORY_BARRIER() __DMB()
  54:Generated_Source\PSoC4/cyfitter_cfg.c ****     
  55:Generated_Source\PSoC4/cyfitter_cfg.c **** #else
  56:Generated_Source\PSoC4/cyfitter_cfg.c ****     #error Unsupported toolchain
  57:Generated_Source\PSoC4/cyfitter_cfg.c **** #endif
  58:Generated_Source\PSoC4/cyfitter_cfg.c **** 
  59:Generated_Source\PSoC4/cyfitter_cfg.c **** #ifndef CYCODE
  60:Generated_Source\PSoC4/cyfitter_cfg.c ****     #define CYCODE
  61:Generated_Source\PSoC4/cyfitter_cfg.c **** #endif
  62:Generated_Source\PSoC4/cyfitter_cfg.c **** #ifndef CYDATA
  63:Generated_Source\PSoC4/cyfitter_cfg.c ****     #define CYDATA
  64:Generated_Source\PSoC4/cyfitter_cfg.c **** #endif
  65:Generated_Source\PSoC4/cyfitter_cfg.c **** #ifndef CYFAR
  66:Generated_Source\PSoC4/cyfitter_cfg.c ****     #define CYFAR
  67:Generated_Source\PSoC4/cyfitter_cfg.c **** #endif
  68:Generated_Source\PSoC4/cyfitter_cfg.c **** #ifndef CYXDATA
  69:Generated_Source\PSoC4/cyfitter_cfg.c ****     #define CYXDATA
  70:Generated_Source\PSoC4/cyfitter_cfg.c **** #endif
  71:Generated_Source\PSoC4/cyfitter_cfg.c **** 
  72:Generated_Source\PSoC4/cyfitter_cfg.c **** 
  73:Generated_Source\PSoC4/cyfitter_cfg.c **** CY_CFG_UNUSED
  74:Generated_Source\PSoC4/cyfitter_cfg.c **** static void CYMEMZERO(void *s, size_t n);
  75:Generated_Source\PSoC4/cyfitter_cfg.c **** CY_CFG_UNUSED
  76:Generated_Source\PSoC4/cyfitter_cfg.c **** static void CYMEMZERO(void *s, size_t n)
  77:Generated_Source\PSoC4/cyfitter_cfg.c **** {
  78:Generated_Source\PSoC4/cyfitter_cfg.c **** 	(void)memset(s, 0, n);
  79:Generated_Source\PSoC4/cyfitter_cfg.c **** }
  80:Generated_Source\PSoC4/cyfitter_cfg.c **** CY_CFG_UNUSED
  81:Generated_Source\PSoC4/cyfitter_cfg.c **** static void CYCONFIGCPY(void *dest, const void *src, size_t n);
  82:Generated_Source\PSoC4/cyfitter_cfg.c **** CY_CFG_UNUSED
  83:Generated_Source\PSoC4/cyfitter_cfg.c **** static void CYCONFIGCPY(void *dest, const void *src, size_t n)
  84:Generated_Source\PSoC4/cyfitter_cfg.c **** {
  85:Generated_Source\PSoC4/cyfitter_cfg.c **** 	(void)memcpy(dest, src, n);
  86:Generated_Source\PSoC4/cyfitter_cfg.c **** }
  87:Generated_Source\PSoC4/cyfitter_cfg.c **** CY_CFG_UNUSED
  88:Generated_Source\PSoC4/cyfitter_cfg.c **** static void CYCONFIGCPYCODE(void *dest, const void *src, size_t n);
ARM GAS  C:\Users\FIRSTP~1\AppData\Local\Temp\ccvB6tfM.s 			page 3


  89:Generated_Source\PSoC4/cyfitter_cfg.c **** CY_CFG_UNUSED
  90:Generated_Source\PSoC4/cyfitter_cfg.c **** static void CYCONFIGCPYCODE(void *dest, const void *src, size_t n)
  91:Generated_Source\PSoC4/cyfitter_cfg.c **** {
  92:Generated_Source\PSoC4/cyfitter_cfg.c **** 	(void)memcpy(dest, src, n);
  93:Generated_Source\PSoC4/cyfitter_cfg.c **** }
  94:Generated_Source\PSoC4/cyfitter_cfg.c **** 
  95:Generated_Source\PSoC4/cyfitter_cfg.c **** 
  96:Generated_Source\PSoC4/cyfitter_cfg.c **** 
  97:Generated_Source\PSoC4/cyfitter_cfg.c **** 
  98:Generated_Source\PSoC4/cyfitter_cfg.c **** /* Clock startup error codes                                                   */
  99:Generated_Source\PSoC4/cyfitter_cfg.c **** #define CYCLOCKSTART_NO_ERROR    0u
 100:Generated_Source\PSoC4/cyfitter_cfg.c **** #define CYCLOCKSTART_XTAL_ERROR  1u
 101:Generated_Source\PSoC4/cyfitter_cfg.c **** #define CYCLOCKSTART_32KHZ_ERROR 2u
 102:Generated_Source\PSoC4/cyfitter_cfg.c **** #define CYCLOCKSTART_PLL_ERROR   3u
 103:Generated_Source\PSoC4/cyfitter_cfg.c **** #define CYCLOCKSTART_FLL_ERROR   4u
 104:Generated_Source\PSoC4/cyfitter_cfg.c **** #define CYCLOCKSTART_WCO_ERROR   5u
 105:Generated_Source\PSoC4/cyfitter_cfg.c **** 
 106:Generated_Source\PSoC4/cyfitter_cfg.c **** 
 107:Generated_Source\PSoC4/cyfitter_cfg.c **** #ifdef CY_NEED_CYCLOCKSTARTUPERROR
 108:Generated_Source\PSoC4/cyfitter_cfg.c **** /*******************************************************************************
 109:Generated_Source\PSoC4/cyfitter_cfg.c **** * Function Name: CyClockStartupError
 110:Generated_Source\PSoC4/cyfitter_cfg.c **** ********************************************************************************
 111:Generated_Source\PSoC4/cyfitter_cfg.c **** * Summary:
 112:Generated_Source\PSoC4/cyfitter_cfg.c **** *  If an error is encountered during clock configuration (crystal startup error,
 113:Generated_Source\PSoC4/cyfitter_cfg.c **** *  PLL lock error, etc.), the system will end up here.  Unless reimplemented by
 114:Generated_Source\PSoC4/cyfitter_cfg.c **** *  the customer, this function will stop in an infinite loop.
 115:Generated_Source\PSoC4/cyfitter_cfg.c **** *
 116:Generated_Source\PSoC4/cyfitter_cfg.c **** * Parameters:
 117:Generated_Source\PSoC4/cyfitter_cfg.c **** *   void
 118:Generated_Source\PSoC4/cyfitter_cfg.c **** *
 119:Generated_Source\PSoC4/cyfitter_cfg.c **** * Return:
 120:Generated_Source\PSoC4/cyfitter_cfg.c **** *   void
 121:Generated_Source\PSoC4/cyfitter_cfg.c **** *
 122:Generated_Source\PSoC4/cyfitter_cfg.c **** *******************************************************************************/
 123:Generated_Source\PSoC4/cyfitter_cfg.c **** CY_CFG_UNUSED
 124:Generated_Source\PSoC4/cyfitter_cfg.c **** static void CyClockStartupError(uint8 errorCode);
 125:Generated_Source\PSoC4/cyfitter_cfg.c **** CY_CFG_UNUSED
 126:Generated_Source\PSoC4/cyfitter_cfg.c **** static void CyClockStartupError(uint8 errorCode)
 127:Generated_Source\PSoC4/cyfitter_cfg.c **** {
 128:Generated_Source\PSoC4/cyfitter_cfg.c ****     /* To remove the compiler warning if errorCode not used.                */
 129:Generated_Source\PSoC4/cyfitter_cfg.c ****     errorCode = errorCode;
 130:Generated_Source\PSoC4/cyfitter_cfg.c **** 
 131:Generated_Source\PSoC4/cyfitter_cfg.c ****     /* If we have a clock startup error (bad MHz crystal, PLL lock, etc.),  */
 132:Generated_Source\PSoC4/cyfitter_cfg.c ****     /* we will end up here to allow the customer to implement something to  */
 133:Generated_Source\PSoC4/cyfitter_cfg.c ****     /* deal with the clock condition.                                       */
 134:Generated_Source\PSoC4/cyfitter_cfg.c **** 
 135:Generated_Source\PSoC4/cyfitter_cfg.c **** #ifdef CY_CFG_CLOCK_STARTUP_ERROR_CALLBACK
 136:Generated_Source\PSoC4/cyfitter_cfg.c ****     CY_CFG_Clock_Startup_ErrorCallback();
 137:Generated_Source\PSoC4/cyfitter_cfg.c **** #else
 138:Generated_Source\PSoC4/cyfitter_cfg.c ****     /*  If not using CY_CFG_CLOCK_STARTUP_ERROR_CALLBACK, place your clock startup code here. */
 139:Generated_Source\PSoC4/cyfitter_cfg.c ****     /* `#START CyClockStartupError` */
 140:Generated_Source\PSoC4/cyfitter_cfg.c **** 
 141:Generated_Source\PSoC4/cyfitter_cfg.c **** 
 142:Generated_Source\PSoC4/cyfitter_cfg.c **** 
 143:Generated_Source\PSoC4/cyfitter_cfg.c ****     /* `#END` */
 144:Generated_Source\PSoC4/cyfitter_cfg.c **** 
 145:Generated_Source\PSoC4/cyfitter_cfg.c ****     while(1) {}
ARM GAS  C:\Users\FIRSTP~1\AppData\Local\Temp\ccvB6tfM.s 			page 4


 146:Generated_Source\PSoC4/cyfitter_cfg.c **** #endif /* CY_CFG_CLOCK_STARTUP_ERROR_CALLBACK */
 147:Generated_Source\PSoC4/cyfitter_cfg.c **** }
 148:Generated_Source\PSoC4/cyfitter_cfg.c **** #endif
 149:Generated_Source\PSoC4/cyfitter_cfg.c **** 
 150:Generated_Source\PSoC4/cyfitter_cfg.c **** #define CY_CFG_BASE_ADDR_COUNT 1u
 151:Generated_Source\PSoC4/cyfitter_cfg.c **** CYPACKED typedef struct
 152:Generated_Source\PSoC4/cyfitter_cfg.c **** {
 153:Generated_Source\PSoC4/cyfitter_cfg.c **** 	uint8 offset;
 154:Generated_Source\PSoC4/cyfitter_cfg.c **** 	uint8 value;
 155:Generated_Source\PSoC4/cyfitter_cfg.c **** } CYPACKED_ATTR cy_cfg_addrvalue_t;
 156:Generated_Source\PSoC4/cyfitter_cfg.c **** 
 157:Generated_Source\PSoC4/cyfitter_cfg.c **** 
 158:Generated_Source\PSoC4/cyfitter_cfg.c **** 
 159:Generated_Source\PSoC4/cyfitter_cfg.c **** /*******************************************************************************
 160:Generated_Source\PSoC4/cyfitter_cfg.c **** * Function Name: cfg_write_bytes32
 161:Generated_Source\PSoC4/cyfitter_cfg.c **** ********************************************************************************
 162:Generated_Source\PSoC4/cyfitter_cfg.c **** * Summary:
 163:Generated_Source\PSoC4/cyfitter_cfg.c **** *  This function is used for setting up the chip configuration areas that
 164:Generated_Source\PSoC4/cyfitter_cfg.c **** *  contain relatively sparse data.
 165:Generated_Source\PSoC4/cyfitter_cfg.c **** *
 166:Generated_Source\PSoC4/cyfitter_cfg.c **** * Parameters:
 167:Generated_Source\PSoC4/cyfitter_cfg.c **** *   void
 168:Generated_Source\PSoC4/cyfitter_cfg.c **** *
 169:Generated_Source\PSoC4/cyfitter_cfg.c **** * Return:
 170:Generated_Source\PSoC4/cyfitter_cfg.c **** *   void
 171:Generated_Source\PSoC4/cyfitter_cfg.c **** *
 172:Generated_Source\PSoC4/cyfitter_cfg.c **** *******************************************************************************/
 173:Generated_Source\PSoC4/cyfitter_cfg.c **** static void cfg_write_bytes32(const uint32 addr_table[], const cy_cfg_addrvalue_t data_table[]);
 174:Generated_Source\PSoC4/cyfitter_cfg.c **** static void cfg_write_bytes32(const uint32 addr_table[], const cy_cfg_addrvalue_t data_table[])
 175:Generated_Source\PSoC4/cyfitter_cfg.c **** {
  27              		.loc 1 175 0
  28              		.cfi_startproc
  29              		@ args = 0, pretend = 0, frame = 0
  30              		@ frame_needed = 0, uses_anonymous_args = 0
  31              	.LVL0:
  32 0000 F0B5     		push	{r4, r5, r6, r7, lr}
  33              		.cfi_def_cfa_offset 20
  34              		.cfi_offset 4, -20
  35              		.cfi_offset 5, -16
  36              		.cfi_offset 6, -12
  37              		.cfi_offset 7, -8
  38              		.cfi_offset 14, -4
  39              	.LVL1:
 176:Generated_Source\PSoC4/cyfitter_cfg.c **** 	/* For 32-bit little-endian architectures */
 177:Generated_Source\PSoC4/cyfitter_cfg.c **** 	uint32 i, j = 0u;
  40              		.loc 1 177 0
  41 0002 0025     		movs	r5, #0
 178:Generated_Source\PSoC4/cyfitter_cfg.c **** 	for (i = 0u; i < CY_CFG_BASE_ADDR_COUNT; i++)
  42              		.loc 1 178 0
  43 0004 0027     		movs	r7, #0
  44 0006 11E0     		b	.L2
  45              	.LVL2:
  46              	.L5:
  47              	.LBB2:
 179:Generated_Source\PSoC4/cyfitter_cfg.c **** 	{
 180:Generated_Source\PSoC4/cyfitter_cfg.c **** 		uint32 baseAddr = addr_table[i];
  48              		.loc 1 180 0
ARM GAS  C:\Users\FIRSTP~1\AppData\Local\Temp\ccvB6tfM.s 			page 5


  49 0008 BB00     		lsls	r3, r7, #2
  50 000a C658     		ldr	r6, [r0, r3]
  51              	.LVL3:
 181:Generated_Source\PSoC4/cyfitter_cfg.c **** 		uint8 count = (uint8)baseAddr;
  52              		.loc 1 181 0
  53 000c F3B2     		uxtb	r3, r6
  54              	.LVL4:
 182:Generated_Source\PSoC4/cyfitter_cfg.c **** 		baseAddr &= 0xFFFFFF00u;
  55              		.loc 1 182 0
  56 000e FF22     		movs	r2, #255
  57 0010 9643     		bics	r6, r2
  58              	.LVL5:
 183:Generated_Source\PSoC4/cyfitter_cfg.c **** 		while (count != 0u)
  59              		.loc 1 183 0
  60 0012 08E0     		b	.L3
  61              	.L4:
 184:Generated_Source\PSoC4/cyfitter_cfg.c **** 		{
 185:Generated_Source\PSoC4/cyfitter_cfg.c **** 			CY_SET_REG8((void *)(baseAddr + data_table[j].offset), data_table[j].value);
  62              		.loc 1 185 0
  63 0014 6A00     		lsls	r2, r5, #1
  64 0016 8A18     		adds	r2, r1, r2
  65 0018 1478     		ldrb	r4, [r2]
  66 001a A419     		adds	r4, r4, r6
  67 001c 5278     		ldrb	r2, [r2, #1]
  68 001e 2270     		strb	r2, [r4]
 186:Generated_Source\PSoC4/cyfitter_cfg.c **** 			j++;
  69              		.loc 1 186 0
  70 0020 0135     		adds	r5, r5, #1
  71              	.LVL6:
 187:Generated_Source\PSoC4/cyfitter_cfg.c **** 			count--;
  72              		.loc 1 187 0
  73 0022 013B     		subs	r3, r3, #1
  74              	.LVL7:
  75 0024 DBB2     		uxtb	r3, r3
  76              	.LVL8:
  77              	.L3:
 183:Generated_Source\PSoC4/cyfitter_cfg.c **** 		{
  78              		.loc 1 183 0
  79 0026 002B     		cmp	r3, #0
  80 0028 F4D1     		bne	.L4
  81              	.LBE2:
 178:Generated_Source\PSoC4/cyfitter_cfg.c **** 	{
  82              		.loc 1 178 0 discriminator 2
  83 002a 0137     		adds	r7, r7, #1
  84              	.LVL9:
  85              	.L2:
 178:Generated_Source\PSoC4/cyfitter_cfg.c **** 	{
  86              		.loc 1 178 0 is_stmt 0 discriminator 1
  87 002c 002F     		cmp	r7, #0
  88 002e EBD0     		beq	.L5
 188:Generated_Source\PSoC4/cyfitter_cfg.c **** 		}
 189:Generated_Source\PSoC4/cyfitter_cfg.c **** 	}
 190:Generated_Source\PSoC4/cyfitter_cfg.c **** }
  89              		.loc 1 190 0 is_stmt 1
  90              		@ sp needed
  91              	.LVL10:
  92              	.LVL11:
ARM GAS  C:\Users\FIRSTP~1\AppData\Local\Temp\ccvB6tfM.s 			page 6


  93 0030 F0BD     		pop	{r4, r5, r6, r7, pc}
  94              		.cfi_endproc
  95              	.LFE3:
  96              		.size	cfg_write_bytes32, .-cfg_write_bytes32
  97 0032 C046     		.section	.text.CYMEMZERO,"ax",%progbits
  98              		.align	2
  99              		.code	16
 100              		.thumb_func
 101              		.type	CYMEMZERO, %function
 102              	CYMEMZERO:
 103              	.LFB0:
  77:Generated_Source\PSoC4/cyfitter_cfg.c **** 	(void)memset(s, 0, n);
 104              		.loc 1 77 0
 105              		.cfi_startproc
 106              		@ args = 0, pretend = 0, frame = 0
 107              		@ frame_needed = 0, uses_anonymous_args = 0
 108              	.LVL12:
 109 0000 10B5     		push	{r4, lr}
 110              		.cfi_def_cfa_offset 8
 111              		.cfi_offset 4, -8
 112              		.cfi_offset 14, -4
 113 0002 0A00     		movs	r2, r1
  78:Generated_Source\PSoC4/cyfitter_cfg.c **** }
 114              		.loc 1 78 0
 115 0004 0021     		movs	r1, #0
 116              	.LVL13:
 117 0006 FFF7FEFF 		bl	memset
 118              	.LVL14:
  79:Generated_Source\PSoC4/cyfitter_cfg.c **** CY_CFG_UNUSED
 119              		.loc 1 79 0
 120              		@ sp needed
 121 000a 10BD     		pop	{r4, pc}
 122              		.cfi_endproc
 123              	.LFE0:
 124              		.size	CYMEMZERO, .-CYMEMZERO
 125              		.section	.psocinit,"ax",%progbits
 126              		.align	2
 127              		.code	16
 128              		.thumb_func
 129              		.type	ClockSetup, %function
 130              	ClockSetup:
 131              	.LFB4:
 191:Generated_Source\PSoC4/cyfitter_cfg.c **** 
 192:Generated_Source\PSoC4/cyfitter_cfg.c **** 
 193:Generated_Source\PSoC4/cyfitter_cfg.c **** /*******************************************************************************
 194:Generated_Source\PSoC4/cyfitter_cfg.c **** * Function Name: ClockSetup
 195:Generated_Source\PSoC4/cyfitter_cfg.c **** ********************************************************************************
 196:Generated_Source\PSoC4/cyfitter_cfg.c **** *
 197:Generated_Source\PSoC4/cyfitter_cfg.c **** * Summary:
 198:Generated_Source\PSoC4/cyfitter_cfg.c **** *   Performs the initialization of all of the clocks in the device based on the
 199:Generated_Source\PSoC4/cyfitter_cfg.c **** *   settings in the Clock tab of the DWR.  This includes enabling the requested
 200:Generated_Source\PSoC4/cyfitter_cfg.c **** *   clocks and setting the necessary dividers to produce the desired frequency. 
 201:Generated_Source\PSoC4/cyfitter_cfg.c **** *
 202:Generated_Source\PSoC4/cyfitter_cfg.c **** * Parameters:
 203:Generated_Source\PSoC4/cyfitter_cfg.c **** *   void
 204:Generated_Source\PSoC4/cyfitter_cfg.c **** *
 205:Generated_Source\PSoC4/cyfitter_cfg.c **** * Return:
ARM GAS  C:\Users\FIRSTP~1\AppData\Local\Temp\ccvB6tfM.s 			page 7


 206:Generated_Source\PSoC4/cyfitter_cfg.c **** *   void
 207:Generated_Source\PSoC4/cyfitter_cfg.c **** *
 208:Generated_Source\PSoC4/cyfitter_cfg.c **** *******************************************************************************/
 209:Generated_Source\PSoC4/cyfitter_cfg.c **** static void ClockSetup(void);
 210:Generated_Source\PSoC4/cyfitter_cfg.c **** CY_CFG_SECTION
 211:Generated_Source\PSoC4/cyfitter_cfg.c **** static void ClockSetup(void)
 212:Generated_Source\PSoC4/cyfitter_cfg.c **** {
 132              		.loc 1 212 0
 133              		.cfi_startproc
 134              		@ args = 0, pretend = 0, frame = 0
 135              		@ frame_needed = 0, uses_anonymous_args = 0
 136 0000 70B5     		push	{r4, r5, r6, lr}
 137              		.cfi_def_cfa_offset 16
 138              		.cfi_offset 4, -16
 139              		.cfi_offset 5, -12
 140              		.cfi_offset 6, -8
 141              		.cfi_offset 14, -4
 213:Generated_Source\PSoC4/cyfitter_cfg.c **** 	/* Enable HALF_EN before trimming for the flash accelerator. */
 214:Generated_Source\PSoC4/cyfitter_cfg.c **** 	CY_SET_REG32((void CYXDATA *)(CYREG_CLK_SELECT), (CY_GET_REG32((void *)CYREG_CLK_SELECT) | 0x00040
 142              		.loc 1 214 0
 143 0002 194C     		ldr	r4, .L8
 144 0004 2368     		ldr	r3, [r4]
 145 0006 8022     		movs	r2, #128
 146 0008 D202     		lsls	r2, r2, #11
 147 000a 1343     		orrs	r3, r2
 148 000c 2360     		str	r3, [r4]
 215:Generated_Source\PSoC4/cyfitter_cfg.c **** 
 216:Generated_Source\PSoC4/cyfitter_cfg.c **** 	/* Setup and trim IMO based on desired frequency. */
 217:Generated_Source\PSoC4/cyfitter_cfg.c **** 	CySysClkWriteImoFreq(24u);
 149              		.loc 1 217 0
 150 000e 1820     		movs	r0, #24
 151 0010 FFF7FEFF 		bl	CySysClkWriteImoFreq
 152              	.LVL15:
 218:Generated_Source\PSoC4/cyfitter_cfg.c **** 
 219:Generated_Source\PSoC4/cyfitter_cfg.c **** 	/* Disable HALF_EN since it is not required at this IMO frequency. */
 220:Generated_Source\PSoC4/cyfitter_cfg.c **** 	CY_SET_REG32((void CYXDATA *)(CYREG_CLK_SELECT), (CY_GET_REG32((void *)CYREG_CLK_SELECT) & 0xFFFBF
 153              		.loc 1 220 0
 154 0014 2268     		ldr	r2, [r4]
 155 0016 154B     		ldr	r3, .L8+4
 156 0018 1340     		ands	r3, r2
 157 001a 2360     		str	r3, [r4]
 221:Generated_Source\PSoC4/cyfitter_cfg.c **** 	/* CYDEV_CLK_ILO_CONFIG Starting address: CYDEV_CLK_ILO_CONFIG */
 222:Generated_Source\PSoC4/cyfitter_cfg.c **** 	CY_SET_REG32((void *)(CYREG_CLK_ILO_CONFIG), 0x80000006u);
 158              		.loc 1 222 0
 159 001c 144A     		ldr	r2, .L8+8
 160 001e 154B     		ldr	r3, .L8+12
 161 0020 1A60     		str	r2, [r3]
 223:Generated_Source\PSoC4/cyfitter_cfg.c **** 
 224:Generated_Source\PSoC4/cyfitter_cfg.c **** 
 225:Generated_Source\PSoC4/cyfitter_cfg.c **** 	/* CYDEV_CLK_SELECT00 Starting address: CYDEV_CLK_SELECT00 */
 226:Generated_Source\PSoC4/cyfitter_cfg.c **** 	CY_SET_REG32((void *)(CYREG_CLK_SELECT03), 0x00000010u);
 162              		.loc 1 226 0
 163 0022 1022     		movs	r2, #16
 164 0024 144B     		ldr	r3, .L8+16
 165 0026 1A60     		str	r2, [r3]
 227:Generated_Source\PSoC4/cyfitter_cfg.c **** 	CY_SET_REG32((void *)(CYREG_CLK_SELECT08), 0x00000030u);
 166              		.loc 1 227 0
ARM GAS  C:\Users\FIRSTP~1\AppData\Local\Temp\ccvB6tfM.s 			page 8


 167 0028 2032     		adds	r2, r2, #32
 168 002a 144B     		ldr	r3, .L8+20
 169 002c 1A60     		str	r2, [r3]
 228:Generated_Source\PSoC4/cyfitter_cfg.c **** 	CY_SET_REG32((void *)(CYREG_CLK_SELECT11), 0x00000020u);
 170              		.loc 1 228 0
 171 002e 103A     		subs	r2, r2, #16
 172 0030 134B     		ldr	r3, .L8+24
 173 0032 1A60     		str	r2, [r3]
 229:Generated_Source\PSoC4/cyfitter_cfg.c **** 
 230:Generated_Source\PSoC4/cyfitter_cfg.c **** 	/* CYDEV_CLK_IMO_CONFIG Starting address: CYDEV_CLK_IMO_CONFIG */
 231:Generated_Source\PSoC4/cyfitter_cfg.c **** 	CY_SET_REG32((void *)(CYREG_CLK_IMO_CONFIG), 0x80000000u);
 174              		.loc 1 231 0
 175 0034 8022     		movs	r2, #128
 176 0036 1206     		lsls	r2, r2, #24
 177 0038 124B     		ldr	r3, .L8+28
 178 003a 1A60     		str	r2, [r3]
 232:Generated_Source\PSoC4/cyfitter_cfg.c **** 
 233:Generated_Source\PSoC4/cyfitter_cfg.c **** 	/* CYDEV_CLK_SELECT Starting address: CYDEV_CLK_SELECT */
 234:Generated_Source\PSoC4/cyfitter_cfg.c **** 	CY_SET_REG32((void *)(CYREG_CLK_SELECT), 0x00000000u);
 179              		.loc 1 234 0
 180 003c 0025     		movs	r5, #0
 181 003e 2560     		str	r5, [r4]
 235:Generated_Source\PSoC4/cyfitter_cfg.c **** 
 236:Generated_Source\PSoC4/cyfitter_cfg.c **** 	/* CYDEV_CLK_DIVIDER_A00 Starting address: CYDEV_CLK_DIVIDER_A00 */
 237:Generated_Source\PSoC4/cyfitter_cfg.c **** 	CY_SET_REG32((void *)(CYREG_CLK_DIVIDER_A00), 0x800000CFu);
 182              		.loc 1 237 0
 183 0040 114A     		ldr	r2, .L8+32
 184 0042 124B     		ldr	r3, .L8+36
 185 0044 1A60     		str	r2, [r3]
 238:Generated_Source\PSoC4/cyfitter_cfg.c **** 
 239:Generated_Source\PSoC4/cyfitter_cfg.c **** 	/* CYDEV_CLK_DIVIDER_B00 Starting address: CYDEV_CLK_DIVIDER_B00 */
 240:Generated_Source\PSoC4/cyfitter_cfg.c **** 	CY_SET_REG32((void *)(CYREG_CLK_DIVIDER_B00), 0x800000EFu);
 186              		.loc 1 240 0
 187 0046 124A     		ldr	r2, .L8+40
 188 0048 124B     		ldr	r3, .L8+44
 189 004a 1A60     		str	r2, [r3]
 241:Generated_Source\PSoC4/cyfitter_cfg.c **** 
 242:Generated_Source\PSoC4/cyfitter_cfg.c **** 	/* CYDEV_CLK_DIVIDER_C00 Starting address: CYDEV_CLK_DIVIDER_C00 */
 243:Generated_Source\PSoC4/cyfitter_cfg.c **** 	CY_SET_REG32((void *)(CYREG_CLK_DIVIDER_C00), 0x80000257u);
 190              		.loc 1 243 0
 191 004c 124A     		ldr	r2, .L8+48
 192 004e 134B     		ldr	r3, .L8+52
 193 0050 1A60     		str	r2, [r3]
 244:Generated_Source\PSoC4/cyfitter_cfg.c **** 
 245:Generated_Source\PSoC4/cyfitter_cfg.c **** 	(void)CyIntSetVector(9u, &CySysWdtIsr);
 194              		.loc 1 245 0
 195 0052 1349     		ldr	r1, .L8+56
 196 0054 0920     		movs	r0, #9
 197 0056 FFF7FEFF 		bl	CyIntSetVector
 198              	.LVL16:
 246:Generated_Source\PSoC4/cyfitter_cfg.c **** 	CyIntEnable(9u);
 199              		.loc 1 246 0
 200 005a 0920     		movs	r0, #9
 201 005c FFF7FEFF 		bl	CyIntEnable
 202              	.LVL17:
 247:Generated_Source\PSoC4/cyfitter_cfg.c **** 	CY_SET_REG32((void *)(CYREG_WDT_CONFIG), 0x00000000u);
 203              		.loc 1 247 0
ARM GAS  C:\Users\FIRSTP~1\AppData\Local\Temp\ccvB6tfM.s 			page 9


 204 0060 104B     		ldr	r3, .L8+60
 205 0062 1D60     		str	r5, [r3]
 248:Generated_Source\PSoC4/cyfitter_cfg.c **** }
 206              		.loc 1 248 0
 207              		@ sp needed
 208 0064 70BD     		pop	{r4, r5, r6, pc}
 209              	.L9:
 210 0066 C046     		.align	2
 211              	.L8:
 212 0068 00010B40 		.word	1074462976
 213 006c FFFFFBFF 		.word	-262145
 214 0070 06000080 		.word	-2147483642
 215 0074 04010B40 		.word	1074462980
 216 0078 0C020240 		.word	1073873420
 217 007c 20020240 		.word	1073873440
 218 0080 2C020240 		.word	1073873452
 219 0084 08010B40 		.word	1074462984
 220 0088 CF000080 		.word	-2147483441
 221 008c 00000240 		.word	1073872896
 222 0090 EF000080 		.word	-2147483409
 223 0094 40000240 		.word	1073872960
 224 0098 57020080 		.word	-2147483049
 225 009c 80000240 		.word	1073873024
 226 00a0 00000000 		.word	CySysWdtIsr
 227 00a4 0C020B40 		.word	1074463244
 228              		.cfi_endproc
 229              	.LFE4:
 230              		.size	ClockSetup, .-ClockSetup
 231              		.align	2
 232              		.global	cyfitter_cfg
 233              		.code	16
 234              		.thumb_func
 235              		.type	cyfitter_cfg, %function
 236              	cyfitter_cfg:
 237              	.LFB6:
 249:Generated_Source\PSoC4/cyfitter_cfg.c **** 
 250:Generated_Source\PSoC4/cyfitter_cfg.c **** 
 251:Generated_Source\PSoC4/cyfitter_cfg.c **** /* Analog API Functions */
 252:Generated_Source\PSoC4/cyfitter_cfg.c **** 
 253:Generated_Source\PSoC4/cyfitter_cfg.c **** 
 254:Generated_Source\PSoC4/cyfitter_cfg.c **** /*******************************************************************************
 255:Generated_Source\PSoC4/cyfitter_cfg.c **** * Function Name: AnalogSetDefault
 256:Generated_Source\PSoC4/cyfitter_cfg.c **** ********************************************************************************
 257:Generated_Source\PSoC4/cyfitter_cfg.c **** *
 258:Generated_Source\PSoC4/cyfitter_cfg.c **** * Summary:
 259:Generated_Source\PSoC4/cyfitter_cfg.c **** *  Sets up the analog portions of the chip to default values based on chip
 260:Generated_Source\PSoC4/cyfitter_cfg.c **** *  configuration options from the project.
 261:Generated_Source\PSoC4/cyfitter_cfg.c **** *
 262:Generated_Source\PSoC4/cyfitter_cfg.c **** * Parameters:
 263:Generated_Source\PSoC4/cyfitter_cfg.c **** *  void
 264:Generated_Source\PSoC4/cyfitter_cfg.c **** *
 265:Generated_Source\PSoC4/cyfitter_cfg.c **** * Return:
 266:Generated_Source\PSoC4/cyfitter_cfg.c **** *  void
 267:Generated_Source\PSoC4/cyfitter_cfg.c **** *
 268:Generated_Source\PSoC4/cyfitter_cfg.c **** *******************************************************************************/
 269:Generated_Source\PSoC4/cyfitter_cfg.c **** static void AnalogSetDefault(void);
 270:Generated_Source\PSoC4/cyfitter_cfg.c **** static void AnalogSetDefault(void)
ARM GAS  C:\Users\FIRSTP~1\AppData\Local\Temp\ccvB6tfM.s 			page 10


 271:Generated_Source\PSoC4/cyfitter_cfg.c **** {
 272:Generated_Source\PSoC4/cyfitter_cfg.c **** }
 273:Generated_Source\PSoC4/cyfitter_cfg.c **** 
 274:Generated_Source\PSoC4/cyfitter_cfg.c **** 
 275:Generated_Source\PSoC4/cyfitter_cfg.c **** 
 276:Generated_Source\PSoC4/cyfitter_cfg.c **** 
 277:Generated_Source\PSoC4/cyfitter_cfg.c **** /*******************************************************************************
 278:Generated_Source\PSoC4/cyfitter_cfg.c **** * Function Name: cyfitter_cfg
 279:Generated_Source\PSoC4/cyfitter_cfg.c **** ********************************************************************************
 280:Generated_Source\PSoC4/cyfitter_cfg.c **** * Summary:
 281:Generated_Source\PSoC4/cyfitter_cfg.c **** *  This function is called by the start-up code for the selected device. It
 282:Generated_Source\PSoC4/cyfitter_cfg.c **** *  performs all of the necessary device configuration based on the design
 283:Generated_Source\PSoC4/cyfitter_cfg.c **** *  settings.  This includes settings from the Design Wide Resources (DWR) such
 284:Generated_Source\PSoC4/cyfitter_cfg.c **** *  as Clocks and Pins as well as any component configuration that is necessary.
 285:Generated_Source\PSoC4/cyfitter_cfg.c **** *
 286:Generated_Source\PSoC4/cyfitter_cfg.c **** * Parameters:
 287:Generated_Source\PSoC4/cyfitter_cfg.c **** *   void
 288:Generated_Source\PSoC4/cyfitter_cfg.c **** *
 289:Generated_Source\PSoC4/cyfitter_cfg.c **** * Return:
 290:Generated_Source\PSoC4/cyfitter_cfg.c **** *   void
 291:Generated_Source\PSoC4/cyfitter_cfg.c **** *
 292:Generated_Source\PSoC4/cyfitter_cfg.c **** *******************************************************************************/
 293:Generated_Source\PSoC4/cyfitter_cfg.c **** CY_CFG_SECTION
 294:Generated_Source\PSoC4/cyfitter_cfg.c **** void cyfitter_cfg(void)
 295:Generated_Source\PSoC4/cyfitter_cfg.c **** {
 238              		.loc 1 295 0
 239              		.cfi_startproc
 240              		@ args = 0, pretend = 0, frame = 0
 241              		@ frame_needed = 0, uses_anonymous_args = 0
 242 00a8 10B5     		push	{r4, lr}
 243              		.cfi_def_cfa_offset 8
 244              		.cfi_offset 4, -8
 245              		.cfi_offset 14, -4
 296:Generated_Source\PSoC4/cyfitter_cfg.c **** 	/* Disable interrupts by default. Let user enable if/when they want. */
 297:Generated_Source\PSoC4/cyfitter_cfg.c **** 	CyGlobalIntDisable;
 246              		.loc 1 297 0
 247              		.syntax divided
 248              	@ 297 "Generated_Source\PSoC4\cyfitter_cfg.c" 1
 249 00aa 72B6     		CPSID   i
 250              	@ 0 "" 2
 251              	.LVL18:
 252              		.thumb
 253              		.syntax unified
 254              	.LBB3:
 298:Generated_Source\PSoC4/cyfitter_cfg.c **** 
 299:Generated_Source\PSoC4/cyfitter_cfg.c **** 	{
 300:Generated_Source\PSoC4/cyfitter_cfg.c **** 		static const uint32 CYCODE cy_cfg_addr_table[] = {
 301:Generated_Source\PSoC4/cyfitter_cfg.c **** 			0x400F4104u, /* Base address: 0x400F4100 Count: 4 */
 302:Generated_Source\PSoC4/cyfitter_cfg.c **** 		};
 303:Generated_Source\PSoC4/cyfitter_cfg.c **** 
 304:Generated_Source\PSoC4/cyfitter_cfg.c **** 		static const cy_cfg_addrvalue_t CYCODE cy_cfg_data_table[] = {
 305:Generated_Source\PSoC4/cyfitter_cfg.c **** 			{0x03u, 0x80u},
 306:Generated_Source\PSoC4/cyfitter_cfg.c **** 			{0x43u, 0x80u},
 307:Generated_Source\PSoC4/cyfitter_cfg.c **** 			{0xC0u, 0x10u},
 308:Generated_Source\PSoC4/cyfitter_cfg.c **** 			{0xD0u, 0x10u},
 309:Generated_Source\PSoC4/cyfitter_cfg.c **** 		};
 310:Generated_Source\PSoC4/cyfitter_cfg.c **** 
ARM GAS  C:\Users\FIRSTP~1\AppData\Local\Temp\ccvB6tfM.s 			page 11


 311:Generated_Source\PSoC4/cyfitter_cfg.c **** 
 312:Generated_Source\PSoC4/cyfitter_cfg.c **** 
 313:Generated_Source\PSoC4/cyfitter_cfg.c **** 		CYPACKED typedef struct {
 314:Generated_Source\PSoC4/cyfitter_cfg.c **** 			void CYFAR *address;
 315:Generated_Source\PSoC4/cyfitter_cfg.c **** 			uint16 size;
 316:Generated_Source\PSoC4/cyfitter_cfg.c **** 		} CYPACKED_ATTR cfg_memset_t;
 317:Generated_Source\PSoC4/cyfitter_cfg.c **** 
 318:Generated_Source\PSoC4/cyfitter_cfg.c **** 		static const cfg_memset_t CYCODE cfg_memset_list[] = {
 319:Generated_Source\PSoC4/cyfitter_cfg.c **** 			/* address, size */
 320:Generated_Source\PSoC4/cyfitter_cfg.c **** 			{(void CYFAR *)(CYDEV_UDB_P0_U0_BASE), 1024u},
 321:Generated_Source\PSoC4/cyfitter_cfg.c **** 			{(void CYFAR *)(CYDEV_UDB_DSI0_BASE), 1024u},
 322:Generated_Source\PSoC4/cyfitter_cfg.c **** 		};
 323:Generated_Source\PSoC4/cyfitter_cfg.c **** 
 324:Generated_Source\PSoC4/cyfitter_cfg.c **** 		uint8 CYDATA i;
 325:Generated_Source\PSoC4/cyfitter_cfg.c **** 
 326:Generated_Source\PSoC4/cyfitter_cfg.c **** 		/* Zero out critical memory blocks before beginning configuration */
 327:Generated_Source\PSoC4/cyfitter_cfg.c **** 		for (i = 0u; i < (sizeof(cfg_memset_list)/sizeof(cfg_memset_list[0])); i++)
 255              		.loc 1 327 0
 256 00ac 0024     		movs	r4, #0
 257 00ae 0FE0     		b	.L11
 258              	.LVL19:
 259              	.L12:
 260              	.LBB4:
 328:Generated_Source\PSoC4/cyfitter_cfg.c **** 		{
 329:Generated_Source\PSoC4/cyfitter_cfg.c **** 			const cfg_memset_t CYCODE * CYDATA ms = &cfg_memset_list[i];
 330:Generated_Source\PSoC4/cyfitter_cfg.c **** 			CYMEMZERO(ms->address, (size_t)(uint32)(ms->size));
 261              		.loc 1 330 0 discriminator 3
 262 00b0 2448     		ldr	r0, .L13
 263 00b2 6200     		lsls	r2, r4, #1
 264 00b4 1319     		adds	r3, r2, r4
 265 00b6 5900     		lsls	r1, r3, #1
 266 00b8 0B00     		movs	r3, r1
 267 00ba 4118     		adds	r1, r0, r1
 268 00bc 8988     		ldrh	r1, [r1, #4]
 269 00be 1A5A     		ldrh	r2, [r3, r0]
 270 00c0 C318     		adds	r3, r0, r3
 271 00c2 5888     		ldrh	r0, [r3, #2]
 272 00c4 0004     		lsls	r0, r0, #16
 273 00c6 1043     		orrs	r0, r2
 274 00c8 FFF7FEFF 		bl	CYMEMZERO
 275              	.LVL20:
 276              	.LBE4:
 327:Generated_Source\PSoC4/cyfitter_cfg.c **** 		{
 277              		.loc 1 327 0 discriminator 3
 278 00cc 0134     		adds	r4, r4, #1
 279              	.LVL21:
 280 00ce E4B2     		uxtb	r4, r4
 281              	.LVL22:
 282              	.L11:
 327:Generated_Source\PSoC4/cyfitter_cfg.c **** 		{
 283              		.loc 1 327 0 is_stmt 0 discriminator 1
 284 00d0 012C     		cmp	r4, #1
 285 00d2 EDD9     		bls	.L12
 331:Generated_Source\PSoC4/cyfitter_cfg.c **** 		}
 332:Generated_Source\PSoC4/cyfitter_cfg.c **** 
 333:Generated_Source\PSoC4/cyfitter_cfg.c **** 		cfg_write_bytes32(cy_cfg_addr_table, cy_cfg_data_table);
 286              		.loc 1 333 0 is_stmt 1
ARM GAS  C:\Users\FIRSTP~1\AppData\Local\Temp\ccvB6tfM.s 			page 12


 287 00d4 1B48     		ldr	r0, .L13
 288 00d6 0100     		movs	r1, r0
 289 00d8 0C31     		adds	r1, r1, #12
 290 00da 1430     		adds	r0, r0, #20
 291 00dc FFF7FEFF 		bl	cfg_write_bytes32
 292              	.LVL23:
 334:Generated_Source\PSoC4/cyfitter_cfg.c **** 
 335:Generated_Source\PSoC4/cyfitter_cfg.c **** 		/* HSIOM Starting address: CYDEV_HSIOM_BASE */
 336:Generated_Source\PSoC4/cyfitter_cfg.c **** 		CY_SET_REG32((void *)(CYDEV_HSIOM_BASE), 0x00990000u);
 293              		.loc 1 336 0
 294 00e0 9923     		movs	r3, #153
 295 00e2 1B04     		lsls	r3, r3, #16
 296 00e4 184A     		ldr	r2, .L13+4
 297 00e6 1360     		str	r3, [r2]
 337:Generated_Source\PSoC4/cyfitter_cfg.c **** 		CY_SET_REG32((void *)(CYREG_HSIOM_PORT_SEL1), 0x00000800u);
 298              		.loc 1 337 0
 299 00e8 8021     		movs	r1, #128
 300 00ea 0901     		lsls	r1, r1, #4
 301 00ec 174A     		ldr	r2, .L13+8
 302 00ee 1160     		str	r1, [r2]
 338:Generated_Source\PSoC4/cyfitter_cfg.c **** 		CY_SET_REG32((void *)(CYREG_HSIOM_PORT_SEL3), 0x0000EE00u);
 303              		.loc 1 338 0
 304 00f0 EE21     		movs	r1, #238
 305 00f2 0902     		lsls	r1, r1, #8
 306 00f4 164A     		ldr	r2, .L13+12
 307 00f6 1160     		str	r1, [r2]
 339:Generated_Source\PSoC4/cyfitter_cfg.c **** 
 340:Generated_Source\PSoC4/cyfitter_cfg.c **** 		/* UDB_PA_0 Starting address: CYDEV_UDB_PA0_BASE */
 341:Generated_Source\PSoC4/cyfitter_cfg.c **** 		CY_SET_REG32((void *)(CYDEV_UDB_PA0_BASE), 0x00990000u);
 308              		.loc 1 341 0
 309 00f8 164A     		ldr	r2, .L13+16
 310 00fa 1360     		str	r3, [r2]
 342:Generated_Source\PSoC4/cyfitter_cfg.c **** 
 343:Generated_Source\PSoC4/cyfitter_cfg.c **** 		/* UDB_PA_1 Starting address: CYDEV_UDB_PA1_BASE */
 344:Generated_Source\PSoC4/cyfitter_cfg.c **** 		CY_SET_REG32((void *)(CYDEV_UDB_PA1_BASE), 0x00990000u);
 311              		.loc 1 344 0
 312 00fc 164A     		ldr	r2, .L13+20
 313 00fe 1360     		str	r3, [r2]
 345:Generated_Source\PSoC4/cyfitter_cfg.c **** 
 346:Generated_Source\PSoC4/cyfitter_cfg.c **** 		/* UDB_PA_3 Starting address: CYDEV_UDB_PA3_BASE */
 347:Generated_Source\PSoC4/cyfitter_cfg.c **** 		CY_SET_REG32((void *)(CYDEV_UDB_PA3_BASE), 0x00990000u);
 314              		.loc 1 347 0
 315 0100 164A     		ldr	r2, .L13+24
 316 0102 1360     		str	r3, [r2]
 348:Generated_Source\PSoC4/cyfitter_cfg.c **** 
 349:Generated_Source\PSoC4/cyfitter_cfg.c **** 		/* TCPWM_CNT0 Starting address: CYDEV_TCPWM_CNT0_TR_CTRL0 */
 350:Generated_Source\PSoC4/cyfitter_cfg.c **** 		CY_SET_REG32((void *)(CYREG_TCPWM_CNT0_TR_CTRL0), 0x000AA0A0u);
 317              		.loc 1 350 0
 318 0104 164A     		ldr	r2, .L13+28
 319 0106 174B     		ldr	r3, .L13+32
 320 0108 1A60     		str	r2, [r3]
 351:Generated_Source\PSoC4/cyfitter_cfg.c **** 
 352:Generated_Source\PSoC4/cyfitter_cfg.c **** 		/* Enable digital routing */
 353:Generated_Source\PSoC4/cyfitter_cfg.c **** 		CY_SET_XTND_REG8((void *)CYREG_UDB_UDBIF_BANK_CTL, (uint8)(CY_GET_XTND_REG8((void *)CYREG_UDB_UDB
 321              		.loc 1 353 0
 322 010a 174A     		ldr	r2, .L13+36
 323 010c 1178     		ldrb	r1, [r2]
ARM GAS  C:\Users\FIRSTP~1\AppData\Local\Temp\ccvB6tfM.s 			page 13


 324 010e 0623     		movs	r3, #6
 325 0110 0B43     		orrs	r3, r1
 326 0112 DBB2     		uxtb	r3, r3
 327 0114 1370     		strb	r3, [r2]
 328              	.LBE3:
 354:Generated_Source\PSoC4/cyfitter_cfg.c **** 	}
 355:Generated_Source\PSoC4/cyfitter_cfg.c **** 
 356:Generated_Source\PSoC4/cyfitter_cfg.c **** 	/* Perform second pass device configuration. These items must be configured in specific order afte
 357:Generated_Source\PSoC4/cyfitter_cfg.c **** 	/* IOPINS0_0 Starting address: CYDEV_PRT0_BASE */
 358:Generated_Source\PSoC4/cyfitter_cfg.c **** 	CY_SET_REG32((void *)(CYDEV_PRT0_BASE), 0x00000020u);
 329              		.loc 1 358 0
 330 0116 2023     		movs	r3, #32
 331 0118 144A     		ldr	r2, .L13+40
 332 011a 1360     		str	r3, [r2]
 359:Generated_Source\PSoC4/cyfitter_cfg.c **** 	CY_SET_REG32((void *)(CYREG_PRT0_PC), 0x00031000u);
 333              		.loc 1 359 0
 334 011c C421     		movs	r1, #196
 335 011e 8902     		lsls	r1, r1, #10
 336 0120 134A     		ldr	r2, .L13+44
 337 0122 1160     		str	r1, [r2]
 360:Generated_Source\PSoC4/cyfitter_cfg.c **** 	CY_SET_REG32((void *)(CYREG_PRT0_PC2), 0x00000020u);
 338              		.loc 1 360 0
 339 0124 134A     		ldr	r2, .L13+48
 340 0126 1360     		str	r3, [r2]
 361:Generated_Source\PSoC4/cyfitter_cfg.c **** 
 362:Generated_Source\PSoC4/cyfitter_cfg.c **** 	/* IOPINS0_1 Starting address: CYDEV_PRT1_BASE */
 363:Generated_Source\PSoC4/cyfitter_cfg.c **** 	CY_SET_REG32((void *)(CYDEV_PRT1_BASE), 0x00000005u);
 341              		.loc 1 363 0
 342 0128 0522     		movs	r2, #5
 343 012a 134B     		ldr	r3, .L13+52
 344 012c 1A60     		str	r2, [r3]
 364:Generated_Source\PSoC4/cyfitter_cfg.c **** 	CY_SET_REG32((void *)(CYREG_PRT1_PC), 0x00000182u);
 345              		.loc 1 364 0
 346 012e 7E32     		adds	r2, r2, #126
 347 0130 FF32     		adds	r2, r2, #255
 348 0132 124B     		ldr	r3, .L13+56
 349 0134 1A60     		str	r2, [r3]
 365:Generated_Source\PSoC4/cyfitter_cfg.c **** 
 366:Generated_Source\PSoC4/cyfitter_cfg.c **** 	/* IOPINS0_3 Starting address: CYDEV_PRT3_BASE */
 367:Generated_Source\PSoC4/cyfitter_cfg.c **** 	CY_SET_REG32((void *)(CYREG_PRT3_PC), 0x00000D80u);
 350              		.loc 1 367 0
 351 0136 D822     		movs	r2, #216
 352 0138 1201     		lsls	r2, r2, #4
 353 013a 114B     		ldr	r3, .L13+60
 354 013c 1A60     		str	r2, [r3]
 368:Generated_Source\PSoC4/cyfitter_cfg.c **** 
 369:Generated_Source\PSoC4/cyfitter_cfg.c **** 
 370:Generated_Source\PSoC4/cyfitter_cfg.c **** 	/* Setup clocks based on selections from Clock DWR */
 371:Generated_Source\PSoC4/cyfitter_cfg.c **** 	ClockSetup();
 355              		.loc 1 371 0
 356 013e FFF75FFF 		bl	ClockSetup
 357              	.LVL24:
 372:Generated_Source\PSoC4/cyfitter_cfg.c **** 
 373:Generated_Source\PSoC4/cyfitter_cfg.c **** 	/* Perform basic analog initialization to defaults */
 374:Generated_Source\PSoC4/cyfitter_cfg.c **** 	AnalogSetDefault();
 375:Generated_Source\PSoC4/cyfitter_cfg.c **** 
 376:Generated_Source\PSoC4/cyfitter_cfg.c **** }
ARM GAS  C:\Users\FIRSTP~1\AppData\Local\Temp\ccvB6tfM.s 			page 14


 358              		.loc 1 376 0
 359              		@ sp needed
 360              	.LVL25:
 361 0142 10BD     		pop	{r4, pc}
 362              	.L14:
 363              		.align	2
 364              	.L13:
 365 0144 00000000 		.word	.LANCHOR0
 366 0148 00000140 		.word	1073807360
 367 014c 04000140 		.word	1073807364
 368 0150 0C000140 		.word	1073807372
 369 0154 00500F40 		.word	1074745344
 370 0158 10500F40 		.word	1074745360
 371 015c 30500F40 		.word	1074745392
 372 0160 A0A00A00 		.word	696480
 373 0164 20010540 		.word	1074069792
 374 0168 00700F40 		.word	1074753536
 375 016c 00000440 		.word	1074003968
 376 0170 08000440 		.word	1074003976
 377 0174 18000440 		.word	1074003992
 378 0178 00010440 		.word	1074004224
 379 017c 08010440 		.word	1074004232
 380 0180 08030440 		.word	1074004744
 381              		.cfi_endproc
 382              	.LFE6:
 383              		.size	cyfitter_cfg, .-cyfitter_cfg
 384              		.section	.rodata
 385              		.align	2
 386              		.set	.LANCHOR0,. + 0
 387              		.type	cfg_memset_list.4870, %object
 388              		.size	cfg_memset_list.4870, 12
 389              	cfg_memset_list.4870:
 390 0000 00300F40 		.word	1074737152
 391 0004 0004     		.short	1024
 392 0006 00400F40 		.4byte	1074741248
 393 000a 0004     		.short	1024
 394              		.type	cy_cfg_data_table.4865, %object
 395              		.size	cy_cfg_data_table.4865, 8
 396              	cy_cfg_data_table.4865:
 397 000c 03       		.byte	3
 398 000d 80       		.byte	-128
 399 000e 43       		.byte	67
 400 000f 80       		.byte	-128
 401 0010 C0       		.byte	-64
 402 0011 10       		.byte	16
 403 0012 D0       		.byte	-48
 404 0013 10       		.byte	16
 405              		.type	cy_cfg_addr_table.4864, %object
 406              		.size	cy_cfg_addr_table.4864, 4
 407              	cy_cfg_addr_table.4864:
 408 0014 04410F40 		.word	1074741508
 409              		.text
 410              	.Letext0:
 411              		.file 2 "c:\\program files (x86)\\cypress\\psoc creator\\4.2\\psoc creator\\import\\gnu\\arm\\5.4.
 412              		.file 3 "Generated_Source\\PSoC4\\cytypes.h"
 413              		.file 4 "Generated_Source\\PSoC4\\CyLib.h"
 414              		.section	.debug_info,"",%progbits
ARM GAS  C:\Users\FIRSTP~1\AppData\Local\Temp\ccvB6tfM.s 			page 15


 415              	.Ldebug_info0:
 416 0000 9C030000 		.4byte	0x39c
 417 0004 0400     		.2byte	0x4
 418 0006 00000000 		.4byte	.Ldebug_abbrev0
 419 000a 04       		.byte	0x4
 420 000b 01       		.uleb128 0x1
 421 000c 43010000 		.4byte	.LASF39
 422 0010 0C       		.byte	0xc
 423 0011 9F020000 		.4byte	.LASF40
 424 0015 16020000 		.4byte	.LASF41
 425 0019 00000000 		.4byte	.Ldebug_ranges0+0
 426 001d 00000000 		.4byte	0
 427 0021 00000000 		.4byte	.Ldebug_line0
 428 0025 02       		.uleb128 0x2
 429 0026 04       		.byte	0x4
 430 0027 05       		.byte	0x5
 431 0028 696E7400 		.ascii	"int\000"
 432 002c 03       		.uleb128 0x3
 433 002d 06000000 		.4byte	.LASF12
 434 0031 02       		.byte	0x2
 435 0032 D8       		.byte	0xd8
 436 0033 37000000 		.4byte	0x37
 437 0037 04       		.uleb128 0x4
 438 0038 04       		.byte	0x4
 439 0039 07       		.byte	0x7
 440 003a 0A010000 		.4byte	.LASF0
 441 003e 04       		.uleb128 0x4
 442 003f 08       		.byte	0x8
 443 0040 05       		.byte	0x5
 444 0041 03020000 		.4byte	.LASF1
 445 0045 04       		.uleb128 0x4
 446 0046 08       		.byte	0x8
 447 0047 04       		.byte	0x4
 448 0048 87020000 		.4byte	.LASF2
 449 004c 04       		.uleb128 0x4
 450 004d 01       		.byte	0x1
 451 004e 06       		.byte	0x6
 452 004f 93020000 		.4byte	.LASF3
 453 0053 04       		.uleb128 0x4
 454 0054 01       		.byte	0x1
 455 0055 08       		.byte	0x8
 456 0056 AC000000 		.4byte	.LASF4
 457 005a 04       		.uleb128 0x4
 458 005b 02       		.byte	0x2
 459 005c 05       		.byte	0x5
 460 005d 5F020000 		.4byte	.LASF5
 461 0061 04       		.uleb128 0x4
 462 0062 02       		.byte	0x2
 463 0063 07       		.byte	0x7
 464 0064 F0010000 		.4byte	.LASF6
 465 0068 04       		.uleb128 0x4
 466 0069 04       		.byte	0x4
 467 006a 05       		.byte	0x5
 468 006b 7E020000 		.4byte	.LASF7
 469 006f 04       		.uleb128 0x4
 470 0070 04       		.byte	0x4
 471 0071 07       		.byte	0x7
ARM GAS  C:\Users\FIRSTP~1\AppData\Local\Temp\ccvB6tfM.s 			page 16


 472 0072 8A000000 		.4byte	.LASF8
 473 0076 04       		.uleb128 0x4
 474 0077 08       		.byte	0x8
 475 0078 07       		.byte	0x7
 476 0079 2C010000 		.4byte	.LASF9
 477 007d 04       		.uleb128 0x4
 478 007e 04       		.byte	0x4
 479 007f 07       		.byte	0x7
 480 0080 E7010000 		.4byte	.LASF10
 481 0084 05       		.uleb128 0x5
 482 0085 04       		.byte	0x4
 483 0086 04       		.uleb128 0x4
 484 0087 01       		.byte	0x1
 485 0088 08       		.byte	0x8
 486 0089 11020000 		.4byte	.LASF11
 487 008d 06       		.uleb128 0x6
 488 008e 9C000000 		.4byte	.LASF13
 489 0092 03       		.byte	0x3
 490 0093 E401     		.2byte	0x1e4
 491 0095 53000000 		.4byte	0x53
 492 0099 06       		.uleb128 0x6
 493 009a F1000000 		.4byte	.LASF14
 494 009e 03       		.byte	0x3
 495 009f E501     		.2byte	0x1e5
 496 00a1 61000000 		.4byte	0x61
 497 00a5 06       		.uleb128 0x6
 498 00a6 03010000 		.4byte	.LASF15
 499 00aa 03       		.byte	0x3
 500 00ab E601     		.2byte	0x1e6
 501 00ad 6F000000 		.4byte	0x6f
 502 00b1 04       		.uleb128 0x4
 503 00b2 04       		.byte	0x4
 504 00b3 04       		.byte	0x4
 505 00b4 6A000000 		.4byte	.LASF16
 506 00b8 04       		.uleb128 0x4
 507 00b9 08       		.byte	0x8
 508 00ba 04       		.byte	0x4
 509 00bb C1000000 		.4byte	.LASF17
 510 00bf 06       		.uleb128 0x6
 511 00c0 85000000 		.4byte	.LASF18
 512 00c4 03       		.byte	0x3
 513 00c5 8E02     		.2byte	0x28e
 514 00c7 CB000000 		.4byte	0xcb
 515 00cb 07       		.uleb128 0x7
 516 00cc 8D000000 		.4byte	0x8d
 517 00d0 06       		.uleb128 0x6
 518 00d1 00000000 		.4byte	.LASF19
 519 00d5 03       		.byte	0x3
 520 00d6 9002     		.2byte	0x290
 521 00d8 DC000000 		.4byte	0xdc
 522 00dc 07       		.uleb128 0x7
 523 00dd A5000000 		.4byte	0xa5
 524 00e1 08       		.uleb128 0x8
 525 00e2 02       		.byte	0x2
 526 00e3 01       		.byte	0x1
 527 00e4 97       		.byte	0x97
 528 00e5 02010000 		.4byte	0x102
ARM GAS  C:\Users\FIRSTP~1\AppData\Local\Temp\ccvB6tfM.s 			page 17


 529 00e9 09       		.uleb128 0x9
 530 00ea 58020000 		.4byte	.LASF20
 531 00ee 01       		.byte	0x1
 532 00ef 99       		.byte	0x99
 533 00f0 8D000000 		.4byte	0x8d
 534 00f4 00       		.byte	0
 535 00f5 09       		.uleb128 0x9
 536 00f6 1C000000 		.4byte	.LASF21
 537 00fa 01       		.byte	0x1
 538 00fb 9A       		.byte	0x9a
 539 00fc 8D000000 		.4byte	0x8d
 540 0100 01       		.byte	0x1
 541 0101 00       		.byte	0
 542 0102 03       		.uleb128 0x3
 543 0103 57000000 		.4byte	.LASF22
 544 0107 01       		.byte	0x1
 545 0108 9B       		.byte	0x9b
 546 0109 E1000000 		.4byte	0xe1
 547 010d 0A       		.uleb128 0xa
 548 010e C8000000 		.4byte	.LASF27
 549 0112 01       		.byte	0x1
 550 0113 AE       		.byte	0xae
 551 0114 00000000 		.4byte	.LFB3
 552 0118 32000000 		.4byte	.LFE3-.LFB3
 553 011c 01       		.uleb128 0x1
 554 011d 9C       		.byte	0x9c
 555 011e 7F010000 		.4byte	0x17f
 556 0122 0B       		.uleb128 0xb
 557 0123 E6000000 		.4byte	.LASF23
 558 0127 01       		.byte	0x1
 559 0128 AE       		.byte	0xae
 560 0129 7F010000 		.4byte	0x17f
 561 012d 01       		.uleb128 0x1
 562 012e 50       		.byte	0x50
 563 012f 0B       		.uleb128 0xb
 564 0130 F8000000 		.4byte	.LASF24
 565 0134 01       		.byte	0x1
 566 0135 AE       		.byte	0xae
 567 0136 8A010000 		.4byte	0x18a
 568 013a 01       		.uleb128 0x1
 569 013b 51       		.byte	0x51
 570 013c 0C       		.uleb128 0xc
 571 013d 6900     		.ascii	"i\000"
 572 013f 01       		.byte	0x1
 573 0140 B1       		.byte	0xb1
 574 0141 A5000000 		.4byte	0xa5
 575 0145 00000000 		.4byte	.LLST0
 576 0149 0C       		.uleb128 0xc
 577 014a 6A00     		.ascii	"j\000"
 578 014c 01       		.byte	0x1
 579 014d B1       		.byte	0xb1
 580 014e A5000000 		.4byte	0xa5
 581 0152 1F000000 		.4byte	.LLST1
 582 0156 0D       		.uleb128 0xd
 583 0157 08000000 		.4byte	.LBB2
 584 015b 22000000 		.4byte	.LBE2-.LBB2
 585 015f 0E       		.uleb128 0xe
ARM GAS  C:\Users\FIRSTP~1\AppData\Local\Temp\ccvB6tfM.s 			page 18


 586 0160 DE010000 		.4byte	.LASF25
 587 0164 01       		.byte	0x1
 588 0165 B4       		.byte	0xb4
 589 0166 A5000000 		.4byte	0xa5
 590 016a 3E000000 		.4byte	.LLST2
 591 016e 0E       		.uleb128 0xe
 592 016f 22000000 		.4byte	.LASF26
 593 0173 01       		.byte	0x1
 594 0174 B5       		.byte	0xb5
 595 0175 8D000000 		.4byte	0x8d
 596 0179 51000000 		.4byte	.LLST3
 597 017d 00       		.byte	0
 598 017e 00       		.byte	0
 599 017f 0F       		.uleb128 0xf
 600 0180 04       		.byte	0x4
 601 0181 85010000 		.4byte	0x185
 602 0185 10       		.uleb128 0x10
 603 0186 A5000000 		.4byte	0xa5
 604 018a 0F       		.uleb128 0xf
 605 018b 04       		.byte	0x4
 606 018c 90010000 		.4byte	0x190
 607 0190 10       		.uleb128 0x10
 608 0191 02010000 		.4byte	0x102
 609 0195 0A       		.uleb128 0xa
 610 0196 A2000000 		.4byte	.LASF28
 611 019a 01       		.byte	0x1
 612 019b 4C       		.byte	0x4c
 613 019c 00000000 		.4byte	.LFB0
 614 01a0 0C000000 		.4byte	.LFE0-.LFB0
 615 01a4 01       		.uleb128 0x1
 616 01a5 9C       		.byte	0x9c
 617 01a6 E2010000 		.4byte	0x1e2
 618 01aa 11       		.uleb128 0x11
 619 01ab 7300     		.ascii	"s\000"
 620 01ad 01       		.byte	0x1
 621 01ae 4C       		.byte	0x4c
 622 01af 84000000 		.4byte	0x84
 623 01b3 6F000000 		.4byte	.LLST4
 624 01b7 11       		.uleb128 0x11
 625 01b8 6E00     		.ascii	"n\000"
 626 01ba 01       		.byte	0x1
 627 01bb 4C       		.byte	0x4c
 628 01bc 2C000000 		.4byte	0x2c
 629 01c0 90000000 		.4byte	.LLST5
 630 01c4 12       		.uleb128 0x12
 631 01c5 0A000000 		.4byte	.LVL14
 632 01c9 75030000 		.4byte	0x375
 633 01cd 13       		.uleb128 0x13
 634 01ce 01       		.uleb128 0x1
 635 01cf 50       		.byte	0x50
 636 01d0 03       		.uleb128 0x3
 637 01d1 F3       		.byte	0xf3
 638 01d2 01       		.uleb128 0x1
 639 01d3 50       		.byte	0x50
 640 01d4 13       		.uleb128 0x13
 641 01d5 01       		.uleb128 0x1
 642 01d6 51       		.byte	0x51
ARM GAS  C:\Users\FIRSTP~1\AppData\Local\Temp\ccvB6tfM.s 			page 19


 643 01d7 01       		.uleb128 0x1
 644 01d8 30       		.byte	0x30
 645 01d9 13       		.uleb128 0x13
 646 01da 01       		.uleb128 0x1
 647 01db 52       		.byte	0x52
 648 01dc 03       		.uleb128 0x3
 649 01dd F3       		.byte	0xf3
 650 01de 01       		.uleb128 0x1
 651 01df 51       		.byte	0x51
 652 01e0 00       		.byte	0
 653 01e1 00       		.byte	0
 654 01e2 0A       		.uleb128 0xa
 655 01e3 28000000 		.4byte	.LASF29
 656 01e7 01       		.byte	0x1
 657 01e8 D3       		.byte	0xd3
 658 01e9 00000000 		.4byte	.LFB4
 659 01ed A8000000 		.4byte	.LFE4-.LFB4
 660 01f1 01       		.uleb128 0x1
 661 01f2 9C       		.byte	0x9c
 662 01f3 2D020000 		.4byte	0x22d
 663 01f7 14       		.uleb128 0x14
 664 01f8 14000000 		.4byte	.LVL15
 665 01fc 7E030000 		.4byte	0x37e
 666 0200 0A020000 		.4byte	0x20a
 667 0204 13       		.uleb128 0x13
 668 0205 01       		.uleb128 0x1
 669 0206 50       		.byte	0x50
 670 0207 01       		.uleb128 0x1
 671 0208 48       		.byte	0x48
 672 0209 00       		.byte	0
 673 020a 14       		.uleb128 0x14
 674 020b 5A000000 		.4byte	.LVL16
 675 020f 89030000 		.4byte	0x389
 676 0213 1D020000 		.4byte	0x21d
 677 0217 13       		.uleb128 0x13
 678 0218 01       		.uleb128 0x1
 679 0219 50       		.byte	0x50
 680 021a 01       		.uleb128 0x1
 681 021b 39       		.byte	0x39
 682 021c 00       		.byte	0
 683 021d 12       		.uleb128 0x12
 684 021e 60000000 		.4byte	.LVL17
 685 0222 94030000 		.4byte	0x394
 686 0226 13       		.uleb128 0x13
 687 0227 01       		.uleb128 0x1
 688 0228 50       		.byte	0x50
 689 0229 01       		.uleb128 0x1
 690 022a 39       		.byte	0x39
 691 022b 00       		.byte	0
 692 022c 00       		.byte	0
 693 022d 15       		.uleb128 0x15
 694 022e 17010000 		.4byte	.LASF42
 695 0232 01       		.byte	0x1
 696 0233 2601     		.2byte	0x126
 697 0235 A8000000 		.4byte	.LFB6
 698 0239 DC000000 		.4byte	.LFE6-.LFB6
 699 023d 01       		.uleb128 0x1
ARM GAS  C:\Users\FIRSTP~1\AppData\Local\Temp\ccvB6tfM.s 			page 20


 700 023e 9C       		.byte	0x9c
 701 023f 4B030000 		.4byte	0x34b
 702 0243 16       		.uleb128 0x16
 703 0244 AC000000 		.4byte	.LBB3
 704 0248 6A000000 		.4byte	.LBE3-.LBB3
 705 024c 41030000 		.4byte	0x341
 706 0250 17       		.uleb128 0x17
 707 0251 33000000 		.4byte	.LASF30
 708 0255 01       		.byte	0x1
 709 0256 2C01     		.2byte	0x12c
 710 0258 5B030000 		.4byte	0x35b
 711 025c 05       		.uleb128 0x5
 712 025d 03       		.byte	0x3
 713 025e 14000000 		.4byte	cy_cfg_addr_table.4864
 714 0262 17       		.uleb128 0x17
 715 0263 45000000 		.4byte	.LASF31
 716 0267 01       		.byte	0x1
 717 0268 3001     		.2byte	0x130
 718 026a 70030000 		.4byte	0x370
 719 026e 05       		.uleb128 0x5
 720 026f 03       		.byte	0x3
 721 0270 0C000000 		.4byte	cy_cfg_data_table.4865
 722 0274 18       		.uleb128 0x18
 723 0275 06       		.byte	0x6
 724 0276 01       		.byte	0x1
 725 0277 3901     		.2byte	0x139
 726 0279 98020000 		.4byte	0x298
 727 027d 19       		.uleb128 0x19
 728 027e 24010000 		.4byte	.LASF32
 729 0282 01       		.byte	0x1
 730 0283 3A01     		.2byte	0x13a
 731 0285 84000000 		.4byte	0x84
 732 0289 00       		.byte	0
 733 028a 19       		.uleb128 0x19
 734 028b 80000000 		.4byte	.LASF33
 735 028f 01       		.byte	0x1
 736 0290 3B01     		.2byte	0x13b
 737 0292 99000000 		.4byte	0x99
 738 0296 04       		.byte	0x4
 739 0297 00       		.byte	0
 740 0298 06       		.uleb128 0x6
 741 0299 D1010000 		.4byte	.LASF34
 742 029d 01       		.byte	0x1
 743 029e 3C01     		.2byte	0x13c
 744 02a0 74020000 		.4byte	0x274
 745 02a4 1A       		.uleb128 0x1a
 746 02a5 B4020000 		.4byte	0x2b4
 747 02a9 B4020000 		.4byte	0x2b4
 748 02ad 1B       		.uleb128 0x1b
 749 02ae 7D000000 		.4byte	0x7d
 750 02b2 01       		.byte	0x1
 751 02b3 00       		.byte	0
 752 02b4 10       		.uleb128 0x10
 753 02b5 98020000 		.4byte	0x298
 754 02b9 17       		.uleb128 0x17
 755 02ba 70000000 		.4byte	.LASF35
 756 02be 01       		.byte	0x1
ARM GAS  C:\Users\FIRSTP~1\AppData\Local\Temp\ccvB6tfM.s 			page 21


 757 02bf 3E01     		.2byte	0x13e
 758 02c1 CB020000 		.4byte	0x2cb
 759 02c5 05       		.uleb128 0x5
 760 02c6 03       		.byte	0x3
 761 02c7 00000000 		.4byte	cfg_memset_list.4870
 762 02cb 10       		.uleb128 0x10
 763 02cc A4020000 		.4byte	0x2a4
 764 02d0 1C       		.uleb128 0x1c
 765 02d1 6900     		.ascii	"i\000"
 766 02d3 01       		.byte	0x1
 767 02d4 4401     		.2byte	0x144
 768 02d6 8D000000 		.4byte	0x8d
 769 02da BC000000 		.4byte	.LLST6
 770 02de 16       		.uleb128 0x16
 771 02df B0000000 		.4byte	.LBB4
 772 02e3 1C000000 		.4byte	.LBE4-.LBB4
 773 02e7 24030000 		.4byte	0x324
 774 02eb 1C       		.uleb128 0x1c
 775 02ec 6D7300   		.ascii	"ms\000"
 776 02ef 01       		.byte	0x1
 777 02f0 4901     		.2byte	0x149
 778 02f2 FA020000 		.4byte	0x2fa
 779 02f6 E6000000 		.4byte	.LLST7
 780 02fa 0F       		.uleb128 0xf
 781 02fb 04       		.byte	0x4
 782 02fc B4020000 		.4byte	0x2b4
 783 0300 12       		.uleb128 0x12
 784 0301 CC000000 		.4byte	.LVL20
 785 0305 95010000 		.4byte	0x195
 786 0309 13       		.uleb128 0x13
 787 030a 01       		.uleb128 0x1
 788 030b 51       		.byte	0x51
 789 030c 15       		.uleb128 0x15
 790 030d 74       		.byte	0x74
 791 030e 00       		.sleb128 0
 792 030f 31       		.byte	0x31
 793 0310 24       		.byte	0x24
 794 0311 74       		.byte	0x74
 795 0312 00       		.sleb128 0
 796 0313 22       		.byte	0x22
 797 0314 31       		.byte	0x31
 798 0315 24       		.byte	0x24
 799 0316 03       		.byte	0x3
 800 0317 04000000 		.4byte	.LANCHOR0+4
 801 031b 22       		.byte	0x22
 802 031c 94       		.byte	0x94
 803 031d 02       		.byte	0x2
 804 031e 0A       		.byte	0xa
 805 031f FFFF     		.2byte	0xffff
 806 0321 1A       		.byte	0x1a
 807 0322 00       		.byte	0
 808 0323 00       		.byte	0
 809 0324 12       		.uleb128 0x12
 810 0325 E0000000 		.4byte	.LVL23
 811 0329 0D010000 		.4byte	0x10d
 812 032d 13       		.uleb128 0x13
 813 032e 01       		.uleb128 0x1
ARM GAS  C:\Users\FIRSTP~1\AppData\Local\Temp\ccvB6tfM.s 			page 22


 814 032f 50       		.byte	0x50
 815 0330 05       		.uleb128 0x5
 816 0331 03       		.byte	0x3
 817 0332 14000000 		.4byte	.LANCHOR0+20
 818 0336 13       		.uleb128 0x13
 819 0337 01       		.uleb128 0x1
 820 0338 51       		.byte	0x51
 821 0339 05       		.uleb128 0x5
 822 033a 03       		.byte	0x3
 823 033b 0C000000 		.4byte	.LANCHOR0+12
 824 033f 00       		.byte	0
 825 0340 00       		.byte	0
 826 0341 1D       		.uleb128 0x1d
 827 0342 42010000 		.4byte	.LVL24
 828 0346 E2010000 		.4byte	0x1e2
 829 034a 00       		.byte	0
 830 034b 1A       		.uleb128 0x1a
 831 034c 85010000 		.4byte	0x185
 832 0350 5B030000 		.4byte	0x35b
 833 0354 1B       		.uleb128 0x1b
 834 0355 7D000000 		.4byte	0x7d
 835 0359 00       		.byte	0
 836 035a 00       		.byte	0
 837 035b 10       		.uleb128 0x10
 838 035c 4B030000 		.4byte	0x34b
 839 0360 1A       		.uleb128 0x1a
 840 0361 90010000 		.4byte	0x190
 841 0365 70030000 		.4byte	0x370
 842 0369 1B       		.uleb128 0x1b
 843 036a 7D000000 		.4byte	0x7d
 844 036e 03       		.byte	0x3
 845 036f 00       		.byte	0
 846 0370 10       		.uleb128 0x10
 847 0371 60030000 		.4byte	0x360
 848 0375 1E       		.uleb128 0x1e
 849 0376 BA000000 		.4byte	.LASF43
 850 037a BA000000 		.4byte	.LASF43
 851 037e 1F       		.uleb128 0x1f
 852 037f 69020000 		.4byte	.LASF36
 853 0383 69020000 		.4byte	.LASF36
 854 0387 04       		.byte	0x4
 855 0388 6C       		.byte	0x6c
 856 0389 1F       		.uleb128 0x1f
 857 038a 0D000000 		.4byte	.LASF37
 858 038e 0D000000 		.4byte	.LASF37
 859 0392 04       		.byte	0x4
 860 0393 BD       		.byte	0xbd
 861 0394 1F       		.uleb128 0x1f
 862 0395 DA000000 		.4byte	.LASF38
 863 0399 DA000000 		.4byte	.LASF38
 864 039d 04       		.byte	0x4
 865 039e C3       		.byte	0xc3
 866 039f 00       		.byte	0
 867              		.section	.debug_abbrev,"",%progbits
 868              	.Ldebug_abbrev0:
 869 0000 01       		.uleb128 0x1
 870 0001 11       		.uleb128 0x11
ARM GAS  C:\Users\FIRSTP~1\AppData\Local\Temp\ccvB6tfM.s 			page 23


 871 0002 01       		.byte	0x1
 872 0003 25       		.uleb128 0x25
 873 0004 0E       		.uleb128 0xe
 874 0005 13       		.uleb128 0x13
 875 0006 0B       		.uleb128 0xb
 876 0007 03       		.uleb128 0x3
 877 0008 0E       		.uleb128 0xe
 878 0009 1B       		.uleb128 0x1b
 879 000a 0E       		.uleb128 0xe
 880 000b 55       		.uleb128 0x55
 881 000c 17       		.uleb128 0x17
 882 000d 11       		.uleb128 0x11
 883 000e 01       		.uleb128 0x1
 884 000f 10       		.uleb128 0x10
 885 0010 17       		.uleb128 0x17
 886 0011 00       		.byte	0
 887 0012 00       		.byte	0
 888 0013 02       		.uleb128 0x2
 889 0014 24       		.uleb128 0x24
 890 0015 00       		.byte	0
 891 0016 0B       		.uleb128 0xb
 892 0017 0B       		.uleb128 0xb
 893 0018 3E       		.uleb128 0x3e
 894 0019 0B       		.uleb128 0xb
 895 001a 03       		.uleb128 0x3
 896 001b 08       		.uleb128 0x8
 897 001c 00       		.byte	0
 898 001d 00       		.byte	0
 899 001e 03       		.uleb128 0x3
 900 001f 16       		.uleb128 0x16
 901 0020 00       		.byte	0
 902 0021 03       		.uleb128 0x3
 903 0022 0E       		.uleb128 0xe
 904 0023 3A       		.uleb128 0x3a
 905 0024 0B       		.uleb128 0xb
 906 0025 3B       		.uleb128 0x3b
 907 0026 0B       		.uleb128 0xb
 908 0027 49       		.uleb128 0x49
 909 0028 13       		.uleb128 0x13
 910 0029 00       		.byte	0
 911 002a 00       		.byte	0
 912 002b 04       		.uleb128 0x4
 913 002c 24       		.uleb128 0x24
 914 002d 00       		.byte	0
 915 002e 0B       		.uleb128 0xb
 916 002f 0B       		.uleb128 0xb
 917 0030 3E       		.uleb128 0x3e
 918 0031 0B       		.uleb128 0xb
 919 0032 03       		.uleb128 0x3
 920 0033 0E       		.uleb128 0xe
 921 0034 00       		.byte	0
 922 0035 00       		.byte	0
 923 0036 05       		.uleb128 0x5
 924 0037 0F       		.uleb128 0xf
 925 0038 00       		.byte	0
 926 0039 0B       		.uleb128 0xb
 927 003a 0B       		.uleb128 0xb
ARM GAS  C:\Users\FIRSTP~1\AppData\Local\Temp\ccvB6tfM.s 			page 24


 928 003b 00       		.byte	0
 929 003c 00       		.byte	0
 930 003d 06       		.uleb128 0x6
 931 003e 16       		.uleb128 0x16
 932 003f 00       		.byte	0
 933 0040 03       		.uleb128 0x3
 934 0041 0E       		.uleb128 0xe
 935 0042 3A       		.uleb128 0x3a
 936 0043 0B       		.uleb128 0xb
 937 0044 3B       		.uleb128 0x3b
 938 0045 05       		.uleb128 0x5
 939 0046 49       		.uleb128 0x49
 940 0047 13       		.uleb128 0x13
 941 0048 00       		.byte	0
 942 0049 00       		.byte	0
 943 004a 07       		.uleb128 0x7
 944 004b 35       		.uleb128 0x35
 945 004c 00       		.byte	0
 946 004d 49       		.uleb128 0x49
 947 004e 13       		.uleb128 0x13
 948 004f 00       		.byte	0
 949 0050 00       		.byte	0
 950 0051 08       		.uleb128 0x8
 951 0052 13       		.uleb128 0x13
 952 0053 01       		.byte	0x1
 953 0054 0B       		.uleb128 0xb
 954 0055 0B       		.uleb128 0xb
 955 0056 3A       		.uleb128 0x3a
 956 0057 0B       		.uleb128 0xb
 957 0058 3B       		.uleb128 0x3b
 958 0059 0B       		.uleb128 0xb
 959 005a 01       		.uleb128 0x1
 960 005b 13       		.uleb128 0x13
 961 005c 00       		.byte	0
 962 005d 00       		.byte	0
 963 005e 09       		.uleb128 0x9
 964 005f 0D       		.uleb128 0xd
 965 0060 00       		.byte	0
 966 0061 03       		.uleb128 0x3
 967 0062 0E       		.uleb128 0xe
 968 0063 3A       		.uleb128 0x3a
 969 0064 0B       		.uleb128 0xb
 970 0065 3B       		.uleb128 0x3b
 971 0066 0B       		.uleb128 0xb
 972 0067 49       		.uleb128 0x49
 973 0068 13       		.uleb128 0x13
 974 0069 38       		.uleb128 0x38
 975 006a 0B       		.uleb128 0xb
 976 006b 00       		.byte	0
 977 006c 00       		.byte	0
 978 006d 0A       		.uleb128 0xa
 979 006e 2E       		.uleb128 0x2e
 980 006f 01       		.byte	0x1
 981 0070 03       		.uleb128 0x3
 982 0071 0E       		.uleb128 0xe
 983 0072 3A       		.uleb128 0x3a
 984 0073 0B       		.uleb128 0xb
ARM GAS  C:\Users\FIRSTP~1\AppData\Local\Temp\ccvB6tfM.s 			page 25


 985 0074 3B       		.uleb128 0x3b
 986 0075 0B       		.uleb128 0xb
 987 0076 27       		.uleb128 0x27
 988 0077 19       		.uleb128 0x19
 989 0078 11       		.uleb128 0x11
 990 0079 01       		.uleb128 0x1
 991 007a 12       		.uleb128 0x12
 992 007b 06       		.uleb128 0x6
 993 007c 40       		.uleb128 0x40
 994 007d 18       		.uleb128 0x18
 995 007e 9742     		.uleb128 0x2117
 996 0080 19       		.uleb128 0x19
 997 0081 01       		.uleb128 0x1
 998 0082 13       		.uleb128 0x13
 999 0083 00       		.byte	0
 1000 0084 00       		.byte	0
 1001 0085 0B       		.uleb128 0xb
 1002 0086 05       		.uleb128 0x5
 1003 0087 00       		.byte	0
 1004 0088 03       		.uleb128 0x3
 1005 0089 0E       		.uleb128 0xe
 1006 008a 3A       		.uleb128 0x3a
 1007 008b 0B       		.uleb128 0xb
 1008 008c 3B       		.uleb128 0x3b
 1009 008d 0B       		.uleb128 0xb
 1010 008e 49       		.uleb128 0x49
 1011 008f 13       		.uleb128 0x13
 1012 0090 02       		.uleb128 0x2
 1013 0091 18       		.uleb128 0x18
 1014 0092 00       		.byte	0
 1015 0093 00       		.byte	0
 1016 0094 0C       		.uleb128 0xc
 1017 0095 34       		.uleb128 0x34
 1018 0096 00       		.byte	0
 1019 0097 03       		.uleb128 0x3
 1020 0098 08       		.uleb128 0x8
 1021 0099 3A       		.uleb128 0x3a
 1022 009a 0B       		.uleb128 0xb
 1023 009b 3B       		.uleb128 0x3b
 1024 009c 0B       		.uleb128 0xb
 1025 009d 49       		.uleb128 0x49
 1026 009e 13       		.uleb128 0x13
 1027 009f 02       		.uleb128 0x2
 1028 00a0 17       		.uleb128 0x17
 1029 00a1 00       		.byte	0
 1030 00a2 00       		.byte	0
 1031 00a3 0D       		.uleb128 0xd
 1032 00a4 0B       		.uleb128 0xb
 1033 00a5 01       		.byte	0x1
 1034 00a6 11       		.uleb128 0x11
 1035 00a7 01       		.uleb128 0x1
 1036 00a8 12       		.uleb128 0x12
 1037 00a9 06       		.uleb128 0x6
 1038 00aa 00       		.byte	0
 1039 00ab 00       		.byte	0
 1040 00ac 0E       		.uleb128 0xe
 1041 00ad 34       		.uleb128 0x34
ARM GAS  C:\Users\FIRSTP~1\AppData\Local\Temp\ccvB6tfM.s 			page 26


 1042 00ae 00       		.byte	0
 1043 00af 03       		.uleb128 0x3
 1044 00b0 0E       		.uleb128 0xe
 1045 00b1 3A       		.uleb128 0x3a
 1046 00b2 0B       		.uleb128 0xb
 1047 00b3 3B       		.uleb128 0x3b
 1048 00b4 0B       		.uleb128 0xb
 1049 00b5 49       		.uleb128 0x49
 1050 00b6 13       		.uleb128 0x13
 1051 00b7 02       		.uleb128 0x2
 1052 00b8 17       		.uleb128 0x17
 1053 00b9 00       		.byte	0
 1054 00ba 00       		.byte	0
 1055 00bb 0F       		.uleb128 0xf
 1056 00bc 0F       		.uleb128 0xf
 1057 00bd 00       		.byte	0
 1058 00be 0B       		.uleb128 0xb
 1059 00bf 0B       		.uleb128 0xb
 1060 00c0 49       		.uleb128 0x49
 1061 00c1 13       		.uleb128 0x13
 1062 00c2 00       		.byte	0
 1063 00c3 00       		.byte	0
 1064 00c4 10       		.uleb128 0x10
 1065 00c5 26       		.uleb128 0x26
 1066 00c6 00       		.byte	0
 1067 00c7 49       		.uleb128 0x49
 1068 00c8 13       		.uleb128 0x13
 1069 00c9 00       		.byte	0
 1070 00ca 00       		.byte	0
 1071 00cb 11       		.uleb128 0x11
 1072 00cc 05       		.uleb128 0x5
 1073 00cd 00       		.byte	0
 1074 00ce 03       		.uleb128 0x3
 1075 00cf 08       		.uleb128 0x8
 1076 00d0 3A       		.uleb128 0x3a
 1077 00d1 0B       		.uleb128 0xb
 1078 00d2 3B       		.uleb128 0x3b
 1079 00d3 0B       		.uleb128 0xb
 1080 00d4 49       		.uleb128 0x49
 1081 00d5 13       		.uleb128 0x13
 1082 00d6 02       		.uleb128 0x2
 1083 00d7 17       		.uleb128 0x17
 1084 00d8 00       		.byte	0
 1085 00d9 00       		.byte	0
 1086 00da 12       		.uleb128 0x12
 1087 00db 898201   		.uleb128 0x4109
 1088 00de 01       		.byte	0x1
 1089 00df 11       		.uleb128 0x11
 1090 00e0 01       		.uleb128 0x1
 1091 00e1 31       		.uleb128 0x31
 1092 00e2 13       		.uleb128 0x13
 1093 00e3 00       		.byte	0
 1094 00e4 00       		.byte	0
 1095 00e5 13       		.uleb128 0x13
 1096 00e6 8A8201   		.uleb128 0x410a
 1097 00e9 00       		.byte	0
 1098 00ea 02       		.uleb128 0x2
ARM GAS  C:\Users\FIRSTP~1\AppData\Local\Temp\ccvB6tfM.s 			page 27


 1099 00eb 18       		.uleb128 0x18
 1100 00ec 9142     		.uleb128 0x2111
 1101 00ee 18       		.uleb128 0x18
 1102 00ef 00       		.byte	0
 1103 00f0 00       		.byte	0
 1104 00f1 14       		.uleb128 0x14
 1105 00f2 898201   		.uleb128 0x4109
 1106 00f5 01       		.byte	0x1
 1107 00f6 11       		.uleb128 0x11
 1108 00f7 01       		.uleb128 0x1
 1109 00f8 31       		.uleb128 0x31
 1110 00f9 13       		.uleb128 0x13
 1111 00fa 01       		.uleb128 0x1
 1112 00fb 13       		.uleb128 0x13
 1113 00fc 00       		.byte	0
 1114 00fd 00       		.byte	0
 1115 00fe 15       		.uleb128 0x15
 1116 00ff 2E       		.uleb128 0x2e
 1117 0100 01       		.byte	0x1
 1118 0101 3F       		.uleb128 0x3f
 1119 0102 19       		.uleb128 0x19
 1120 0103 03       		.uleb128 0x3
 1121 0104 0E       		.uleb128 0xe
 1122 0105 3A       		.uleb128 0x3a
 1123 0106 0B       		.uleb128 0xb
 1124 0107 3B       		.uleb128 0x3b
 1125 0108 05       		.uleb128 0x5
 1126 0109 27       		.uleb128 0x27
 1127 010a 19       		.uleb128 0x19
 1128 010b 11       		.uleb128 0x11
 1129 010c 01       		.uleb128 0x1
 1130 010d 12       		.uleb128 0x12
 1131 010e 06       		.uleb128 0x6
 1132 010f 40       		.uleb128 0x40
 1133 0110 18       		.uleb128 0x18
 1134 0111 9742     		.uleb128 0x2117
 1135 0113 19       		.uleb128 0x19
 1136 0114 01       		.uleb128 0x1
 1137 0115 13       		.uleb128 0x13
 1138 0116 00       		.byte	0
 1139 0117 00       		.byte	0
 1140 0118 16       		.uleb128 0x16
 1141 0119 0B       		.uleb128 0xb
 1142 011a 01       		.byte	0x1
 1143 011b 11       		.uleb128 0x11
 1144 011c 01       		.uleb128 0x1
 1145 011d 12       		.uleb128 0x12
 1146 011e 06       		.uleb128 0x6
 1147 011f 01       		.uleb128 0x1
 1148 0120 13       		.uleb128 0x13
 1149 0121 00       		.byte	0
 1150 0122 00       		.byte	0
 1151 0123 17       		.uleb128 0x17
 1152 0124 34       		.uleb128 0x34
 1153 0125 00       		.byte	0
 1154 0126 03       		.uleb128 0x3
 1155 0127 0E       		.uleb128 0xe
ARM GAS  C:\Users\FIRSTP~1\AppData\Local\Temp\ccvB6tfM.s 			page 28


 1156 0128 3A       		.uleb128 0x3a
 1157 0129 0B       		.uleb128 0xb
 1158 012a 3B       		.uleb128 0x3b
 1159 012b 05       		.uleb128 0x5
 1160 012c 49       		.uleb128 0x49
 1161 012d 13       		.uleb128 0x13
 1162 012e 02       		.uleb128 0x2
 1163 012f 18       		.uleb128 0x18
 1164 0130 00       		.byte	0
 1165 0131 00       		.byte	0
 1166 0132 18       		.uleb128 0x18
 1167 0133 13       		.uleb128 0x13
 1168 0134 01       		.byte	0x1
 1169 0135 0B       		.uleb128 0xb
 1170 0136 0B       		.uleb128 0xb
 1171 0137 3A       		.uleb128 0x3a
 1172 0138 0B       		.uleb128 0xb
 1173 0139 3B       		.uleb128 0x3b
 1174 013a 05       		.uleb128 0x5
 1175 013b 01       		.uleb128 0x1
 1176 013c 13       		.uleb128 0x13
 1177 013d 00       		.byte	0
 1178 013e 00       		.byte	0
 1179 013f 19       		.uleb128 0x19
 1180 0140 0D       		.uleb128 0xd
 1181 0141 00       		.byte	0
 1182 0142 03       		.uleb128 0x3
 1183 0143 0E       		.uleb128 0xe
 1184 0144 3A       		.uleb128 0x3a
 1185 0145 0B       		.uleb128 0xb
 1186 0146 3B       		.uleb128 0x3b
 1187 0147 05       		.uleb128 0x5
 1188 0148 49       		.uleb128 0x49
 1189 0149 13       		.uleb128 0x13
 1190 014a 38       		.uleb128 0x38
 1191 014b 0B       		.uleb128 0xb
 1192 014c 00       		.byte	0
 1193 014d 00       		.byte	0
 1194 014e 1A       		.uleb128 0x1a
 1195 014f 01       		.uleb128 0x1
 1196 0150 01       		.byte	0x1
 1197 0151 49       		.uleb128 0x49
 1198 0152 13       		.uleb128 0x13
 1199 0153 01       		.uleb128 0x1
 1200 0154 13       		.uleb128 0x13
 1201 0155 00       		.byte	0
 1202 0156 00       		.byte	0
 1203 0157 1B       		.uleb128 0x1b
 1204 0158 21       		.uleb128 0x21
 1205 0159 00       		.byte	0
 1206 015a 49       		.uleb128 0x49
 1207 015b 13       		.uleb128 0x13
 1208 015c 2F       		.uleb128 0x2f
 1209 015d 0B       		.uleb128 0xb
 1210 015e 00       		.byte	0
 1211 015f 00       		.byte	0
 1212 0160 1C       		.uleb128 0x1c
ARM GAS  C:\Users\FIRSTP~1\AppData\Local\Temp\ccvB6tfM.s 			page 29


 1213 0161 34       		.uleb128 0x34
 1214 0162 00       		.byte	0
 1215 0163 03       		.uleb128 0x3
 1216 0164 08       		.uleb128 0x8
 1217 0165 3A       		.uleb128 0x3a
 1218 0166 0B       		.uleb128 0xb
 1219 0167 3B       		.uleb128 0x3b
 1220 0168 05       		.uleb128 0x5
 1221 0169 49       		.uleb128 0x49
 1222 016a 13       		.uleb128 0x13
 1223 016b 02       		.uleb128 0x2
 1224 016c 17       		.uleb128 0x17
 1225 016d 00       		.byte	0
 1226 016e 00       		.byte	0
 1227 016f 1D       		.uleb128 0x1d
 1228 0170 898201   		.uleb128 0x4109
 1229 0173 00       		.byte	0
 1230 0174 11       		.uleb128 0x11
 1231 0175 01       		.uleb128 0x1
 1232 0176 31       		.uleb128 0x31
 1233 0177 13       		.uleb128 0x13
 1234 0178 00       		.byte	0
 1235 0179 00       		.byte	0
 1236 017a 1E       		.uleb128 0x1e
 1237 017b 2E       		.uleb128 0x2e
 1238 017c 00       		.byte	0
 1239 017d 3F       		.uleb128 0x3f
 1240 017e 19       		.uleb128 0x19
 1241 017f 3C       		.uleb128 0x3c
 1242 0180 19       		.uleb128 0x19
 1243 0181 6E       		.uleb128 0x6e
 1244 0182 0E       		.uleb128 0xe
 1245 0183 03       		.uleb128 0x3
 1246 0184 0E       		.uleb128 0xe
 1247 0185 00       		.byte	0
 1248 0186 00       		.byte	0
 1249 0187 1F       		.uleb128 0x1f
 1250 0188 2E       		.uleb128 0x2e
 1251 0189 00       		.byte	0
 1252 018a 3F       		.uleb128 0x3f
 1253 018b 19       		.uleb128 0x19
 1254 018c 3C       		.uleb128 0x3c
 1255 018d 19       		.uleb128 0x19
 1256 018e 6E       		.uleb128 0x6e
 1257 018f 0E       		.uleb128 0xe
 1258 0190 03       		.uleb128 0x3
 1259 0191 0E       		.uleb128 0xe
 1260 0192 3A       		.uleb128 0x3a
 1261 0193 0B       		.uleb128 0xb
 1262 0194 3B       		.uleb128 0x3b
 1263 0195 0B       		.uleb128 0xb
 1264 0196 00       		.byte	0
 1265 0197 00       		.byte	0
 1266 0198 00       		.byte	0
 1267              		.section	.debug_loc,"",%progbits
 1268              	.Ldebug_loc0:
 1269              	.LLST0:
ARM GAS  C:\Users\FIRSTP~1\AppData\Local\Temp\ccvB6tfM.s 			page 30


 1270 0000 02000000 		.4byte	.LVL1
 1271 0004 08000000 		.4byte	.LVL2
 1272 0008 0200     		.2byte	0x2
 1273 000a 30       		.byte	0x30
 1274 000b 9F       		.byte	0x9f
 1275 000c 08000000 		.4byte	.LVL2
 1276 0010 30000000 		.4byte	.LVL11
 1277 0014 0100     		.2byte	0x1
 1278 0016 57       		.byte	0x57
 1279 0017 00000000 		.4byte	0
 1280 001b 00000000 		.4byte	0
 1281              	.LLST1:
 1282 001f 02000000 		.4byte	.LVL1
 1283 0023 08000000 		.4byte	.LVL2
 1284 0027 0200     		.2byte	0x2
 1285 0029 30       		.byte	0x30
 1286 002a 9F       		.byte	0x9f
 1287 002b 08000000 		.4byte	.LVL2
 1288 002f 30000000 		.4byte	.LVL10
 1289 0033 0100     		.2byte	0x1
 1290 0035 55       		.byte	0x55
 1291 0036 00000000 		.4byte	0
 1292 003a 00000000 		.4byte	0
 1293              	.LLST2:
 1294 003e 0C000000 		.4byte	.LVL3
 1295 0042 2C000000 		.4byte	.LVL9
 1296 0046 0100     		.2byte	0x1
 1297 0048 56       		.byte	0x56
 1298 0049 00000000 		.4byte	0
 1299 004d 00000000 		.4byte	0
 1300              	.LLST3:
 1301 0051 0E000000 		.4byte	.LVL4
 1302 0055 24000000 		.4byte	.LVL7
 1303 0059 0100     		.2byte	0x1
 1304 005b 53       		.byte	0x53
 1305 005c 26000000 		.4byte	.LVL8
 1306 0060 2C000000 		.4byte	.LVL9
 1307 0064 0100     		.2byte	0x1
 1308 0066 53       		.byte	0x53
 1309 0067 00000000 		.4byte	0
 1310 006b 00000000 		.4byte	0
 1311              	.LLST4:
 1312 006f 00000000 		.4byte	.LVL12
 1313 0073 09000000 		.4byte	.LVL14-1
 1314 0077 0100     		.2byte	0x1
 1315 0079 50       		.byte	0x50
 1316 007a 09000000 		.4byte	.LVL14-1
 1317 007e 0C000000 		.4byte	.LFE0
 1318 0082 0400     		.2byte	0x4
 1319 0084 F3       		.byte	0xf3
 1320 0085 01       		.uleb128 0x1
 1321 0086 50       		.byte	0x50
 1322 0087 9F       		.byte	0x9f
 1323 0088 00000000 		.4byte	0
 1324 008c 00000000 		.4byte	0
 1325              	.LLST5:
 1326 0090 00000000 		.4byte	.LVL12
ARM GAS  C:\Users\FIRSTP~1\AppData\Local\Temp\ccvB6tfM.s 			page 31


 1327 0094 06000000 		.4byte	.LVL13
 1328 0098 0100     		.2byte	0x1
 1329 009a 51       		.byte	0x51
 1330 009b 06000000 		.4byte	.LVL13
 1331 009f 09000000 		.4byte	.LVL14-1
 1332 00a3 0100     		.2byte	0x1
 1333 00a5 52       		.byte	0x52
 1334 00a6 09000000 		.4byte	.LVL14-1
 1335 00aa 0C000000 		.4byte	.LFE0
 1336 00ae 0400     		.2byte	0x4
 1337 00b0 F3       		.byte	0xf3
 1338 00b1 01       		.uleb128 0x1
 1339 00b2 51       		.byte	0x51
 1340 00b3 9F       		.byte	0x9f
 1341 00b4 00000000 		.4byte	0
 1342 00b8 00000000 		.4byte	0
 1343              	.LLST6:
 1344 00bc AC000000 		.4byte	.LVL18
 1345 00c0 B0000000 		.4byte	.LVL19
 1346 00c4 0200     		.2byte	0x2
 1347 00c6 30       		.byte	0x30
 1348 00c7 9F       		.byte	0x9f
 1349 00c8 B0000000 		.4byte	.LVL19
 1350 00cc CE000000 		.4byte	.LVL21
 1351 00d0 0100     		.2byte	0x1
 1352 00d2 54       		.byte	0x54
 1353 00d3 D0000000 		.4byte	.LVL22
 1354 00d7 42010000 		.4byte	.LVL25
 1355 00db 0100     		.2byte	0x1
 1356 00dd 54       		.byte	0x54
 1357 00de 00000000 		.4byte	0
 1358 00e2 00000000 		.4byte	0
 1359              	.LLST7:
 1360 00e6 B0000000 		.4byte	.LVL19
 1361 00ea CE000000 		.4byte	.LVL21
 1362 00ee 0B00     		.2byte	0xb
 1363 00f0 74       		.byte	0x74
 1364 00f1 00       		.sleb128 0
 1365 00f2 36       		.byte	0x36
 1366 00f3 1E       		.byte	0x1e
 1367 00f4 03       		.byte	0x3
 1368 00f5 00000000 		.4byte	cfg_memset_list.4870
 1369 00f9 22       		.byte	0x22
 1370 00fa 9F       		.byte	0x9f
 1371 00fb CE000000 		.4byte	.LVL21
 1372 00ff D0000000 		.4byte	.LVL22
 1373 0103 0B00     		.2byte	0xb
 1374 0105 74       		.byte	0x74
 1375 0106 7F       		.sleb128 -1
 1376 0107 36       		.byte	0x36
 1377 0108 1E       		.byte	0x1e
 1378 0109 03       		.byte	0x3
 1379 010a 00000000 		.4byte	cfg_memset_list.4870
 1380 010e 22       		.byte	0x22
 1381 010f 9F       		.byte	0x9f
 1382 0110 00000000 		.4byte	0
 1383 0114 00000000 		.4byte	0
ARM GAS  C:\Users\FIRSTP~1\AppData\Local\Temp\ccvB6tfM.s 			page 32


 1384              		.section	.debug_aranges,"",%progbits
 1385 0000 34000000 		.4byte	0x34
 1386 0004 0200     		.2byte	0x2
 1387 0006 00000000 		.4byte	.Ldebug_info0
 1388 000a 04       		.byte	0x4
 1389 000b 00       		.byte	0
 1390 000c 0000     		.2byte	0
 1391 000e 0000     		.2byte	0
 1392 0010 00000000 		.4byte	.LFB3
 1393 0014 32000000 		.4byte	.LFE3-.LFB3
 1394 0018 00000000 		.4byte	.LFB0
 1395 001c 0C000000 		.4byte	.LFE0-.LFB0
 1396 0020 00000000 		.4byte	.LFB4
 1397 0024 A8000000 		.4byte	.LFE4-.LFB4
 1398 0028 A8000000 		.4byte	.LFB6
 1399 002c DC000000 		.4byte	.LFE6-.LFB6
 1400 0030 00000000 		.4byte	0
 1401 0034 00000000 		.4byte	0
 1402              		.section	.debug_ranges,"",%progbits
 1403              	.Ldebug_ranges0:
 1404 0000 00000000 		.4byte	.LFB3
 1405 0004 32000000 		.4byte	.LFE3
 1406 0008 00000000 		.4byte	.LFB0
 1407 000c 0C000000 		.4byte	.LFE0
 1408 0010 00000000 		.4byte	.LFB4
 1409 0014 A8000000 		.4byte	.LFE4
 1410 0018 A8000000 		.4byte	.LFB6
 1411 001c 84010000 		.4byte	.LFE6
 1412 0020 00000000 		.4byte	0
 1413 0024 00000000 		.4byte	0
 1414              		.section	.debug_line,"",%progbits
 1415              	.Ldebug_line0:
 1416 0000 62010000 		.section	.debug_str,"MS",%progbits,1
 1416      0200D600 
 1416      00000201 
 1416      FB0E0D00 
 1416      01010101 
 1417              	.LASF19:
 1418 0000 72656733 		.ascii	"reg32\000"
 1418      3200
 1419              	.LASF12:
 1420 0006 73697A65 		.ascii	"size_t\000"
 1420      5F7400
 1421              	.LASF37:
 1422 000d 4379496E 		.ascii	"CyIntSetVector\000"
 1422      74536574 
 1422      56656374 
 1422      6F7200
 1423              	.LASF21:
 1424 001c 76616C75 		.ascii	"value\000"
 1424      6500
 1425              	.LASF26:
 1426 0022 636F756E 		.ascii	"count\000"
 1426      7400
 1427              	.LASF29:
 1428 0028 436C6F63 		.ascii	"ClockSetup\000"
 1428      6B536574 
ARM GAS  C:\Users\FIRSTP~1\AppData\Local\Temp\ccvB6tfM.s 			page 33


 1428      757000
 1429              	.LASF30:
 1430 0033 63795F63 		.ascii	"cy_cfg_addr_table\000"
 1430      66675F61 
 1430      6464725F 
 1430      7461626C 
 1430      6500
 1431              	.LASF31:
 1432 0045 63795F63 		.ascii	"cy_cfg_data_table\000"
 1432      66675F64 
 1432      6174615F 
 1432      7461626C 
 1432      6500
 1433              	.LASF22:
 1434 0057 63795F63 		.ascii	"cy_cfg_addrvalue_t\000"
 1434      66675F61 
 1434      64647276 
 1434      616C7565 
 1434      5F7400
 1435              	.LASF16:
 1436 006a 666C6F61 		.ascii	"float\000"
 1436      7400
 1437              	.LASF35:
 1438 0070 6366675F 		.ascii	"cfg_memset_list\000"
 1438      6D656D73 
 1438      65745F6C 
 1438      69737400 
 1439              	.LASF33:
 1440 0080 73697A65 		.ascii	"size\000"
 1440      00
 1441              	.LASF18:
 1442 0085 72656738 		.ascii	"reg8\000"
 1442      00
 1443              	.LASF8:
 1444 008a 6C6F6E67 		.ascii	"long unsigned int\000"
 1444      20756E73 
 1444      69676E65 
 1444      6420696E 
 1444      7400
 1445              	.LASF13:
 1446 009c 75696E74 		.ascii	"uint8\000"
 1446      3800
 1447              	.LASF28:
 1448 00a2 43594D45 		.ascii	"CYMEMZERO\000"
 1448      4D5A4552 
 1448      4F00
 1449              	.LASF4:
 1450 00ac 756E7369 		.ascii	"unsigned char\000"
 1450      676E6564 
 1450      20636861 
 1450      7200
 1451              	.LASF43:
 1452 00ba 6D656D73 		.ascii	"memset\000"
 1452      657400
 1453              	.LASF17:
 1454 00c1 646F7562 		.ascii	"double\000"
 1454      6C6500
ARM GAS  C:\Users\FIRSTP~1\AppData\Local\Temp\ccvB6tfM.s 			page 34


 1455              	.LASF27:
 1456 00c8 6366675F 		.ascii	"cfg_write_bytes32\000"
 1456      77726974 
 1456      655F6279 
 1456      74657333 
 1456      3200
 1457              	.LASF38:
 1458 00da 4379496E 		.ascii	"CyIntEnable\000"
 1458      74456E61 
 1458      626C6500 
 1459              	.LASF23:
 1460 00e6 61646472 		.ascii	"addr_table\000"
 1460      5F746162 
 1460      6C6500
 1461              	.LASF14:
 1462 00f1 75696E74 		.ascii	"uint16\000"
 1462      313600
 1463              	.LASF24:
 1464 00f8 64617461 		.ascii	"data_table\000"
 1464      5F746162 
 1464      6C6500
 1465              	.LASF15:
 1466 0103 75696E74 		.ascii	"uint32\000"
 1466      333200
 1467              	.LASF0:
 1468 010a 756E7369 		.ascii	"unsigned int\000"
 1468      676E6564 
 1468      20696E74 
 1468      00
 1469              	.LASF42:
 1470 0117 63796669 		.ascii	"cyfitter_cfg\000"
 1470      74746572 
 1470      5F636667 
 1470      00
 1471              	.LASF32:
 1472 0124 61646472 		.ascii	"address\000"
 1472      65737300 
 1473              	.LASF9:
 1474 012c 6C6F6E67 		.ascii	"long long unsigned int\000"
 1474      206C6F6E 
 1474      6720756E 
 1474      7369676E 
 1474      65642069 
 1475              	.LASF39:
 1476 0143 474E5520 		.ascii	"GNU C11 5.4.1 20160609 (release) [ARM/embedded-5-br"
 1476      43313120 
 1476      352E342E 
 1476      31203230 
 1476      31363036 
 1477 0176 616E6368 		.ascii	"anch revision 237715] -mcpu=cortex-m0 -mthumb -g -O"
 1477      20726576 
 1477      6973696F 
 1477      6E203233 
 1477      37373135 
 1478 01a9 67202D66 		.ascii	"g -ffunction-sections -ffat-lto-objects\000"
 1478      66756E63 
 1478      74696F6E 
ARM GAS  C:\Users\FIRSTP~1\AppData\Local\Temp\ccvB6tfM.s 			page 35


 1478      2D736563 
 1478      74696F6E 
 1479              	.LASF34:
 1480 01d1 6366675F 		.ascii	"cfg_memset_t\000"
 1480      6D656D73 
 1480      65745F74 
 1480      00
 1481              	.LASF25:
 1482 01de 62617365 		.ascii	"baseAddr\000"
 1482      41646472 
 1482      00
 1483              	.LASF10:
 1484 01e7 73697A65 		.ascii	"sizetype\000"
 1484      74797065 
 1484      00
 1485              	.LASF6:
 1486 01f0 73686F72 		.ascii	"short unsigned int\000"
 1486      7420756E 
 1486      7369676E 
 1486      65642069 
 1486      6E7400
 1487              	.LASF1:
 1488 0203 6C6F6E67 		.ascii	"long long int\000"
 1488      206C6F6E 
 1488      6720696E 
 1488      7400
 1489              	.LASF11:
 1490 0211 63686172 		.ascii	"char\000"
 1490      00
 1491              	.LASF41:
 1492 0216 433A5C55 		.ascii	"C:\\Users\\first processor\\Desktop\\UltraRangeSens"
 1492      73657273 
 1492      5C666972 
 1492      73742070 
 1492      726F6365 
 1493 0245 6F722E63 		.ascii	"or.cydsn\\POZ.cydsn\000"
 1493      7964736E 
 1493      5C504F5A 
 1493      2E637964 
 1493      736E00
 1494              	.LASF20:
 1495 0258 6F666673 		.ascii	"offset\000"
 1495      657400
 1496              	.LASF5:
 1497 025f 73686F72 		.ascii	"short int\000"
 1497      7420696E 
 1497      7400
 1498              	.LASF36:
 1499 0269 43795379 		.ascii	"CySysClkWriteImoFreq\000"
 1499      73436C6B 
 1499      57726974 
 1499      65496D6F 
 1499      46726571 
 1500              	.LASF7:
 1501 027e 6C6F6E67 		.ascii	"long int\000"
 1501      20696E74 
 1501      00
ARM GAS  C:\Users\FIRSTP~1\AppData\Local\Temp\ccvB6tfM.s 			page 36


 1502              	.LASF2:
 1503 0287 6C6F6E67 		.ascii	"long double\000"
 1503      20646F75 
 1503      626C6500 
 1504              	.LASF3:
 1505 0293 7369676E 		.ascii	"signed char\000"
 1505      65642063 
 1505      68617200 
 1506              	.LASF40:
 1507 029f 47656E65 		.ascii	"Generated_Source\\PSoC4\\cyfitter_cfg.c\000"
 1507      72617465 
 1507      645F536F 
 1507      75726365 
 1507      5C50536F 
 1508              		.ident	"GCC: (GNU Tools for ARM Embedded Processors) 5.4.1 20160609 (release) [ARM/embedded-5-bran
