Archive member included to satisfy reference by file (symbol)

.\CortexM0\ARM_GCC_541\Debug\RFID_Reader_PSOC.a(SPI.o)
                              .\CortexM0\ARM_GCC_541\Debug\RC522.o (SPI_ReadTxStatus)
.\CortexM0\ARM_GCC_541\Debug\RFID_Reader_PSOC.a(SPI_IntClock.o)
                              .\CortexM0\ARM_GCC_541\Debug\RFID_Reader_PSOC.a(SPI.o) (SPI_IntClock_Start)
.\CortexM0\ARM_GCC_541\Debug\RFID_Reader_PSOC.a(CyLib.o)
                              .\CortexM0\ARM_GCC_541\Debug\cyfitter_cfg.o (CyIntEnable)
.\CortexM0\ARM_GCC_541\Debug\RFID_Reader_PSOC.a(CyLFClk.o)
                              .\CortexM0\ARM_GCC_541\Debug\cyfitter_cfg.o (CySysWdtIsr)
.\CortexM0\ARM_GCC_541\Debug\RFID_Reader_PSOC.a(RESET.o)
                              .\CortexM0\ARM_GCC_541\Debug\RC522.o (RESET_Write)
.\CortexM0\ARM_GCC_541\Debug\RFID_Reader_PSOC.a(I2C.o)
                              .\CortexM0\ARM_GCC_541\Debug\main.o (I2C_Start)
.\CortexM0\ARM_GCC_541\Debug\RFID_Reader_PSOC.a(I2C_I2C.o)
                              .\CortexM0\ARM_GCC_541\Debug\RFID_Reader_PSOC.a(I2C.o) (I2C_I2CInit)
.\CortexM0\ARM_GCC_541\Debug\RFID_Reader_PSOC.a(I2C_I2C_MASTER.o)
                              .\CortexM0\ARM_GCC_541\Debug\LiquidCrystal_I2C.o (I2C_I2CMasterSendStart)
.\CortexM0\ARM_GCC_541\Debug\RFID_Reader_PSOC.a(I2C_sda.o)
                              .\CortexM0\ARM_GCC_541\Debug\RFID_Reader_PSOC.a(I2C_I2C_MASTER.o) (I2C_sda_Read)
.\CortexM0\ARM_GCC_541\Debug\RFID_Reader_PSOC.a(I2C_scl.o)
                              .\CortexM0\ARM_GCC_541\Debug\RFID_Reader_PSOC.a(I2C_I2C_MASTER.o) (I2C_scl_Write)
.\CortexM0\ARM_GCC_541\Debug\RFID_Reader_PSOC.a(PWM_1.o)
                              .\CortexM0\ARM_GCC_541\Debug\main.o (PWM_1_Stop)
.\CortexM0\ARM_GCC_541\Debug\RFID_Reader_PSOC.a(PWM_2.o)
                              .\CortexM0\ARM_GCC_541\Debug\main.o (PWM_2_Stop)
.\CortexM0\ARM_GCC_541\Debug\RFID_Reader_PSOC.a(CyBootAsmGnu.o)
                              .\CortexM0\ARM_GCC_541\Debug\RFID_Reader_PSOC.a(CyLib.o) (CyDelayCycles)
.\CortexM0\ARM_GCC_541\Debug\RFID_Reader_PSOC.a(I2C_I2C_INT.o)
                              .\CortexM0\ARM_GCC_541\Debug\RFID_Reader_PSOC.a(I2C_I2C.o) (I2C_I2C_ISR)
c:/program files (x86)/cypress/psoc creator/4.2/psoc creator/import/gnu/arm/5.4.1/bin/../lib/gcc/arm-none-eabi/5.4.1/armv6-m\libgcc.a(_udivsi3.o)
                              .\CortexM0\ARM_GCC_541\Debug\RFID_Reader_PSOC.a(CyLib.o) (__aeabi_uidiv)
c:/program files (x86)/cypress/psoc creator/4.2/psoc creator/import/gnu/arm/5.4.1/bin/../lib/gcc/arm-none-eabi/5.4.1/armv6-m\libgcc.a(_dvmd_tls.o)
                              c:/program files (x86)/cypress/psoc creator/4.2/psoc creator/import/gnu/arm/5.4.1/bin/../lib/gcc/arm-none-eabi/5.4.1/armv6-m\libgcc.a(_udivsi3.o) (__aeabi_idiv0)
c:/program files (x86)/cypress/psoc creator/4.2/psoc creator/import/gnu/arm/5.4.1/bin/../lib/gcc/arm-none-eabi/5.4.1/../../../../arm-none-eabi/lib/armv6-m\libg_nano.a(lib_a-errno.o)
                              .\CortexM0\ARM_GCC_541\Debug\Cm0Start.o (__errno)
c:/program files (x86)/cypress/psoc creator/4.2/psoc creator/import/gnu/arm/5.4.1/bin/../lib/gcc/arm-none-eabi/5.4.1/../../../../arm-none-eabi/lib/armv6-m\libg_nano.a(lib_a-exit.o)
                              c:/program files (x86)/cypress/psoc creator/4.2/psoc creator/import/gnu/arm/5.4.1/bin/../lib/gcc/arm-none-eabi/5.4.1/../../../../arm-none-eabi/lib/armv6-m/crt0.o (exit)
c:/program files (x86)/cypress/psoc creator/4.2/psoc creator/import/gnu/arm/5.4.1/bin/../lib/gcc/arm-none-eabi/5.4.1/../../../../arm-none-eabi/lib/armv6-m\libg_nano.a(lib_a-impure.o)
                              c:/program files (x86)/cypress/psoc creator/4.2/psoc creator/import/gnu/arm/5.4.1/bin/../lib/gcc/arm-none-eabi/5.4.1/../../../../arm-none-eabi/lib/armv6-m\libg_nano.a(lib_a-exit.o) (_global_impure_ptr)
c:/program files (x86)/cypress/psoc creator/4.2/psoc creator/import/gnu/arm/5.4.1/bin/../lib/gcc/arm-none-eabi/5.4.1/../../../../arm-none-eabi/lib/armv6-m\libg_nano.a(lib_a-init.o)
                              c:/program files (x86)/cypress/psoc creator/4.2/psoc creator/import/gnu/arm/5.4.1/bin/../lib/gcc/arm-none-eabi/5.4.1/../../../../arm-none-eabi/lib/armv6-m/crt0.o (__libc_init_array)
c:/program files (x86)/cypress/psoc creator/4.2/psoc creator/import/gnu/arm/5.4.1/bin/../lib/gcc/arm-none-eabi/5.4.1/../../../../arm-none-eabi/lib/armv6-m\libg_nano.a(lib_a-memcpy-stub.o)
                              .\CortexM0\ARM_GCC_541\Debug\RC522.o (memcpy)
c:/program files (x86)/cypress/psoc creator/4.2/psoc creator/import/gnu/arm/5.4.1/bin/../lib/gcc/arm-none-eabi/5.4.1/../../../../arm-none-eabi/lib/armv6-m\libg_nano.a(lib_a-memset.o)
                              c:/program files (x86)/cypress/psoc creator/4.2/psoc creator/import/gnu/arm/5.4.1/bin/../lib/gcc/arm-none-eabi/5.4.1/../../../../arm-none-eabi/lib/armv6-m/crt0.o (memset)
[...]
Memory Configuration

Name             Origin             Length             Attributes
rom              0x00000000         0x00008000         xr
ram              0x20000000         0x00001000         xrw
*default*        0x00000000         0xffffffff

Linker script and memory map

LOAD c:/program files (x86)/cypress/psoc creator/4.2/psoc creator/import/gnu/arm/5.4.1/bin/../lib/gcc/arm-none-eabi/5.4.1/armv6-m/crti.o
LOAD c:/program files (x86)/cypress/psoc creator/4.2/psoc creator/import/gnu/arm/5.4.1/bin/../lib/gcc/arm-none-eabi/5.4.1/armv6-m/crtbegin.o
LOAD c:/program files (x86)/cypress/psoc creator/4.2/psoc creator/import/gnu/arm/5.4.1/bin/../lib/gcc/arm-none-eabi/5.4.1/../../../../arm-none-eabi/lib/armv6-m/crt0.o
START GROUP
LOAD .\CortexM0\ARM_GCC_541\Debug\main.o
LOAD .\CortexM0\ARM_GCC_541\Debug\RC522.o
LOAD .\CortexM0\ARM_GCC_541\Debug\LiquidCrystal_I2C.o
LOAD .\CortexM0\ARM_GCC_541\Debug\cyfitter_cfg.o
LOAD .\CortexM0\ARM_GCC_541\Debug\cymetadata.o
LOAD .\CortexM0\ARM_GCC_541\Debug\Cm0Start.o
LOAD .\CortexM0\ARM_GCC_541\Debug\RFID_Reader_PSOC.a
END GROUP
START GROUP
LOAD c:/program files (x86)/cypress/psoc creator/4.2/psoc creator/import/gnu/arm/5.4.1/bin/../lib/gcc/arm-none-eabi/5.4.1/armv6-m\libgcc.a
LOAD c:/program files (x86)/cypress/psoc creator/4.2/psoc creator/import/gnu/arm/5.4.1/bin/../lib/gcc/arm-none-eabi/5.4.1/../../../../arm-none-eabi/lib/armv6-m\libg_nano.a
LOAD c:/program files (x86)/cypress/psoc creator/4.2/psoc creator/import/gnu/arm/5.4.1/bin/../lib/gcc/arm-none-eabi/5.4.1/../../../../arm-none-eabi/lib/armv6-m\libc_nano.a
END GROUP
START GROUP
LOAD c:/program files (x86)/cypress/psoc creator/4.2/psoc creator/import/gnu/arm/5.4.1/bin/../lib/gcc/arm-none-eabi/5.4.1/armv6-m\libgcc.a
LOAD c:/program files (x86)/cypress/psoc creator/4.2/psoc creator/import/gnu/arm/5.4.1/bin/../lib/gcc/arm-none-eabi/5.4.1/../../../../arm-none-eabi/lib/armv6-m\libc_nano.a
END GROUP
LOAD c:/program files (x86)/cypress/psoc creator/4.2/psoc creator/import/gnu/arm/5.4.1/bin/../lib/gcc/arm-none-eabi/5.4.1/armv6-m/crtend.o
LOAD c:/program files (x86)/cypress/psoc creator/4.2/psoc creator/import/gnu/arm/5.4.1/bin/../lib/gcc/arm-none-eabi/5.4.1/armv6-m/crtn.o
START GROUP
LOAD c:/program files (x86)/cypress/psoc creator/4.2/psoc creator/import/gnu/arm/5.4.1/bin/../lib/gcc/arm-none-eabi/5.4.1/armv6-m\libgcc.a
LOAD c:/program files (x86)/cypress/psoc creator/4.2/psoc creator/import/gnu/arm/5.4.1/bin/../lib/gcc/arm-none-eabi/5.4.1/../../../../arm-none-eabi/lib/armv6-m\libc.a
LOAD c:/program files (x86)/cypress/psoc creator/4.2/psoc creator/import/gnu/arm/5.4.1/bin/../lib/gcc/arm-none-eabi/5.4.1/../../../../arm-none-eabi/lib/armv6-m\libnosys.a
END GROUP
                0x00000000                CY_APPL_ORIGIN = 0x0
                0x00000080                CY_FLASH_ROW_SIZE = 0x80
                0x00000001                CY_APPL_NUM = 0x1
                0x00000001                CY_APPL_MAX = 0x1
                0x00000040                CY_METADATA_SIZE = 0x40
                0x00000000                CY_APPL_LOADABLE = 0x0
                0x00000000                CY_CHECKSUM_EXCLUDE_SIZE = ALIGN (0x0, CY_FLASH_ROW_SIZE)
                0x00000000                CY_APP_FOR_STACK_AND_COPIER = 0x0
                [!provide]                PROVIDE (__cy_heap_start, _end)
                0x00000001                PROVIDE (__cy_region_num, ((__cy_regions_end - __cy_regions) / 0x10))
                0x20001000                PROVIDE (__cy_stack, (ORIGIN (ram) + LENGTH (ram)))
                [!provide]                PROVIDE (__cy_heap_end, (__cy_stack - 0x400))

.cybootloader   0x00000000        0x0
 *(.cybootloader)
                0x00000000                appl1_start = CY_APPL_ORIGIN?CY_APPL_ORIGIN:ALIGN (CY_FLASH_ROW_SIZE)
                0x00003f80                appl2_start = (appl1_start + ALIGN ((((LENGTH (rom) - appl1_start) - (0x2 * CY_FLASH_ROW_SIZE)) / 0x2), CY_FLASH_ROW_SIZE))
                0x00000000                appl_start = (CY_APPL_NUM == 0x1)?appl1_start:appl2_start
                0x00000001                cy_project_type_bootloader = (appl_start == 0x0)?0x1:0x0
                0x00000000                cy_project_type_app_for_stack_and_copier = (CY_APP_FOR_STACK_AND_COPIER == 0x1)?0x1:0x0

.text           0x00000000     0x17e8
 CREATE_OBJECT_SYMBOLS
                0x00000000                PROVIDE (__cy_interrupt_vector, RomVectors)
 *(.romvectors)
 .romvectors    0x00000000       0x10 .\CortexM0\ARM_GCC_541\Debug\Cm0Start.o
                0x00000000                RomVectors
                0x00000001                ASSERT ((. != __cy_interrupt_vector), No interrupt vector)
                0x00000001                ASSERT (CY_APPL_ORIGIN?(SIZEOF (.cybootloader) <= CY_APPL_ORIGIN):0x1, Wrong image location)
                0x00000010                PROVIDE (__cy_reset, Reset)
 *(.text.Reset)
 .text.Reset    0x00000010        0x8 .\CortexM0\ARM_GCC_541\Debug\Cm0Start.o
                0x00000010                Reset
                0x00000001                ASSERT ((. != __cy_reset), No reset code)
 *(.psocinit)
 .psocinit      0x00000018      0x248 .\CortexM0\ARM_GCC_541\Debug\cyfitter_cfg.o
                0x000000d8                cyfitter_cfg
                0x00000260                . = MAX (., 0x100)
 *(.text .text.* .gnu.linkonce.t.*)
 .text          0x00000260       0x60 c:/program files (x86)/cypress/psoc creator/4.2/psoc creator/import/gnu/arm/5.4.1/bin/../lib/gcc/arm-none-eabi/5.4.1/armv6-m/crtbegin.o
 .text.Beep     0x000002c0       0x14 .\CortexM0\ARM_GCC_541\Debug\main.o
                0x000002c0                Beep
 .text.GreenLed
                0x000002d4       0x14 .\CortexM0\ARM_GCC_541\Debug\main.o
                0x000002d4                GreenLed
 .text.GreenLedBlink
                0x000002e8       0x34 .\CortexM0\ARM_GCC_541\Debug\main.o
                0x000002e8                GreenLedBlink
 .text.main     0x0000031c      0x194 .\CortexM0\ARM_GCC_541\Debug\main.o
                0x0000031c                main
 .text.PCD_WriteRegister
                0x000004b0       0x38 .\CortexM0\ARM_GCC_541\Debug\RC522.o
                0x000004b0                PCD_WriteRegister
 .text.PCD_ReadRegister
                0x000004e8       0x3c .\CortexM0\ARM_GCC_541\Debug\RC522.o
                0x000004e8                PCD_ReadRegister
 .text.PCD_SetRegisterBitMask
                0x00000524       0x18 .\CortexM0\ARM_GCC_541\Debug\RC522.o
                0x00000524                PCD_SetRegisterBitMask
 .text.PCD_ClearRegisterBitMask
                0x0000053c       0x18 .\CortexM0\ARM_GCC_541\Debug\RC522.o
                0x0000053c                PCD_ClearRegisterBitMask
 .text.PCD_Reset
                0x00000554       0x28 .\CortexM0\ARM_GCC_541\Debug\RC522.o
                0x00000554                PCD_Reset
 .text.PCD_AntennaOn
                0x0000057c       0x18 .\CortexM0\ARM_GCC_541\Debug\RC522.o
                0x0000057c                PCD_AntennaOn
 .text.PCD_Init
                0x00000594       0x74 .\CortexM0\ARM_GCC_541\Debug\RC522.o
                0x00000594                PCD_Init
 .text.PCD_AntennaOff
                0x00000608        0xc .\CortexM0\ARM_GCC_541\Debug\RC522.o
                0x00000608                PCD_AntennaOff
 .text.LiquidCrystal_I2C_init
                0x00000614       0x30 .\CortexM0\ARM_GCC_541\Debug\LiquidCrystal_I2C.o
                0x00000614                LiquidCrystal_I2C_init
 .text.I2C_M_write_byte
                0x00000644       0x1c .\CortexM0\ARM_GCC_541\Debug\LiquidCrystal_I2C.o
                0x00000644                I2C_M_write_byte
 .text.expanderWrite
                0x00000660       0x1c .\CortexM0\ARM_GCC_541\Debug\LiquidCrystal_I2C.o
                0x00000660                expanderWrite
 .text.pulseEnable
                0x0000067c       0x28 .\CortexM0\ARM_GCC_541\Debug\LiquidCrystal_I2C.o
                0x0000067c                pulseEnable
 .text.write4bits
                0x000006a4       0x10 .\CortexM0\ARM_GCC_541\Debug\LiquidCrystal_I2C.o
                0x000006a4                write4bits
 .text.send     0x000006b4       0x24 .\CortexM0\ARM_GCC_541\Debug\LiquidCrystal_I2C.o
                0x000006b4                send
 .text.command  0x000006d8        0xc .\CortexM0\ARM_GCC_541\Debug\LiquidCrystal_I2C.o
                0x000006d8                command
 .text.clear    0x000006e4       0x10 .\CortexM0\ARM_GCC_541\Debug\LiquidCrystal_I2C.o
                0x000006e4                clear
 .text.home     0x000006f4       0x10 .\CortexM0\ARM_GCC_541\Debug\LiquidCrystal_I2C.o
                0x000006f4                home
 .text.setCursor
                0x00000704       0x40 .\CortexM0\ARM_GCC_541\Debug\LiquidCrystal_I2C.o
                0x00000704                setCursor
 .text.display  0x00000744       0x20 .\CortexM0\ARM_GCC_541\Debug\LiquidCrystal_I2C.o
                0x00000744                display
 .text.write    0x00000764        0xc .\CortexM0\ARM_GCC_541\Debug\LiquidCrystal_I2C.o
                0x00000764                write
 .text.LCD_print
                0x00000770       0x20 .\CortexM0\ARM_GCC_541\Debug\LiquidCrystal_I2C.o
                0x00000770                LCD_print
 .text.begin    0x00000790       0xb8 .\CortexM0\ARM_GCC_541\Debug\LiquidCrystal_I2C.o
                0x00000790                begin
 .text.cfg_write_bytes32
                0x00000848       0x34 .\CortexM0\ARM_GCC_541\Debug\cyfitter_cfg.o
 .text.CYMEMZERO
                0x0000087c        0xc .\CortexM0\ARM_GCC_541\Debug\cyfitter_cfg.o
 .text.CYCONFIGCPYCODE
                0x00000888        0x8 .\CortexM0\ARM_GCC_541\Debug\cyfitter_cfg.o
 .text.IntDefaultHandler
                0x00000890       0x10 .\CortexM0\ARM_GCC_541\Debug\Cm0Start.o
                0x00000890                IntDefaultHandler
 .text.Start_c  0x000008a0       0x48 .\CortexM0\ARM_GCC_541\Debug\Cm0Start.o
                0x000008a0                Start_c
 .text.initialize_psoc
                0x000008e8       0x40 .\CortexM0\ARM_GCC_541\Debug\Cm0Start.o
                0x000008e8                initialize_psoc
 .text.SPI_Enable
                0x00000928       0x40 .\CortexM0\ARM_GCC_541\Debug\RFID_Reader_PSOC.a(SPI.o)
                0x00000928                SPI_Enable
 .text.SPI_ReadTxStatus
                0x00000968        0xc .\CortexM0\ARM_GCC_541\Debug\RFID_Reader_PSOC.a(SPI.o)
                0x00000968                SPI_ReadTxStatus
 .text.SPI_ReadRxStatus
                0x00000974        0xc .\CortexM0\ARM_GCC_541\Debug\RFID_Reader_PSOC.a(SPI.o)
                0x00000974                SPI_ReadRxStatus
 .text.SPI_WriteTxData
                0x00000980       0x18 .\CortexM0\ARM_GCC_541\Debug\RFID_Reader_PSOC.a(SPI.o)
                0x00000980                SPI_WriteTxData
 .text.SPI_ReadRxData
                0x00000998        0xc .\CortexM0\ARM_GCC_541\Debug\RFID_Reader_PSOC.a(SPI.o)
                0x00000998                SPI_ReadRxData
 .text.SPI_ClearRxBuffer
                0x000009a4       0x18 .\CortexM0\ARM_GCC_541\Debug\RFID_Reader_PSOC.a(SPI.o)
                0x000009a4                SPI_ClearRxBuffer
 .text.SPI_ClearFIFO
                0x000009bc       0x3c .\CortexM0\ARM_GCC_541\Debug\RFID_Reader_PSOC.a(SPI.o)
                0x000009bc                SPI_ClearFIFO
 .text.SPI_Init
                0x000009f8       0x2c .\CortexM0\ARM_GCC_541\Debug\RFID_Reader_PSOC.a(SPI.o)
                0x000009f8                SPI_Init
 .text.SPI_Start
                0x00000a24       0x20 .\CortexM0\ARM_GCC_541\Debug\RFID_Reader_PSOC.a(SPI.o)
                0x00000a24                SPI_Start
 .text.SPI_IntClock_Start
                0x00000a44       0x14 .\CortexM0\ARM_GCC_541\Debug\RFID_Reader_PSOC.a(SPI_IntClock.o)
                0x00000a44                SPI_IntClock_Start
 .text.CyIntEnable
                0x00000a58       0x14 .\CortexM0\ARM_GCC_541\Debug\RFID_Reader_PSOC.a(CyLib.o)
                0x00000a58                CyIntEnable
 .text.CyIntDisable
                0x00000a6c       0x14 .\CortexM0\ARM_GCC_541\Debug\RFID_Reader_PSOC.a(CyLib.o)
                0x00000a6c                CyIntDisable
 .text.CyHalt   0x00000a80        0x4 .\CortexM0\ARM_GCC_541\Debug\RFID_Reader_PSOC.a(CyLib.o)
                0x00000a80                CyHalt
 .text.CyIntSetVector
                0x00000a84       0x24 .\CortexM0\ARM_GCC_541\Debug\RFID_Reader_PSOC.a(CyLib.o)
                0x00000a84                CyIntSetVector
 .text.CyIntSetPriority
                0x00000aa8       0x4c .\CortexM0\ARM_GCC_541\Debug\RFID_Reader_PSOC.a(CyLib.o)
                0x00000aa8                CyIntSetPriority
 .text.CyDelay  0x00000af4       0x30 .\CortexM0\ARM_GCC_541\Debug\RFID_Reader_PSOC.a(CyLib.o)
                0x00000af4                CyDelay
 .text.CyDelayUs
                0x00000b24       0x14 .\CortexM0\ARM_GCC_541\Debug\RFID_Reader_PSOC.a(CyLib.o)
                0x00000b24                CyDelayUs
 .text.CySysClkWriteImoFreq
                0x00000b38      0x164 .\CortexM0\ARM_GCC_541\Debug\RFID_Reader_PSOC.a(CyLib.o)
                0x00000b38                CySysClkWriteImoFreq
 .text.CySysWdtLocked
                0x00000c9c       0x14 .\CortexM0\ARM_GCC_541\Debug\RFID_Reader_PSOC.a(CyLFClk.o)
 .text.CySysWdtLock
                0x00000cb0       0x1c .\CortexM0\ARM_GCC_541\Debug\RFID_Reader_PSOC.a(CyLFClk.o)
                0x00000cb0                CySysWdtLock
 .text.CySysWdtUnlock
                0x00000ccc       0x30 .\CortexM0\ARM_GCC_541\Debug\RFID_Reader_PSOC.a(CyLFClk.o)
                0x00000ccc                CySysWdtUnlock
 .text.CySysWdtClearInterrupt
                0x00000cfc       0x4c .\CortexM0\ARM_GCC_541\Debug\RFID_Reader_PSOC.a(CyLFClk.o)
                0x00000cfc                CySysWdtClearInterrupt
 .text.CySysWdtIsr
                0x00000d48       0xa4 .\CortexM0\ARM_GCC_541\Debug\RFID_Reader_PSOC.a(CyLFClk.o)
                0x00000d48                CySysWdtIsr
 .text.RESET_Write
                0x00000dec       0x18 .\CortexM0\ARM_GCC_541\Debug\RFID_Reader_PSOC.a(RESET.o)
                0x00000dec                RESET_Write
 .text.RESET_Read
                0x00000e04       0x10 .\CortexM0\ARM_GCC_541\Debug\RFID_Reader_PSOC.a(RESET.o)
                0x00000e04                RESET_Read
 .text.I2C_ScbEnableIntr
                0x00000e14        0xc .\CortexM0\ARM_GCC_541\Debug\RFID_Reader_PSOC.a(I2C.o)
 .text.I2C_Init
                0x00000e20        0x8 .\CortexM0\ARM_GCC_541\Debug\RFID_Reader_PSOC.a(I2C.o)
                0x00000e20                I2C_Init
 .text.I2C_Enable
                0x00000e28       0x18 .\CortexM0\ARM_GCC_541\Debug\RFID_Reader_PSOC.a(I2C.o)
                0x00000e28                I2C_Enable
 .text.I2C_Start
                0x00000e40       0x20 .\CortexM0\ARM_GCC_541\Debug\RFID_Reader_PSOC.a(I2C.o)
                0x00000e40                I2C_Start
 .text.I2C_I2CInit
                0x00000e60       0xc4 .\CortexM0\ARM_GCC_541\Debug\RFID_Reader_PSOC.a(I2C_I2C.o)
                0x00000e60                I2C_I2CInit
 .text.I2C_I2CFwBlockReset
                0x00000f24       0x94 .\CortexM0\ARM_GCC_541\Debug\RFID_Reader_PSOC.a(I2C_I2C.o)
                0x00000f24                I2C_I2CFwBlockReset
 .text.I2C_I2CMasterWaitOneUnit
                0x00000fb8       0x28 .\CortexM0\ARM_GCC_541\Debug\RFID_Reader_PSOC.a(I2C_I2C_MASTER.o)
 .text.I2C_I2CMasterHandleStatus
                0x00000fe0       0xc4 .\CortexM0\ARM_GCC_541\Debug\RFID_Reader_PSOC.a(I2C_I2C_MASTER.o)
 .text.I2C_I2CMasterSendStart
                0x000010a4       0xc4 .\CortexM0\ARM_GCC_541\Debug\RFID_Reader_PSOC.a(I2C_I2C_MASTER.o)
                0x000010a4                I2C_I2CMasterSendStart
 .text.I2C_I2CMasterSendStop
                0x00001168       0x58 .\CortexM0\ARM_GCC_541\Debug\RFID_Reader_PSOC.a(I2C_I2C_MASTER.o)
                0x00001168                I2C_I2CMasterSendStop
 .text.I2C_I2CMasterWriteByte
                0x000011c0       0x48 .\CortexM0\ARM_GCC_541\Debug\RFID_Reader_PSOC.a(I2C_I2C_MASTER.o)
                0x000011c0                I2C_I2CMasterWriteByte
 .text.PWM_1_Stop
                0x00001208       0x1c .\CortexM0\ARM_GCC_541\Debug\RFID_Reader_PSOC.a(PWM_1.o)
                0x00001208                PWM_1_Stop
 .text.PWM_1_WriteCounter
                0x00001224       0x10 .\CortexM0\ARM_GCC_541\Debug\RFID_Reader_PSOC.a(PWM_1.o)
                0x00001224                PWM_1_WriteCounter
 .text.PWM_1_WritePeriod
                0x00001234       0x10 .\CortexM0\ARM_GCC_541\Debug\RFID_Reader_PSOC.a(PWM_1.o)
                0x00001234                PWM_1_WritePeriod
 .text.PWM_1_WriteCompare
                0x00001244       0x10 .\CortexM0\ARM_GCC_541\Debug\RFID_Reader_PSOC.a(PWM_1.o)
                0x00001244                PWM_1_WriteCompare
 .text.PWM_1_TriggerCommand
                0x00001254       0x1c .\CortexM0\ARM_GCC_541\Debug\RFID_Reader_PSOC.a(PWM_1.o)
                0x00001254                PWM_1_TriggerCommand
 .text.PWM_1_Enable
                0x00001270       0x24 .\CortexM0\ARM_GCC_541\Debug\RFID_Reader_PSOC.a(PWM_1.o)
                0x00001270                PWM_1_Enable
 .text.PWM_1_SetInterruptMode
                0x00001294        0xc .\CortexM0\ARM_GCC_541\Debug\RFID_Reader_PSOC.a(PWM_1.o)
                0x00001294                PWM_1_SetInterruptMode
 .text.PWM_1_Init
                0x000012a0       0x44 .\CortexM0\ARM_GCC_541\Debug\RFID_Reader_PSOC.a(PWM_1.o)
                0x000012a0                PWM_1_Init
 .text.PWM_1_Start
                0x000012e4       0x20 .\CortexM0\ARM_GCC_541\Debug\RFID_Reader_PSOC.a(PWM_1.o)
                0x000012e4                PWM_1_Start
 .text.PWM_2_Stop
                0x00001304       0x1c .\CortexM0\ARM_GCC_541\Debug\RFID_Reader_PSOC.a(PWM_2.o)
                0x00001304                PWM_2_Stop
 .text.PWM_2_WriteCounter
                0x00001320       0x10 .\CortexM0\ARM_GCC_541\Debug\RFID_Reader_PSOC.a(PWM_2.o)
                0x00001320                PWM_2_WriteCounter
 .text.PWM_2_WritePeriod
                0x00001330       0x10 .\CortexM0\ARM_GCC_541\Debug\RFID_Reader_PSOC.a(PWM_2.o)
                0x00001330                PWM_2_WritePeriod
 .text.PWM_2_WriteCompare
                0x00001340       0x10 .\CortexM0\ARM_GCC_541\Debug\RFID_Reader_PSOC.a(PWM_2.o)
                0x00001340                PWM_2_WriteCompare
 .text.PWM_2_TriggerCommand
                0x00001350       0x1c .\CortexM0\ARM_GCC_541\Debug\RFID_Reader_PSOC.a(PWM_2.o)
                0x00001350                PWM_2_TriggerCommand
 .text.PWM_2_Enable
                0x0000136c       0x24 .\CortexM0\ARM_GCC_541\Debug\RFID_Reader_PSOC.a(PWM_2.o)
                0x0000136c                PWM_2_Enable
 .text.PWM_2_SetInterruptMode
                0x00001390        0xc .\CortexM0\ARM_GCC_541\Debug\RFID_Reader_PSOC.a(PWM_2.o)
                0x00001390                PWM_2_SetInterruptMode
 .text.PWM_2_Init
                0x0000139c       0x44 .\CortexM0\ARM_GCC_541\Debug\RFID_Reader_PSOC.a(PWM_2.o)
                0x0000139c                PWM_2_Init
 .text.PWM_2_Start
                0x000013e0       0x20 .\CortexM0\ARM_GCC_541\Debug\RFID_Reader_PSOC.a(PWM_2.o)
                0x000013e0                PWM_2_Start
 .text          0x00001400       0x24 .\CortexM0\ARM_GCC_541\Debug\RFID_Reader_PSOC.a(CyBootAsmGnu.o)
                0x00001400                CyDelayCycles
                0x00001414                CyEnterCriticalSection
                0x0000141c                CyExitCriticalSection
 .text.I2C_I2C_ISR
                0x00001424      0x33c .\CortexM0\ARM_GCC_541\Debug\RFID_Reader_PSOC.a(I2C_I2C_INT.o)
                0x00001424                I2C_I2C_ISR
 .text.__errno  0x00001760        0xc c:/program files (x86)/cypress/psoc creator/4.2/psoc creator/import/gnu/arm/5.4.1/bin/../lib/gcc/arm-none-eabi/5.4.1/../../../../arm-none-eabi/lib/armv6-m\libg_nano.a(lib_a-errno.o)
                0x00001760                __errno
 .text.__libc_init_array
                0x0000176c       0x4c c:/program files (x86)/cypress/psoc creator/4.2/psoc creator/import/gnu/arm/5.4.1/bin/../lib/gcc/arm-none-eabi/5.4.1/../../../../arm-none-eabi/lib/armv6-m\libg_nano.a(lib_a-init.o)
                0x0000176c                __libc_init_array
 .text.memcpy   0x000017b8       0x12 c:/program files (x86)/cypress/psoc creator/4.2/psoc creator/import/gnu/arm/5.4.1/bin/../lib/gcc/arm-none-eabi/5.4.1/../../../../arm-none-eabi/lib/armv6-m\libg_nano.a(lib_a-memcpy-stub.o)
                0x000017b8                memcpy
 .text.memset   0x000017ca       0x10 c:/program files (x86)/cypress/psoc creator/4.2/psoc creator/import/gnu/arm/5.4.1/bin/../lib/gcc/arm-none-eabi/5.4.1/../../../../arm-none-eabi/lib/armv6-m\libg_nano.a(lib_a-memset.o)
                0x000017ca                memset
 .text          0x000017da        0xe c:/program files (x86)/cypress/psoc creator/4.2/psoc creator/import/gnu/arm/5.4.1/bin/../lib/gcc/arm-none-eabi/5.4.1/../../../../arm-none-eabi/lib/armv6-m\libg_nano.a(lib_a-strlen.o)
                0x000017da                strlen
 *(.plt)
 *(.gnu.warning)
 *(.glue_7t)
 .glue_7t       0x000017e8        0x0 linker stubs
 *(.glue_7)
 .glue_7        0x000017e8        0x0 linker stubs
 *(.vfp11_veneer)
 .vfp11_veneer  0x000017e8        0x0 linker stubs
 *(.bootloader)
 *(.ARM.extab* .gnu.linkonce.armextab.*)
 *(.gcc_except_table)

.v4_bx          0x000017e8        0x0
 .v4_bx         0x000017e8        0x0 linker stubs

.iplt           0x000017e8        0x0
 .iplt          0x000017e8        0x0 c:/program files (x86)/cypress/psoc creator/4.2/psoc creator/import/gnu/arm/5.4.1/bin/../lib/gcc/arm-none-eabi/5.4.1/armv6-m/crtbegin.o

.eh_frame_hdr
 *(.eh_frame_hdr)

.eh_frame       0x000017e8        0x4
 *(.eh_frame)
 .eh_frame      0x000017e8        0x0 c:/program files (x86)/cypress/psoc creator/4.2/psoc creator/import/gnu/arm/5.4.1/bin/../lib/gcc/arm-none-eabi/5.4.1/armv6-m/crtbegin.o
 .eh_frame      0x000017e8        0x4 c:/program files (x86)/cypress/psoc creator/4.2/psoc creator/import/gnu/arm/5.4.1/bin/../lib/gcc/arm-none-eabi/5.4.1/armv6-m/crtend.o
                [!provide]                PROVIDE (__exidx_start, .)

.ARM.exidx
 *(.ARM.exidx* .gnu.linkonce.armexidx.*)
                0x000017ec                __exidx_end = .

.rodata         0x000017ec      0x334
 *(.rodata .rodata.* .gnu.linkonce.r.*)
 .rodata.str1.4
                0x000017ec       0x80 .\CortexM0\ARM_GCC_541\Debug\main.o
 .rodata        0x0000186c       0x10 .\CortexM0\ARM_GCC_541\Debug\LiquidCrystal_I2C.o
 .rodata        0x0000187c      0x23c .\CortexM0\ARM_GCC_541\Debug\cyfitter_cfg.o
 .rodata        0x00001ab8       0x2e .\CortexM0\ARM_GCC_541\Debug\RFID_Reader_PSOC.a(CyLib.o)
                0x00001ab8                cyImoFreqMhz2Reg
 .rodata.str1.1
                0x00001ae6        0x2 c:/program files (x86)/cypress/psoc creator/4.2/psoc creator/import/gnu/arm/5.4.1/bin/../lib/gcc/arm-none-eabi/5.4.1/../../../../arm-none-eabi/lib/armv6-m\libg_nano.a(lib_a-impure.o)
                0x00001ae8                . = ALIGN (0x4)
 *(.init)
 .init          0x00001ae8        0x4 c:/program files (x86)/cypress/psoc creator/4.2/psoc creator/import/gnu/arm/5.4.1/bin/../lib/gcc/arm-none-eabi/5.4.1/armv6-m/crti.o
                0x00001ae8                _init
 .init          0x00001aec        0x8 c:/program files (x86)/cypress/psoc creator/4.2/psoc creator/import/gnu/arm/5.4.1/bin/../lib/gcc/arm-none-eabi/5.4.1/armv6-m/crtn.o
                0x00001af4                . = ALIGN (0x4)
                0x00001af4                __preinit_array_start = .
 *(.preinit_array)
                0x00001af4                __preinit_array_end = .
                0x00001af4                . = ALIGN (0x4)
                0x00001af4                __init_array_start = .
 *(SORT(.init_array.*))
 *(.init_array)
 .init_array    0x00001af4        0x4 c:/program files (x86)/cypress/psoc creator/4.2/psoc creator/import/gnu/arm/5.4.1/bin/../lib/gcc/arm-none-eabi/5.4.1/armv6-m/crtbegin.o
 .init_array    0x00001af8        0x4 .\CortexM0\ARM_GCC_541\Debug\Cm0Start.o
                0x00001afc                __init_array_end = .
                0x00001afc                . = ALIGN (0x4)
 *(.fini)
 .fini          0x00001afc        0x4 c:/program files (x86)/cypress/psoc creator/4.2/psoc creator/import/gnu/arm/5.4.1/bin/../lib/gcc/arm-none-eabi/5.4.1/armv6-m/crti.o
                0x00001afc                _fini
 .fini          0x00001b00        0x8 c:/program files (x86)/cypress/psoc creator/4.2/psoc creator/import/gnu/arm/5.4.1/bin/../lib/gcc/arm-none-eabi/5.4.1/armv6-m/crtn.o
                0x00001b08                . = ALIGN (0x4)
                0x00001b08                __fini_array_start = .
 *(.fini_array)
 .fini_array    0x00001b08        0x4 c:/program files (x86)/cypress/psoc creator/4.2/psoc creator/import/gnu/arm/5.4.1/bin/../lib/gcc/arm-none-eabi/5.4.1/armv6-m/crtbegin.o
 *(SORT(.fini_array.*))
                0x00001b0c                __fini_array_end = .
                0x00001b0c                . = ALIGN (0x4)
 *crtbegin.o(.ctors)
 *(EXCLUDE_FILE(*crtend.o) .ctors)
 *(SORT(.ctors.*))
 *crtend.o(.ctors)
                0x00001b0c                . = ALIGN (0x4)
 *crtbegin.o(.dtors)
 *(EXCLUDE_FILE(*crtend.o) .dtors)
 *(SORT(.dtors.*))
 *crtend.o(.dtors)
                0x00001b0c                . = ALIGN (0x4)
                0x00001b0c                __cy_regions = .
                0x00001b0c        0x4 LONG 0x1b20 __cy_region_init_ram
                0x00001b10        0x4 LONG 0x200000c0 __cy_region_start_data
                0x00001b14        0x4 LONG 0x88 __cy_region_init_size_ram
                0x00001b18        0x4 LONG 0x88 __cy_region_zero_size_ram
                0x00001b1c                __cy_regions_end = .
                0x00001b20                . = ALIGN (0x8)
 *fill*         0x00001b1c        0x4 
                0x00001b20                _etext = .

.cy_checksum_exclude
                0x00001b20        0x0
 *(.cy_checksum_exclude)

.ramvectors     0x20000000       0xc0
                0x20000000                __cy_region_start_ram = .
 *(.ramvectors)
 .ramvectors    0x20000000       0xc0 .\CortexM0\ARM_GCC_541\Debug\Cm0Start.o
                0x20000000                CyRamVectors

.noinit
 *(.noinit)

.data           0x200000c0       0x88 load address 0x00001b20
                0x200000c0                __cy_region_start_data = .
 *(.jcr)
 .jcr           0x200000c0        0x0 c:/program files (x86)/cypress/psoc creator/4.2/psoc creator/import/gnu/arm/5.4.1/bin/../lib/gcc/arm-none-eabi/5.4.1/armv6-m/crtbegin.o
 .jcr           0x200000c0        0x4 c:/program files (x86)/cypress/psoc creator/4.2/psoc creator/import/gnu/arm/5.4.1/bin/../lib/gcc/arm-none-eabi/5.4.1/armv6-m/crtend.o
 *(.got.plt)
 *(.got)
 *(.shdata)
 *(.data .data.* .gnu.linkonce.d.*)
 .data          0x200000c4        0x4 .\CortexM0\ARM_GCC_541\Debug\main.o
                0x200000c4                Addr
 .data          0x200000c8       0x14 .\CortexM0\ARM_GCC_541\Debug\RFID_Reader_PSOC.a(CyLib.o)
                0x200000c8                CySysClkPumpConfig
                0x200000cc                cydelay32kMs
                0x200000d0                cydelayFreqKhz
                0x200000d4                cydelayFreqMhz
                0x200000d8                cydelayFreqHz
 .data          0x200000dc        0x4 .\CortexM0\ARM_GCC_541\Debug\RFID_Reader_PSOC.a(CyLFClk.o)
 .data.impure_data
                0x200000e0       0x60 c:/program files (x86)/cypress/psoc creator/4.2/psoc creator/import/gnu/arm/5.4.1/bin/../lib/gcc/arm-none-eabi/5.4.1/../../../../arm-none-eabi/lib/armv6-m\libg_nano.a(lib_a-impure.o)
 .data._impure_ptr
                0x20000140        0x4 c:/program files (x86)/cypress/psoc creator/4.2/psoc creator/import/gnu/arm/5.4.1/bin/../lib/gcc/arm-none-eabi/5.4.1/../../../../arm-none-eabi/lib/armv6-m\libg_nano.a(lib_a-impure.o)
                0x20000140                _impure_ptr
                0x20000148                . = ALIGN (0x8)
 *fill*         0x20000144        0x4 
 *(.ram)
                0x20000148                _edata = .

.igot.plt       0x20000148        0x0 load address 0x00001ba8
 .igot.plt      0x20000148        0x0 c:/program files (x86)/cypress/psoc creator/4.2/psoc creator/import/gnu/arm/5.4.1/bin/../lib/gcc/arm-none-eabi/5.4.1/armv6-m/crtbegin.o

.bss            0x20000148       0x88 load address 0x00001ba8
                0x20000148                PROVIDE (__bss_start__, .)
 *(.shbss)
 *(.bss .bss.* .gnu.linkonce.b.*)
 .bss           0x20000148       0x1c c:/program files (x86)/cypress/psoc creator/4.2/psoc creator/import/gnu/arm/5.4.1/bin/../lib/gcc/arm-none-eabi/5.4.1/armv6-m/crtbegin.o
 .bss           0x20000164        0x1 .\CortexM0\ARM_GCC_541\Debug\RFID_Reader_PSOC.a(SPI.o)
                0x20000164                SPI_initVar
 *fill*         0x20000165        0x3 
 .bss           0x20000168       0x20 .\CortexM0\ARM_GCC_541\Debug\RFID_Reader_PSOC.a(CyLFClk.o)
 .bss           0x20000188        0x8 .\CortexM0\ARM_GCC_541\Debug\RFID_Reader_PSOC.a(I2C.o)
                0x20000188                I2C_initVar
                0x2000018c                I2C_customIntrHandler
 .bss           0x20000190        0x1 .\CortexM0\ARM_GCC_541\Debug\RFID_Reader_PSOC.a(PWM_1.o)
                0x20000190                PWM_1_initVar
 .bss           0x20000191        0x1 .\CortexM0\ARM_GCC_541\Debug\RFID_Reader_PSOC.a(PWM_2.o)
                0x20000191                PWM_2_initVar
 *(COMMON)
 *fill*         0x20000192        0x2 
 COMMON         0x20000194        0xd .\CortexM0\ARM_GCC_541\Debug\main.o
                0x20000194                uid
                0x200001a0                status
 COMMON         0x200001a1        0x8 .\CortexM0\ARM_GCC_541\Debug\LiquidCrystal_I2C.o
                0x200001a1                _backlightval
                0x200001a2                _addr
                0x200001a3                _displaycontrol
                0x200001a4                _charsize
                0x200001a5                _displaymode
                0x200001a6                _displayfunction
                0x200001a7                _cols
                0x200001a8                _rows
 COMMON         0x200001a9        0x1 .\CortexM0\ARM_GCC_541\Debug\RFID_Reader_PSOC.a(I2C_I2C.o)
                0x200001a9                I2C_state
 *fill*         0x200001aa        0x2 
 COMMON         0x200001ac       0x24 .\CortexM0\ARM_GCC_541\Debug\RFID_Reader_PSOC.a(I2C_I2C_MASTER.o)
                0x200001ac                I2C_mstrWrBufIndexTmp
                0x200001b0                I2C_mstrWrBufIndex
                0x200001b4                I2C_mstrWrBufSize
                0x200001b8                I2C_mstrStatus
                0x200001bc                I2C_mstrRdBufPtr
                0x200001c0                I2C_mstrControl
                0x200001c4                I2C_mstrRdBufSize
                0x200001c8                I2C_mstrRdBufIndex
                0x200001cc                I2C_mstrWrBufPtr
                0x200001d0                . = ALIGN (0x8)
 *(.ram.b)
                0x200001d0                _end = .
                0x200001d0                __end = .
                0x200001d0                PROVIDE (end, .)
                0x200001d0                PROVIDE (__bss_end__, .)
                0x00001b20                __cy_region_init_ram = LOADADDR (.data)
                0x00000088                __cy_region_init_size_ram = (_edata - ADDR (.data))
                0x00000088                __cy_region_zero_size_ram = (_end - _edata)

.heap           0x200001d0       0x80 load address 0x00001ba8
                0x200001d0                . = _end
                0x20000250                . = (. + 0x80)
 *fill*         0x200001d0       0x80 
                0x20000250                __cy_heap_limit = .

.stack          0x20000c00      0x400
                0x20000c00                __cy_stack_limit = .
                0x20001000                . = (. + 0x400)
 *fill*         0x20000c00      0x400 
                0x00000001                ASSERT ((__cy_stack_limit >= __cy_heap_limit), region RAM overflowed with stack)
                0x00000000                cy_checksum_exclude_size = (CY_APPL_LOADABLE == 0x1)?SIZEOF (.cy_checksum_exclude):0x0
                0x00000001                ASSERT ((cy_checksum_exclude_size <= CY_CHECKSUM_EXCLUDE_SIZE), CY_BOOT: Section .cy_checksum_exclude size exceedes specified limit.)
                0x00007fc0                cyloadermeta_start = (cy_project_type_bootloader || cy_project_type_app_for_stack_and_copier)?(LENGTH (rom) - CY_METADATA_SIZE):0xf0000000

.cyloadermeta
 *(.cyloadermeta)
                0x00007fc0                cyloadablemeta_start = cy_project_type_app_for_stack_and_copier?((LENGTH (rom) - CY_FLASH_ROW_SIZE) - CY_METADATA_SIZE):((LENGTH (rom) - (CY_FLASH_ROW_SIZE * (CY_APPL_NUM - 0x1))) - CY_METADATA_SIZE)

.cyloadablemeta
 *(.cyloadablemeta)

.cyflashprotect
                0x90400000       0x20
 *(.cyflashprotect)
 .cyflashprotect
                0x90400000       0x20 .\CortexM0\ARM_GCC_541\Debug\cymetadata.o
                0x90400000                cy_meta_flashprotect

.cymeta         0x90500000        0xc
 *(.cymeta)
 .cymeta        0x90500000        0xc .\CortexM0\ARM_GCC_541\Debug\cymetadata.o
                0x90500000                cy_metadata

.cychipprotect  0x90600000        0x1
 *(.cychipprotect)
 .cychipprotect
                0x90600000        0x1 .\CortexM0\ARM_GCC_541\Debug\cymetadata.o
                0x90600000                cy_meta_chipprotect

.rel.dyn        0x00001ba8        0x0 load address 0x90600004
 .rel.iplt      0x00001ba8        0x0 c:/program files (x86)/cypress/psoc creator/4.2/psoc creator/import/gnu/arm/5.4.1/bin/../lib/gcc/arm-none-eabi/5.4.1/armv6-m/crtbegin.o

.stab
 *(.stab)

.stabstr
 *(.stabstr)

.debug
 *(.debug)

.line
 *(.line)

.debug_srcinfo
 *(.debug_srcinfo)

.debug_sfnames
 *(.debug_sfnames)

.debug_aranges  0x00000000      0xbf8
 *(.debug_aranges)
 .debug_aranges
                0x00000000       0x38 .\CortexM0\ARM_GCC_541\Debug\main.o
 .debug_aranges
                0x00000038      0x150 .\CortexM0\ARM_GCC_541\Debug\RC522.o
 .debug_aranges
                0x00000188      0x108 .\CortexM0\ARM_GCC_541\Debug\LiquidCrystal_I2C.o
 .debug_aranges
                0x00000290       0x40 .\CortexM0\ARM_GCC_541\Debug\cyfitter_cfg.o
 .debug_aranges
                0x000002d0       0x18 .\CortexM0\ARM_GCC_541\Debug\cymetadata.o
 .debug_aranges
                0x000002e8       0x48 .\CortexM0\ARM_GCC_541\Debug\Cm0Start.o
 .debug_aranges
                0x00000330       0xd8 .\CortexM0\ARM_GCC_541\Debug\RFID_Reader_PSOC.a(SPI.o)
 .debug_aranges
                0x00000408       0x40 .\CortexM0\ARM_GCC_541\Debug\RFID_Reader_PSOC.a(SPI_IntClock.o)
 .debug_aranges
                0x00000448      0x180 .\CortexM0\ARM_GCC_541\Debug\RFID_Reader_PSOC.a(CyLib.o)
 .debug_aranges
                0x000005c8      0x138 .\CortexM0\ARM_GCC_541\Debug\RFID_Reader_PSOC.a(CyLFClk.o)
 .debug_aranges
                0x00000700       0x48 .\CortexM0\ARM_GCC_541\Debug\RFID_Reader_PSOC.a(RESET.o)
 .debug_aranges
                0x00000748       0x68 .\CortexM0\ARM_GCC_541\Debug\RFID_Reader_PSOC.a(I2C.o)
 .debug_aranges
                0x000007b0       0x30 .\CortexM0\ARM_GCC_541\Debug\RFID_Reader_PSOC.a(I2C_I2C.o)
 .debug_aranges
                0x000007e0       0x98 .\CortexM0\ARM_GCC_541\Debug\RFID_Reader_PSOC.a(I2C_I2C_MASTER.o)
 .debug_aranges
                0x00000878       0x48 .\CortexM0\ARM_GCC_541\Debug\RFID_Reader_PSOC.a(I2C_sda.o)
 .debug_aranges
                0x000008c0       0x48 .\CortexM0\ARM_GCC_541\Debug\RFID_Reader_PSOC.a(I2C_scl.o)
 .debug_aranges
                0x00000908      0x158 .\CortexM0\ARM_GCC_541\Debug\RFID_Reader_PSOC.a(PWM_1.o)
 .debug_aranges
                0x00000a60      0x158 .\CortexM0\ARM_GCC_541\Debug\RFID_Reader_PSOC.a(PWM_2.o)
 .debug_aranges
                0x00000bb8       0x20 .\CortexM0\ARM_GCC_541\Debug\RFID_Reader_PSOC.a(CyBootAsmGnu.o)
 .debug_aranges
                0x00000bd8       0x20 .\CortexM0\ARM_GCC_541\Debug\RFID_Reader_PSOC.a(I2C_I2C_INT.o)

.debug_pubnames
 *(.debug_pubnames)

.debug_info     0x00000000     0x7ba0
 *(.debug_info .gnu.linkonce.wi.*)
 .debug_info    0x00000000      0x74c .\CortexM0\ARM_GCC_541\Debug\main.o
 .debug_info    0x0000074c     0x1d1e .\CortexM0\ARM_GCC_541\Debug\RC522.o
 .debug_info    0x0000246a      0x8f8 .\CortexM0\ARM_GCC_541\Debug\LiquidCrystal_I2C.o
 .debug_info    0x00002d62      0x508 .\CortexM0\ARM_GCC_541\Debug\cyfitter_cfg.o
 .debug_info    0x0000326a       0xf8 .\CortexM0\ARM_GCC_541\Debug\cymetadata.o
 .debug_info    0x00003362      0x3a2 .\CortexM0\ARM_GCC_541\Debug\Cm0Start.o
 .debug_info    0x00003704      0x4bb .\CortexM0\ARM_GCC_541\Debug\RFID_Reader_PSOC.a(SPI.o)
 .debug_info    0x00003bbf      0x14e .\CortexM0\ARM_GCC_541\Debug\RFID_Reader_PSOC.a(SPI_IntClock.o)
 .debug_info    0x00003d0d      0xaec .\CortexM0\ARM_GCC_541\Debug\RFID_Reader_PSOC.a(CyLib.o)
 .debug_info    0x000047f9      0xcfe .\CortexM0\ARM_GCC_541\Debug\RFID_Reader_PSOC.a(CyLFClk.o)
 .debug_info    0x000054f7      0x19b .\CortexM0\ARM_GCC_541\Debug\RFID_Reader_PSOC.a(RESET.o)
 .debug_info    0x00005692      0x2aa .\CortexM0\ARM_GCC_541\Debug\RFID_Reader_PSOC.a(I2C.o)
 .debug_info    0x0000593c      0x195 .\CortexM0\ARM_GCC_541\Debug\RFID_Reader_PSOC.a(I2C_I2C.o)
 .debug_info    0x00005ad1      0x91d .\CortexM0\ARM_GCC_541\Debug\RFID_Reader_PSOC.a(I2C_I2C_MASTER.o)
 .debug_info    0x000063ee      0x19d .\CortexM0\ARM_GCC_541\Debug\RFID_Reader_PSOC.a(I2C_sda.o)
 .debug_info    0x0000658b      0x19b .\CortexM0\ARM_GCC_541\Debug\RFID_Reader_PSOC.a(I2C_scl.o)
 .debug_info    0x00006726      0x909 .\CortexM0\ARM_GCC_541\Debug\RFID_Reader_PSOC.a(PWM_1.o)
 .debug_info    0x0000702f      0x909 .\CortexM0\ARM_GCC_541\Debug\RFID_Reader_PSOC.a(PWM_2.o)
 .debug_info    0x00007938       0xc0 .\CortexM0\ARM_GCC_541\Debug\RFID_Reader_PSOC.a(CyBootAsmGnu.o)
 .debug_info    0x000079f8      0x1a8 .\CortexM0\ARM_GCC_541\Debug\RFID_Reader_PSOC.a(I2C_I2C_INT.o)

.debug_abbrev   0x00000000     0x17f6
 *(.debug_abbrev)
 .debug_abbrev  0x00000000      0x161 .\CortexM0\ARM_GCC_541\Debug\main.o
 .debug_abbrev  0x00000161      0x26c .\CortexM0\ARM_GCC_541\Debug\RC522.o
 .debug_abbrev  0x000003cd      0x151 .\CortexM0\ARM_GCC_541\Debug\LiquidCrystal_I2C.o
 .debug_abbrev  0x0000051e      0x1cb .\CortexM0\ARM_GCC_541\Debug\cyfitter_cfg.o
 .debug_abbrev  0x000006e9       0x5d .\CortexM0\ARM_GCC_541\Debug\cymetadata.o
 .debug_abbrev  0x00000746      0x1d7 .\CortexM0\ARM_GCC_541\Debug\Cm0Start.o
 .debug_abbrev  0x0000091d      0x146 .\CortexM0\ARM_GCC_541\Debug\RFID_Reader_PSOC.a(SPI.o)
 .debug_abbrev  0x00000a63       0xb7 .\CortexM0\ARM_GCC_541\Debug\RFID_Reader_PSOC.a(SPI_IntClock.o)
 .debug_abbrev  0x00000b1a      0x1e0 .\CortexM0\ARM_GCC_541\Debug\RFID_Reader_PSOC.a(CyLib.o)
 .debug_abbrev  0x00000cfa      0x210 .\CortexM0\ARM_GCC_541\Debug\RFID_Reader_PSOC.a(CyLFClk.o)
 .debug_abbrev  0x00000f0a       0xc8 .\CortexM0\ARM_GCC_541\Debug\RFID_Reader_PSOC.a(RESET.o)
 .debug_abbrev  0x00000fd2      0x130 .\CortexM0\ARM_GCC_541\Debug\RFID_Reader_PSOC.a(I2C.o)
 .debug_abbrev  0x00001102       0xc7 .\CortexM0\ARM_GCC_541\Debug\RFID_Reader_PSOC.a(I2C_I2C.o)
 .debug_abbrev  0x000011c9      0x1b3 .\CortexM0\ARM_GCC_541\Debug\RFID_Reader_PSOC.a(I2C_I2C_MASTER.o)
 .debug_abbrev  0x0000137c       0xc8 .\CortexM0\ARM_GCC_541\Debug\RFID_Reader_PSOC.a(I2C_sda.o)
 .debug_abbrev  0x00001444       0xc8 .\CortexM0\ARM_GCC_541\Debug\RFID_Reader_PSOC.a(I2C_scl.o)
 .debug_abbrev  0x0000150c      0x119 .\CortexM0\ARM_GCC_541\Debug\RFID_Reader_PSOC.a(PWM_1.o)
 .debug_abbrev  0x00001625      0x119 .\CortexM0\ARM_GCC_541\Debug\RFID_Reader_PSOC.a(PWM_2.o)
 .debug_abbrev  0x0000173e       0x14 .\CortexM0\ARM_GCC_541\Debug\RFID_Reader_PSOC.a(CyBootAsmGnu.o)
 .debug_abbrev  0x00001752       0xa4 .\CortexM0\ARM_GCC_541\Debug\RFID_Reader_PSOC.a(I2C_I2C_INT.o)

.debug_line     0x00000000     0x2ef1
 *(.debug_line)
 .debug_line    0x00000000      0x221 .\CortexM0\ARM_GCC_541\Debug\main.o
 .debug_line    0x00000221      0x759 .\CortexM0\ARM_GCC_541\Debug\RC522.o
 .debug_line    0x0000097a      0x44f .\CortexM0\ARM_GCC_541\Debug\LiquidCrystal_I2C.o
 .debug_line    0x00000dc9      0x1a6 .\CortexM0\ARM_GCC_541\Debug\cyfitter_cfg.o
 .debug_line    0x00000f6f      0x141 .\CortexM0\ARM_GCC_541\Debug\cymetadata.o
 .debug_line    0x000010b0      0x235 .\CortexM0\ARM_GCC_541\Debug\Cm0Start.o
 .debug_line    0x000012e5      0x258 .\CortexM0\ARM_GCC_541\Debug\RFID_Reader_PSOC.a(SPI.o)
 .debug_line    0x0000153d       0xb2 .\CortexM0\ARM_GCC_541\Debug\RFID_Reader_PSOC.a(SPI_IntClock.o)
 .debug_line    0x000015ef      0x460 .\CortexM0\ARM_GCC_541\Debug\RFID_Reader_PSOC.a(CyLib.o)
 .debug_line    0x00001a4f      0x466 .\CortexM0\ARM_GCC_541\Debug\RFID_Reader_PSOC.a(CyLFClk.o)
 .debug_line    0x00001eb5       0xbc .\CortexM0\ARM_GCC_541\Debug\RFID_Reader_PSOC.a(RESET.o)
 .debug_line    0x00001f71      0x143 .\CortexM0\ARM_GCC_541\Debug\RFID_Reader_PSOC.a(I2C.o)
 .debug_line    0x000020b4       0xc3 .\CortexM0\ARM_GCC_541\Debug\RFID_Reader_PSOC.a(I2C_I2C.o)
 .debug_line    0x00002177      0x339 .\CortexM0\ARM_GCC_541\Debug\RFID_Reader_PSOC.a(I2C_I2C_MASTER.o)
 .debug_line    0x000024b0       0xbf .\CortexM0\ARM_GCC_541\Debug\RFID_Reader_PSOC.a(I2C_sda.o)
 .debug_line    0x0000256f       0xbe .\CortexM0\ARM_GCC_541\Debug\RFID_Reader_PSOC.a(I2C_scl.o)
 .debug_line    0x0000262d      0x37e .\CortexM0\ARM_GCC_541\Debug\RFID_Reader_PSOC.a(PWM_1.o)
 .debug_line    0x000029ab      0x37e .\CortexM0\ARM_GCC_541\Debug\RFID_Reader_PSOC.a(PWM_2.o)
 .debug_line    0x00002d29       0x69 .\CortexM0\ARM_GCC_541\Debug\RFID_Reader_PSOC.a(CyBootAsmGnu.o)
 .debug_line    0x00002d92      0x15f .\CortexM0\ARM_GCC_541\Debug\RFID_Reader_PSOC.a(I2C_I2C_INT.o)

.debug_frame    0x00000000     0x20b0
 *(.debug_frame)
 .debug_frame   0x00000000       0x80 .\CortexM0\ARM_GCC_541\Debug\main.o
 .debug_frame   0x00000080      0x4bc .\CortexM0\ARM_GCC_541\Debug\RC522.o
 .debug_frame   0x0000053c      0x36c .\CortexM0\ARM_GCC_541\Debug\LiquidCrystal_I2C.o
 .debug_frame   0x000008a8       0xac .\CortexM0\ARM_GCC_541\Debug\cyfitter_cfg.o
 .debug_frame   0x00000954       0xbc .\CortexM0\ARM_GCC_541\Debug\Cm0Start.o
 .debug_frame   0x00000a10      0x1e8 .\CortexM0\ARM_GCC_541\Debug\RFID_Reader_PSOC.a(SPI.o)
 .debug_frame   0x00000bf8       0x60 .\CortexM0\ARM_GCC_541\Debug\RFID_Reader_PSOC.a(SPI_IntClock.o)
 .debug_frame   0x00000c58      0x3e0 .\CortexM0\ARM_GCC_541\Debug\RFID_Reader_PSOC.a(CyLib.o)
 .debug_frame   0x00001038      0x3a8 .\CortexM0\ARM_GCC_541\Debug\RFID_Reader_PSOC.a(CyLFClk.o)
 .debug_frame   0x000013e0       0x70 .\CortexM0\ARM_GCC_541\Debug\RFID_Reader_PSOC.a(RESET.o)
 .debug_frame   0x00001450       0xf8 .\CortexM0\ARM_GCC_541\Debug\RFID_Reader_PSOC.a(I2C.o)
 .debug_frame   0x00001548       0x58 .\CortexM0\ARM_GCC_541\Debug\RFID_Reader_PSOC.a(I2C_I2C.o)
 .debug_frame   0x000015a0      0x1e8 .\CortexM0\ARM_GCC_541\Debug\RFID_Reader_PSOC.a(I2C_I2C_MASTER.o)
 .debug_frame   0x00001788       0x70 .\CortexM0\ARM_GCC_541\Debug\RFID_Reader_PSOC.a(I2C_sda.o)
 .debug_frame   0x000017f8       0x70 .\CortexM0\ARM_GCC_541\Debug\RFID_Reader_PSOC.a(I2C_scl.o)
 .debug_frame   0x00001868      0x3a0 .\CortexM0\ARM_GCC_541\Debug\RFID_Reader_PSOC.a(PWM_1.o)
 .debug_frame   0x00001c08      0x3a0 .\CortexM0\ARM_GCC_541\Debug\RFID_Reader_PSOC.a(PWM_2.o)
 .debug_frame   0x00001fa8       0x2c .\CortexM0\ARM_GCC_541\Debug\RFID_Reader_PSOC.a(I2C_I2C_INT.o)
 .debug_frame   0x00001fd4       0x20 c:/program files (x86)/cypress/psoc creator/4.2/psoc creator/import/gnu/arm/5.4.1/bin/../lib/gcc/arm-none-eabi/5.4.1/armv6-m\libgcc.a(_udivsi3.o)
 .debug_frame   0x00001ff4       0x20 c:/program files (x86)/cypress/psoc creator/4.2/psoc creator/import/gnu/arm/5.4.1/bin/../lib/gcc/arm-none-eabi/5.4.1/../../../../arm-none-eabi/lib/armv6-m\libg_nano.a(lib_a-errno.o)
 .debug_frame   0x00002014       0x28 c:/program files (x86)/cypress/psoc creator/4.2/psoc creator/import/gnu/arm/5.4.1/bin/../lib/gcc/arm-none-eabi/5.4.1/../../../../arm-none-eabi/lib/armv6-m\libg_nano.a(lib_a-exit.o)
 .debug_frame   0x0000203c       0x2c c:/program files (x86)/cypress/psoc creator/4.2/psoc creator/import/gnu/arm/5.4.1/bin/../lib/gcc/arm-none-eabi/5.4.1/../../../../arm-none-eabi/lib/armv6-m\libg_nano.a(lib_a-init.o)
 .debug_frame   0x00002068       0x28 c:/program files (x86)/cypress/psoc creator/4.2/psoc creator/import/gnu/arm/5.4.1/bin/../lib/gcc/arm-none-eabi/5.4.1/../../../../arm-none-eabi/lib/armv6-m\libg_nano.a(lib_a-memcpy-stub.o)
 .debug_frame   0x00002090       0x20 c:/program files (x86)/cypress/psoc creator/4.2/psoc creator/import/gnu/arm/5.4.1/bin/../lib/gcc/arm-none-eabi/5.4.1/../../../../arm-none-eabi/lib/armv6-m\libg_nano.a(lib_a-memset.o)

.debug_str      0x00000000     0x25bb
 *(.debug_str)
 .debug_str     0x00000000      0x2be .\CortexM0\ARM_GCC_541\Debug\main.o
                                0x318 (size before relaxing)
 .debug_str     0x000002be      0x4ca .\CortexM0\ARM_GCC_541\Debug\RC522.o
                                0x765 (size before relaxing)
 .debug_str     0x00000788      0x217 .\CortexM0\ARM_GCC_541\Debug\LiquidCrystal_I2C.o
                                0x473 (size before relaxing)
 .debug_str     0x0000099f      0x169 .\CortexM0\ARM_GCC_541\Debug\cyfitter_cfg.o
                                0x35e (size before relaxing)
 .debug_str     0x00000b08       0x59 .\CortexM0\ARM_GCC_541\Debug\cymetadata.o
                                0x1f8 (size before relaxing)
 .debug_str     0x00000b61      0x135 .\CortexM0\ARM_GCC_541\Debug\Cm0Start.o
                                0x331 (size before relaxing)
 .debug_str     0x00000c96      0x202 .\CortexM0\ARM_GCC_541\Debug\RFID_Reader_PSOC.a(SPI.o)
                                0x41e (size before relaxing)
 .debug_str     0x00000e98       0xc2 .\CortexM0\ARM_GCC_541\Debug\RFID_Reader_PSOC.a(SPI_IntClock.o)
                                0x297 (size before relaxing)
 .debug_str     0x00000f5a      0x47d .\CortexM0\ARM_GCC_541\Debug\RFID_Reader_PSOC.a(CyLib.o)
                                0x6e6 (size before relaxing)
 .debug_str     0x000013d7      0x526 .\CortexM0\ARM_GCC_541\Debug\RFID_Reader_PSOC.a(CyLFClk.o)
                                0x76d (size before relaxing)
 .debug_str     0x000018fd       0x94 .\CortexM0\ARM_GCC_541\Debug\RFID_Reader_PSOC.a(RESET.o)
                                0x266 (size before relaxing)
 .debug_str     0x00001991      0x116 .\CortexM0\ARM_GCC_541\Debug\RFID_Reader_PSOC.a(I2C.o)
                                0x309 (size before relaxing)
 .debug_str     0x00001aa7       0x74 .\CortexM0\ARM_GCC_541\Debug\RFID_Reader_PSOC.a(I2C_I2C.o)
                                0x27e (size before relaxing)
 .debug_str     0x00001b1b      0x291 .\CortexM0\ARM_GCC_541\Debug\RFID_Reader_PSOC.a(I2C_I2C_MASTER.o)
                                0x51c (size before relaxing)
 .debug_str     0x00001dac       0x88 .\CortexM0\ARM_GCC_541\Debug\RFID_Reader_PSOC.a(I2C_sda.o)
                                0x274 (size before relaxing)
 .debug_str     0x00001e34       0x7a .\CortexM0\ARM_GCC_541\Debug\RFID_Reader_PSOC.a(I2C_scl.o)
                                0x274 (size before relaxing)
 .debug_str     0x00001eae      0x3b6 .\CortexM0\ARM_GCC_541\Debug\RFID_Reader_PSOC.a(PWM_1.o)
                                0x5e1 (size before relaxing)
 .debug_str     0x00002264      0x310 .\CortexM0\ARM_GCC_541\Debug\RFID_Reader_PSOC.a(PWM_2.o)
                                0x5e1 (size before relaxing)
 .debug_str     0x00002574       0x47 .\CortexM0\ARM_GCC_541\Debug\RFID_Reader_PSOC.a(I2C_I2C_INT.o)
                                0x2ee (size before relaxing)

.debug_loc      0x00000000     0x479e
 *(.debug_loc)
 .debug_loc     0x00000000       0x42 .\CortexM0\ARM_GCC_541\Debug\main.o
 .debug_loc     0x00000042     0x17e1 .\CortexM0\ARM_GCC_541\Debug\RC522.o
 .debug_loc     0x00001823      0x36f .\CortexM0\ARM_GCC_541\Debug\LiquidCrystal_I2C.o
 .debug_loc     0x00001b92      0x1fe .\CortexM0\ARM_GCC_541\Debug\cyfitter_cfg.o
 .debug_loc     0x00001d90      0x14f .\CortexM0\ARM_GCC_541\Debug\Cm0Start.o
 .debug_loc     0x00001edf      0x112 .\CortexM0\ARM_GCC_541\Debug\RFID_Reader_PSOC.a(SPI.o)
 .debug_loc     0x00001ff1       0x13 .\CortexM0\ARM_GCC_541\Debug\RFID_Reader_PSOC.a(SPI_IntClock.o)
 .debug_loc     0x00002004      0x599 .\CortexM0\ARM_GCC_541\Debug\RFID_Reader_PSOC.a(CyLib.o)
 .debug_loc     0x0000259d      0x9b5 .\CortexM0\ARM_GCC_541\Debug\RFID_Reader_PSOC.a(CyLFClk.o)
 .debug_loc     0x00002f52       0x81 .\CortexM0\ARM_GCC_541\Debug\RFID_Reader_PSOC.a(RESET.o)
 .debug_loc     0x00002fd3       0x7e .\CortexM0\ARM_GCC_541\Debug\RFID_Reader_PSOC.a(I2C.o)
 .debug_loc     0x00003051      0xa90 .\CortexM0\ARM_GCC_541\Debug\RFID_Reader_PSOC.a(I2C_I2C_MASTER.o)
 .debug_loc     0x00003ae1       0xa2 .\CortexM0\ARM_GCC_541\Debug\RFID_Reader_PSOC.a(I2C_sda.o)
 .debug_loc     0x00003b83       0x81 .\CortexM0\ARM_GCC_541\Debug\RFID_Reader_PSOC.a(I2C_scl.o)
 .debug_loc     0x00003c04      0x547 .\CortexM0\ARM_GCC_541\Debug\RFID_Reader_PSOC.a(PWM_1.o)
 .debug_loc     0x0000414b      0x547 .\CortexM0\ARM_GCC_541\Debug\RFID_Reader_PSOC.a(PWM_2.o)
 .debug_loc     0x00004692      0x10c .\CortexM0\ARM_GCC_541\Debug\RFID_Reader_PSOC.a(I2C_I2C_INT.o)

.debug_macinfo
 *(.debug_macinfo)

.debug_ranges   0x00000000      0xb00
 *(.debug_ranges)
 .debug_ranges  0x00000000       0x28 .\CortexM0\ARM_GCC_541\Debug\main.o
 .debug_ranges  0x00000028      0x1a0 .\CortexM0\ARM_GCC_541\Debug\RC522.o
 .debug_ranges  0x000001c8       0xf8 .\CortexM0\ARM_GCC_541\Debug\LiquidCrystal_I2C.o
 .debug_ranges  0x000002c0       0x30 .\CortexM0\ARM_GCC_541\Debug\cyfitter_cfg.o
 .debug_ranges  0x000002f0       0x38 .\CortexM0\ARM_GCC_541\Debug\Cm0Start.o
 .debug_ranges  0x00000328       0xc8 .\CortexM0\ARM_GCC_541\Debug\RFID_Reader_PSOC.a(SPI.o)
 .debug_ranges  0x000003f0       0x30 .\CortexM0\ARM_GCC_541\Debug\RFID_Reader_PSOC.a(SPI_IntClock.o)
 .debug_ranges  0x00000420      0x170 .\CortexM0\ARM_GCC_541\Debug\RFID_Reader_PSOC.a(CyLib.o)
 .debug_ranges  0x00000590      0x128 .\CortexM0\ARM_GCC_541\Debug\RFID_Reader_PSOC.a(CyLFClk.o)
 .debug_ranges  0x000006b8       0x38 .\CortexM0\ARM_GCC_541\Debug\RFID_Reader_PSOC.a(RESET.o)
 .debug_ranges  0x000006f0       0x58 .\CortexM0\ARM_GCC_541\Debug\RFID_Reader_PSOC.a(I2C.o)
 .debug_ranges  0x00000748       0x20 .\CortexM0\ARM_GCC_541\Debug\RFID_Reader_PSOC.a(I2C_I2C.o)
 .debug_ranges  0x00000768       0x88 .\CortexM0\ARM_GCC_541\Debug\RFID_Reader_PSOC.a(I2C_I2C_MASTER.o)
 .debug_ranges  0x000007f0       0x38 .\CortexM0\ARM_GCC_541\Debug\RFID_Reader_PSOC.a(I2C_sda.o)
 .debug_ranges  0x00000828       0x38 .\CortexM0\ARM_GCC_541\Debug\RFID_Reader_PSOC.a(I2C_scl.o)
 .debug_ranges  0x00000860      0x148 .\CortexM0\ARM_GCC_541\Debug\RFID_Reader_PSOC.a(PWM_1.o)
 .debug_ranges  0x000009a8      0x148 .\CortexM0\ARM_GCC_541\Debug\RFID_Reader_PSOC.a(PWM_2.o)
 .debug_ranges  0x00000af0       0x10 .\CortexM0\ARM_GCC_541\Debug\RFID_Reader_PSOC.a(I2C_I2C_INT.o)

.comment        0x00000000       0x6e
 .comment       0x00000000       0x6e .\CortexM0\ARM_GCC_541\Debug\main.o
                                 0x6f (size before relaxing)
 .comment       0x0000006e       0x6f .\CortexM0\ARM_GCC_541\Debug\RC522.o
 .comment       0x0000006e       0x6f .\CortexM0\ARM_GCC_541\Debug\LiquidCrystal_I2C.o
 .comment       0x0000006e       0x6f .\CortexM0\ARM_GCC_541\Debug\cyfitter_cfg.o
 .comment       0x0000006e       0x6f .\CortexM0\ARM_GCC_541\Debug\cymetadata.o
 .comment       0x0000006e       0x6f .\CortexM0\ARM_GCC_541\Debug\Cm0Start.o
 .comment       0x0000006e       0x6f .\CortexM0\ARM_GCC_541\Debug\RFID_Reader_PSOC.a(SPI.o)
 .comment       0x0000006e       0x6f .\CortexM0\ARM_GCC_541\Debug\RFID_Reader_PSOC.a(SPI_IntClock.o)
 .comment       0x0000006e       0x6f .\CortexM0\ARM_GCC_541\Debug\RFID_Reader_PSOC.a(CyLib.o)
 .comment       0x0000006e       0x6f .\CortexM0\ARM_GCC_541\Debug\RFID_Reader_PSOC.a(CyLFClk.o)
 .comment       0x0000006e       0x6f .\CortexM0\ARM_GCC_541\Debug\RFID_Reader_PSOC.a(RESET.o)
 .comment       0x0000006e       0x6f .\CortexM0\ARM_GCC_541\Debug\RFID_Reader_PSOC.a(I2C.o)
 .comment       0x0000006e       0x6f .\CortexM0\ARM_GCC_541\Debug\RFID_Reader_PSOC.a(I2C_I2C.o)
 .comment       0x0000006e       0x6f .\CortexM0\ARM_GCC_541\Debug\RFID_Reader_PSOC.a(I2C_I2C_MASTER.o)
 .comment       0x0000006e       0x6f .\CortexM0\ARM_GCC_541\Debug\RFID_Reader_PSOC.a(I2C_sda.o)
 .comment       0x0000006e       0x6f .\CortexM0\ARM_GCC_541\Debug\RFID_Reader_PSOC.a(I2C_scl.o)
 .comment       0x0000006e       0x6f .\CortexM0\ARM_GCC_541\Debug\RFID_Reader_PSOC.a(PWM_1.o)
 .comment       0x0000006e       0x6f .\CortexM0\ARM_GCC_541\Debug\RFID_Reader_PSOC.a(PWM_2.o)
 .comment       0x0000006e       0x6f .\CortexM0\ARM_GCC_541\Debug\RFID_Reader_PSOC.a(I2C_I2C_INT.o)

.debug_weaknames
 *(.debug_weaknames)

.debug_funcnames
 *(.debug_funcnames)

.debug_typenames
 *(.debug_typenames)

.debug_varnames
 *(.debug_varnames)

.note.gnu.arm.ident
 *(.note.gnu.arm.ident)

.ARM.attributes
                0x00000000       0x28
 *(.ARM.attributes)
 .ARM.attributes
                0x00000000       0x1e c:/program files (x86)/cypress/psoc creator/4.2/psoc creator/import/gnu/arm/5.4.1/bin/../lib/gcc/arm-none-eabi/5.4.1/armv6-m/crti.o
 .ARM.attributes
                0x0000001e       0x2c c:/program files (x86)/cypress/psoc creator/4.2/psoc creator/import/gnu/arm/5.4.1/bin/../lib/gcc/arm-none-eabi/5.4.1/armv6-m/crtbegin.o
 .ARM.attributes
                0x0000004a       0x1b c:/program files (x86)/cypress/psoc creator/4.2/psoc creator/import/gnu/arm/5.4.1/bin/../lib/gcc/arm-none-eabi/5.4.1/../../../../arm-none-eabi/lib/armv6-m/crt0.o
 .ARM.attributes
                0x00000065       0x31 .\CortexM0\ARM_GCC_541\Debug\main.o
 .ARM.attributes
                0x00000096       0x31 .\CortexM0\ARM_GCC_541\Debug\RC522.o
 .ARM.attributes
                0x000000c7       0x31 .\CortexM0\ARM_GCC_541\Debug\LiquidCrystal_I2C.o
 .ARM.attributes
                0x000000f8       0x31 .\CortexM0\ARM_GCC_541\Debug\cyfitter_cfg.o
 .ARM.attributes
                0x00000129       0x31 .\CortexM0\ARM_GCC_541\Debug\cymetadata.o
 .ARM.attributes
                0x0000015a       0x31 .\CortexM0\ARM_GCC_541\Debug\Cm0Start.o
 .ARM.attributes
                0x0000018b       0x31 .\CortexM0\ARM_GCC_541\Debug\RFID_Reader_PSOC.a(SPI.o)
 .ARM.attributes
                0x000001bc       0x31 .\CortexM0\ARM_GCC_541\Debug\RFID_Reader_PSOC.a(SPI_IntClock.o)
 .ARM.attributes
                0x000001ed       0x31 .\CortexM0\ARM_GCC_541\Debug\RFID_Reader_PSOC.a(CyLib.o)
 .ARM.attributes
                0x0000021e       0x31 .\CortexM0\ARM_GCC_541\Debug\RFID_Reader_PSOC.a(CyLFClk.o)
 .ARM.attributes
                0x0000024f       0x31 .\CortexM0\ARM_GCC_541\Debug\RFID_Reader_PSOC.a(RESET.o)
 .ARM.attributes
                0x00000280       0x31 .\CortexM0\ARM_GCC_541\Debug\RFID_Reader_PSOC.a(I2C.o)
 .ARM.attributes
                0x000002b1       0x31 .\CortexM0\ARM_GCC_541\Debug\RFID_Reader_PSOC.a(I2C_I2C.o)
 .ARM.attributes
                0x000002e2       0x31 .\CortexM0\ARM_GCC_541\Debug\RFID_Reader_PSOC.a(I2C_I2C_MASTER.o)
 .ARM.attributes
                0x00000313       0x31 .\CortexM0\ARM_GCC_541\Debug\RFID_Reader_PSOC.a(I2C_sda.o)
 .ARM.attributes
                0x00000344       0x31 .\CortexM0\ARM_GCC_541\Debug\RFID_Reader_PSOC.a(I2C_scl.o)
 .ARM.attributes
                0x00000375       0x31 .\CortexM0\ARM_GCC_541\Debug\RFID_Reader_PSOC.a(PWM_1.o)
 .ARM.attributes
                0x000003a6       0x31 .\CortexM0\ARM_GCC_541\Debug\RFID_Reader_PSOC.a(PWM_2.o)
 .ARM.attributes
                0x000003d7       0x21 .\CortexM0\ARM_GCC_541\Debug\RFID_Reader_PSOC.a(CyBootAsmGnu.o)
 .ARM.attributes
                0x000003f8       0x31 .\CortexM0\ARM_GCC_541\Debug\RFID_Reader_PSOC.a(I2C_I2C_INT.o)
 .ARM.attributes
                0x00000429       0x1e c:/program files (x86)/cypress/psoc creator/4.2/psoc creator/import/gnu/arm/5.4.1/bin/../lib/gcc/arm-none-eabi/5.4.1/armv6-m\libgcc.a(_udivsi3.o)
 .ARM.attributes
                0x00000447       0x1e c:/program files (x86)/cypress/psoc creator/4.2/psoc creator/import/gnu/arm/5.4.1/bin/../lib/gcc/arm-none-eabi/5.4.1/armv6-m\libgcc.a(_dvmd_tls.o)
 .ARM.attributes
                0x00000465       0x2c c:/program files (x86)/cypress/psoc creator/4.2/psoc creator/import/gnu/arm/5.4.1/bin/../lib/gcc/arm-none-eabi/5.4.1/../../../../arm-none-eabi/lib/armv6-m\libg_nano.a(lib_a-errno.o)
 .ARM.attributes
                0x00000491       0x2c c:/program files (x86)/cypress/psoc creator/4.2/psoc creator/import/gnu/arm/5.4.1/bin/../lib/gcc/arm-none-eabi/5.4.1/../../../../arm-none-eabi/lib/armv6-m\libg_nano.a(lib_a-exit.o)
 .ARM.attributes
                0x000004bd       0x2c c:/program files (x86)/cypress/psoc creator/4.2/psoc creator/import/gnu/arm/5.4.1/bin/../lib/gcc/arm-none-eabi/5.4.1/../../../../arm-none-eabi/lib/armv6-m\libg_nano.a(lib_a-impure.o)
 .ARM.attributes
                0x000004e9       0x2c c:/program files (x86)/cypress/psoc creator/4.2/psoc creator/import/gnu/arm/5.4.1/bin/../lib/gcc/arm-none-eabi/5.4.1/../../../../arm-none-eabi/lib/armv6-m\libg_nano.a(lib_a-init.o)
 .ARM.attributes
                0x00000515       0x2c c:/program files (x86)/cypress/psoc creator/4.2/psoc creator/import/gnu/arm/5.4.1/bin/../lib/gcc/arm-none-eabi/5.4.1/../../../../arm-none-eabi/lib/armv6-m\libg_nano.a(lib_a-memcpy-stub.o)
 .ARM.attributes
                0x00000541       0x2c c:/program files (x86)/cypress/psoc creator/4.2/psoc creator/import/gnu/arm/5.4.1/bin/../lib/gcc/arm-none-eabi/5.4.1/../../../../arm-none-eabi/lib/armv6-m\libg_nano.a(lib_a-memset.o)
 .ARM.attributes
                0x0000056d       0x1c c:/program files (x86)/cypress/psoc creator/4.2/psoc creator/import/gnu/arm/5.4.1/bin/../lib/gcc/arm-none-eabi/5.4.1/../../../../arm-none-eabi/lib/armv6-m\libg_nano.a(lib_a-strlen.o)
 .ARM.attributes
                0x00000589       0x2c c:/program files (x86)/cypress/psoc creator/4.2/psoc creator/import/gnu/arm/5.4.1/bin/../lib/gcc/arm-none-eabi/5.4.1/armv6-m/crtend.o
 .ARM.attributes
                0x000005b5       0x1e c:/program files (x86)/cypress/psoc creator/4.2/psoc creator/import/gnu/arm/5.4.1/bin/../lib/gcc/arm-none-eabi/5.4.1/armv6-m/crtn.o

/DISCARD/
 *(.note.GNU-stack)
OUTPUT(C:\Users\Abad_Sethi\Desktop\AbadPxl\2-EAI\Project_Onderzoek\Autonomous_Cart\AutonomousCart\RFID_Reader_PSOC.cydsn\CortexM0\ARM_GCC_541\Debug\RFID_Reader_PSOC.elf elf32-littlearm)
