Archive member included to satisfy reference by file (symbol)

.\CortexM0\ARM_GCC_541\Debug\I2C_LCD_PSOC.a(CyLib.o)
                              .\CortexM0\ARM_GCC_541\Debug\cyfitter_cfg.o (CyIntEnable)
.\CortexM0\ARM_GCC_541\Debug\I2C_LCD_PSOC.a(CyLFClk.o)
                              .\CortexM0\ARM_GCC_541\Debug\cyfitter_cfg.o (CySysWdtIsr)
.\CortexM0\ARM_GCC_541\Debug\I2C_LCD_PSOC.a(I2C.o)
                              .\CortexM0\ARM_GCC_541\Debug\main.o (I2C_Start)
.\CortexM0\ARM_GCC_541\Debug\I2C_LCD_PSOC.a(I2C_I2C.o)
                              .\CortexM0\ARM_GCC_541\Debug\I2C_LCD_PSOC.a(I2C.o) (I2C_I2CInit)
.\CortexM0\ARM_GCC_541\Debug\I2C_LCD_PSOC.a(I2C_I2C_MASTER.o)
                              .\CortexM0\ARM_GCC_541\Debug\LiquidCrystal_I2C.o (I2C_I2CMasterSendStart)
.\CortexM0\ARM_GCC_541\Debug\I2C_LCD_PSOC.a(I2C_sda.o)
                              .\CortexM0\ARM_GCC_541\Debug\I2C_LCD_PSOC.a(I2C_I2C_MASTER.o) (I2C_sda_Read)
.\CortexM0\ARM_GCC_541\Debug\I2C_LCD_PSOC.a(I2C_scl.o)
                              .\CortexM0\ARM_GCC_541\Debug\I2C_LCD_PSOC.a(I2C_I2C_MASTER.o) (I2C_scl_Write)
.\CortexM0\ARM_GCC_541\Debug\I2C_LCD_PSOC.a(SPI.o)
                              .\CortexM0\ARM_GCC_541\Debug\RC522.o (SPI_ReadTxStatus)
.\CortexM0\ARM_GCC_541\Debug\I2C_LCD_PSOC.a(RESET.o)
                              .\CortexM0\ARM_GCC_541\Debug\RC522.o (RESET_Write)
.\CortexM0\ARM_GCC_541\Debug\I2C_LCD_PSOC.a(SPI_IntClock.o)
                              .\CortexM0\ARM_GCC_541\Debug\I2C_LCD_PSOC.a(SPI.o) (SPI_IntClock_Start)
.\CortexM0\ARM_GCC_541\Debug\I2C_LCD_PSOC.a(CyBootAsmGnu.o)
                              .\CortexM0\ARM_GCC_541\Debug\I2C_LCD_PSOC.a(CyLib.o) (CyDelayCycles)
.\CortexM0\ARM_GCC_541\Debug\I2C_LCD_PSOC.a(I2C_I2C_INT.o)
                              .\CortexM0\ARM_GCC_541\Debug\I2C_LCD_PSOC.a(I2C_I2C.o) (I2C_I2C_ISR)
c:/program files (x86)/cypress/psoc creator/4.2/psoc creator/import/gnu/arm/5.4.1/bin/../lib/gcc/arm-none-eabi/5.4.1/armv6-m\libgcc.a(_udivsi3.o)
                              .\CortexM0\ARM_GCC_541\Debug\I2C_LCD_PSOC.a(CyLib.o) (__aeabi_uidiv)
c:/program files (x86)/cypress/psoc creator/4.2/psoc creator/import/gnu/arm/5.4.1/bin/../lib/gcc/arm-none-eabi/5.4.1/armv6-m\libgcc.a(_dvmd_tls.o)
                              c:/program files (x86)/cypress/psoc creator/4.2/psoc creator/import/gnu/arm/5.4.1/bin/../lib/gcc/arm-none-eabi/5.4.1/armv6-m\libgcc.a(_udivsi3.o) (__aeabi_idiv0)
c:/program files (x86)/cypress/psoc creator/4.2/psoc creator/import/gnu/arm/5.4.1/bin/../lib/gcc/arm-none-eabi/5.4.1/../../../../arm-none-eabi/lib/armv6-m\libg_nano.a(lib_a-errno.o)
                              .\CortexM0\ARM_GCC_541\Debug\Cm0Start.o (__errno)
c:/program files (x86)/cypress/psoc creator/4.2/psoc creator/import/gnu/arm/5.4.1/bin/../lib/gcc/arm-none-eabi/5.4.1/../../../../arm-none-eabi/lib/armv6-m\libg_nano.a(lib_a-exit.o)
                              c:/program files (x86)/cypress/psoc creator/4.2/psoc creator/import/gnu/arm/5.4.1/bin/../lib/gcc/arm-none-eabi/5.4.1/../../../../arm-none-eabi/lib/armv6-m/crt0.o (exit)
c:/program files (x86)/cypress/psoc creator/4.2/psoc creator/import/gnu/arm/5.4.1/bin/../lib/gcc/arm-none-eabi/5.4.1/../../../../arm-none-eabi/lib/armv6-m\libg_nano.a(lib_a-impure.o)
                              c:/program files (x86)/cypress/psoc creator/4.2/psoc creator/import/gnu/arm/5.4.1/bin/../lib/gcc/arm-none-eabi/5.4.1/../../../../arm-none-eabi/lib/armv6-m\libg_nano.a(lib_a-exit.o) (_global_impure_ptr)
c:/program files (x86)/cypress/psoc creator/4.2/psoc creator/import/gnu/arm/5.4.1/bin/../lib/gcc/arm-none-eabi/5.4.1/../../../../arm-none-eabi/lib/armv6-m\libg_nano.a(lib_a-init.o)
                              c:/program files (x86)/cypress/psoc creator/4.2/psoc creator/import/gnu/arm/5.4.1/bin/../lib/gcc/arm-none-eabi/5.4.1/../../../../arm-none-eabi/lib/armv6-m/crt0.o (__libc_init_array)
c:/program files (x86)/cypress/psoc creator/4.2/psoc creator/import/gnu/arm/5.4.1/bin/../lib/gcc/arm-none-eabi/5.4.1/../../../../arm-none-eabi/lib/armv6-m\libg_nano.a(lib_a-memcpy-stub.o)
                              .\CortexM0\ARM_GCC_541\Debug\RC522.o (memcpy)
c:/program files (x86)/cypress/psoc creator/4.2/psoc creator/import/gnu/arm/5.4.1/bin/../lib/gcc/arm-none-eabi/5.4.1/../../../../arm-none-eabi/lib/armv6-m\libg_nano.a(lib_a-memset.o)
                              c:/program files (x86)/cypress/psoc creator/4.2/psoc creator/import/gnu/arm/5.4.1/bin/../lib/gcc/arm-none-eabi/5.4.1/../../../../arm-none-eabi/lib/armv6-m/crt0.o (memset)
c:/program files (x86)/cypress/psoc creator/4.2/psoc creator/import/gnu/arm/5.4.1/bin/../lib/gcc/arm-none-eabi/5.4.1/../../../../arm-none-eabi/lib/armv6-m\libg_nano.a(lib_a-strlen.o)
                              .\CortexM0\ARM_GCC_541\Debug\LiquidCrystal_I2C.o (strlen)

Allocating common symbols
Common symbol       size              file

_backlightval       0x1               .\CortexM0\ARM_GCC_541\Debug\LiquidCrystal_I2C.o
I2C_mstrWrBufIndexTmp
                    0x4               .\CortexM0\ARM_GCC_541\Debug\I2C_LCD_PSOC.a(I2C_I2C_MASTER.o)
uid                 0xc               .\CortexM0\ARM_GCC_541\Debug\main.o
readDummy           0x1               .\CortexM0\ARM_GCC_541\Debug\RC522.o
SPI_swStatusTx      0x1               .\CortexM0\ARM_GCC_541\Debug\I2C_LCD_PSOC.a(SPI.o)
SPI_swStatusRx      0x1               .\CortexM0\ARM_GCC_541\Debug\I2C_LCD_PSOC.a(SPI.o)
_addr               0x1               .\CortexM0\ARM_GCC_541\Debug\LiquidCrystal_I2C.o
_displaycontrol     0x1               .\CortexM0\ARM_GCC_541\Debug\LiquidCrystal_I2C.o
_charsize           0x1               .\CortexM0\ARM_GCC_541\Debug\LiquidCrystal_I2C.o
I2C_state           0x1               .\CortexM0\ARM_GCC_541\Debug\I2C_LCD_PSOC.a(I2C_I2C.o)
I2C_mstrWrBufIndex  0x4               .\CortexM0\ARM_GCC_541\Debug\I2C_LCD_PSOC.a(I2C_I2C_MASTER.o)
_displaymode        0x1               .\CortexM0\ARM_GCC_541\Debug\LiquidCrystal_I2C.o
_displayfunction    0x1               .\CortexM0\ARM_GCC_541\Debug\LiquidCrystal_I2C.o
I2C_mstrWrBufSize   0x4               .\CortexM0\ARM_GCC_541\Debug\I2C_LCD_PSOC.a(I2C_I2C_MASTER.o)
I2C_mstrStatus      0x2               .\CortexM0\ARM_GCC_541\Debug\I2C_LCD_PSOC.a(I2C_I2C_MASTER.o)
_cols               0x1               .\CortexM0\ARM_GCC_541\Debug\LiquidCrystal_I2C.o
I2C_mstrRdBufPtr    0x4               .\CortexM0\ARM_GCC_541\Debug\I2C_LCD_PSOC.a(I2C_I2C_MASTER.o)
I2C_mstrControl     0x1               .\CortexM0\ARM_GCC_541\Debug\I2C_LCD_PSOC.a(I2C_I2C_MASTER.o)
I2C_mstrRdBufSize   0x4               .\CortexM0\ARM_GCC_541\Debug\I2C_LCD_PSOC.a(I2C_I2C_MASTER.o)
I2C_mstrRdBufIndex  0x4               .\CortexM0\ARM_GCC_541\Debug\I2C_LCD_PSOC.a(I2C_I2C_MASTER.o)
I2C_mstrWrBufPtr    0x4               .\CortexM0\ARM_GCC_541\Debug\I2C_LCD_PSOC.a(I2C_I2C_MASTER.o)
readData            0x1               .\CortexM0\ARM_GCC_541\Debug\RC522.o
_rows               0x1               .\CortexM0\ARM_GCC_541\Debug\LiquidCrystal_I2C.o

Discarded input sections

 .text          0x00000000        0x0 c:/program files (x86)/cypress/psoc creator/4.2/psoc creator/import/gnu/arm/5.4.1/bin/../lib/gcc/arm-none-eabi/5.4.1/armv6-m/crti.o
 .data          0x00000000        0x0 c:/program files (x86)/cypress/psoc creator/4.2/psoc creator/import/gnu/arm/5.4.1/bin/../lib/gcc/arm-none-eabi/5.4.1/armv6-m/crti.o
 .bss           0x00000000        0x0 c:/program files (x86)/cypress/psoc creator/4.2/psoc creator/import/gnu/arm/5.4.1/bin/../lib/gcc/arm-none-eabi/5.4.1/armv6-m/crti.o
 .data          0x00000000        0x4 c:/program files (x86)/cypress/psoc creator/4.2/psoc creator/import/gnu/arm/5.4.1/bin/../lib/gcc/arm-none-eabi/5.4.1/armv6-m/crtbegin.o
 .text          0x00000000       0x78 c:/program files (x86)/cypress/psoc creator/4.2/psoc creator/import/gnu/arm/5.4.1/bin/../lib/gcc/arm-none-eabi/5.4.1/../../../../arm-none-eabi/lib/armv6-m/crt0.o
 .data          0x00000000        0x0 c:/program files (x86)/cypress/psoc creator/4.2/psoc creator/import/gnu/arm/5.4.1/bin/../lib/gcc/arm-none-eabi/5.4.1/../../../../arm-none-eabi/lib/armv6-m/crt0.o
 .bss           0x00000000        0x0 c:/program files (x86)/cypress/psoc creator/4.2/psoc creator/import/gnu/arm/5.4.1/bin/../lib/gcc/arm-none-eabi/5.4.1/../../../../arm-none-eabi/lib/armv6-m/crt0.o
 .ARM.extab     0x00000000        0x0 c:/program files (x86)/cypress/psoc creator/4.2/psoc creator/import/gnu/arm/5.4.1/bin/../lib/gcc/arm-none-eabi/5.4.1/../../../../arm-none-eabi/lib/armv6-m/crt0.o
 .ARM.exidx     0x00000000        0x8 c:/program files (x86)/cypress/psoc creator/4.2/psoc creator/import/gnu/arm/5.4.1/bin/../lib/gcc/arm-none-eabi/5.4.1/../../../../arm-none-eabi/lib/armv6-m/crt0.o
 .text          0x00000000        0x0 .\CortexM0\ARM_GCC_541\Debug\main.o
 .bss           0x00000000        0x0 .\CortexM0\ARM_GCC_541\Debug\main.o
 .text          0x00000000        0x0 .\CortexM0\ARM_GCC_541\Debug\LiquidCrystal_I2C.o
 .data          0x00000000        0x0 .\CortexM0\ARM_GCC_541\Debug\LiquidCrystal_I2C.o
 .bss           0x00000000        0x0 .\CortexM0\ARM_GCC_541\Debug\LiquidCrystal_I2C.o
 .text.noBacklight
                0x00000000       0x14 .\CortexM0\ARM_GCC_541\Debug\LiquidCrystal_I2C.o
 .text.backlight
                0x00000000       0x14 .\CortexM0\ARM_GCC_541\Debug\LiquidCrystal_I2C.o
 .text.setBacklight
                0x00000000       0x14 .\CortexM0\ARM_GCC_541\Debug\LiquidCrystal_I2C.o
 .text.setCursor
                0x00000000       0x40 .\CortexM0\ARM_GCC_541\Debug\LiquidCrystal_I2C.o
 .text.noDisplay
                0x00000000       0x1c .\CortexM0\ARM_GCC_541\Debug\LiquidCrystal_I2C.o
 .text.noCursor
                0x00000000       0x1c .\CortexM0\ARM_GCC_541\Debug\LiquidCrystal_I2C.o
 .text.cursor   0x00000000       0x20 .\CortexM0\ARM_GCC_541\Debug\LiquidCrystal_I2C.o
 .text.noBlink  0x00000000       0x1c .\CortexM0\ARM_GCC_541\Debug\LiquidCrystal_I2C.o
 .text.blink    0x00000000       0x20 .\CortexM0\ARM_GCC_541\Debug\LiquidCrystal_I2C.o
 .text.scrollDisplayLeft
                0x00000000        0xc .\CortexM0\ARM_GCC_541\Debug\LiquidCrystal_I2C.o
 .text.scrollDisplayRight
                0x00000000        0xc .\CortexM0\ARM_GCC_541\Debug\LiquidCrystal_I2C.o
 .text.leftToRight
                0x00000000       0x20 .\CortexM0\ARM_GCC_541\Debug\LiquidCrystal_I2C.o
 .text.rightToLeft
                0x00000000       0x1c .\CortexM0\ARM_GCC_541\Debug\LiquidCrystal_I2C.o
 .text.autoscroll
                0x00000000       0x20 .\CortexM0\ARM_GCC_541\Debug\LiquidCrystal_I2C.o
 .text.noAutoscroll
                0x00000000       0x1c .\CortexM0\ARM_GCC_541\Debug\LiquidCrystal_I2C.o
 .text.createChar
                0x00000000       0x28 .\CortexM0\ARM_GCC_541\Debug\LiquidCrystal_I2C.o
 .text.load_custom_character
                0x00000000        0x8 .\CortexM0\ARM_GCC_541\Debug\LiquidCrystal_I2C.o
 .rodata        0x00000000       0x10 .\CortexM0\ARM_GCC_541\Debug\LiquidCrystal_I2C.o
 .text          0x00000000        0x0 .\CortexM0\ARM_GCC_541\Debug\RC522.o
 .data          0x00000000        0x0 .\CortexM0\ARM_GCC_541\Debug\RC522.o
 .bss           0x00000000        0x0 .\CortexM0\ARM_GCC_541\Debug\RC522.o
 .text.PCD_Reset
                0x00000000       0x28 .\CortexM0\ARM_GCC_541\Debug\RC522.o
 .text.PCD_AntennaOff
                0x00000000        0xc .\CortexM0\ARM_GCC_541\Debug\RC522.o
 .text.PCD_GetAntennaGain
                0x00000000       0x10 .\CortexM0\ARM_GCC_541\Debug\RC522.o
 .text.PCD_SetAntennaGain
                0x00000000       0x20 .\CortexM0\ARM_GCC_541\Debug\RC522.o
 .text.PCD_PerformSelfTest
                0x00000000       0x7c .\CortexM0\ARM_GCC_541\Debug\RC522.o
 .text.PCD_SoftPowerDown
                0x00000000       0x18 .\CortexM0\ARM_GCC_541\Debug\RC522.o
 .text.PCD_SoftPowerUp
                0x00000000       0x38 .\CortexM0\ARM_GCC_541\Debug\RC522.o
 .text.PICC_WakeupA
                0x00000000       0x10 .\CortexM0\ARM_GCC_541\Debug\RC522.o
 .text.PICC_HaltA
                0x00000000       0x40 .\CortexM0\ARM_GCC_541\Debug\RC522.o
 .text.PCD_Authenticate
                0x00000000       0x58 .\CortexM0\ARM_GCC_541\Debug\RC522.o
 .text.PCD_StopCrypto1
                0x00000000        0xc .\CortexM0\ARM_GCC_541\Debug\RC522.o
 .text.MIFARE_Read
                0x00000000       0x48 .\CortexM0\ARM_GCC_541\Debug\RC522.o
 .text.MIFARE_GetValue
                0x00000000       0x34 .\CortexM0\ARM_GCC_541\Debug\RC522.o
 .text.PCD_NTAG216_AUTH
                0x00000000       0x64 .\CortexM0\ARM_GCC_541\Debug\RC522.o
 .text.PCD_MIFARE_Transceive
                0x00000000       0x98 .\CortexM0\ARM_GCC_541\Debug\RC522.o
 .text.MIFARE_Write
                0x00000000       0x3c .\CortexM0\ARM_GCC_541\Debug\RC522.o
 .text.MIFARE_SetValue
                0x00000000       0x4c .\CortexM0\ARM_GCC_541\Debug\RC522.o
 .text.MIFARE_Ultralight_Write
                0x00000000       0x34 .\CortexM0\ARM_GCC_541\Debug\RC522.o
 .text.MIFARE_TwoStepHelper
                0x00000000       0x28 .\CortexM0\ARM_GCC_541\Debug\RC522.o
 .text.MIFARE_Decrement
                0x00000000       0x10 .\CortexM0\ARM_GCC_541\Debug\RC522.o
 .text.MIFARE_Increment
                0x00000000       0x10 .\CortexM0\ARM_GCC_541\Debug\RC522.o
 .text.MIFARE_Restore
                0x00000000       0x10 .\CortexM0\ARM_GCC_541\Debug\RC522.o
 .text.MIFARE_Transfer
                0x00000000       0x1c .\CortexM0\ARM_GCC_541\Debug\RC522.o
 COMMON         0x00000000        0x2 .\CortexM0\ARM_GCC_541\Debug\RC522.o
 .text          0x00000000        0x0 .\CortexM0\ARM_GCC_541\Debug\cyfitter_cfg.o
 .data          0x00000000        0x0 .\CortexM0\ARM_GCC_541\Debug\cyfitter_cfg.o
 .bss           0x00000000        0x0 .\CortexM0\ARM_GCC_541\Debug\cyfitter_cfg.o
 .text          0x00000000        0x0 .\CortexM0\ARM_GCC_541\Debug\cymetadata.o
 .data          0x00000000        0x0 .\CortexM0\ARM_GCC_541\Debug\cymetadata.o
 .bss           0x00000000        0x0 .\CortexM0\ARM_GCC_541\Debug\cymetadata.o
 .text          0x00000000        0x0 .\CortexM0\ARM_GCC_541\Debug\Cm0Start.o
 .data          0x00000000        0x4 .\CortexM0\ARM_GCC_541\Debug\Cm0Start.o
 .bss           0x00000000        0x0 .\CortexM0\ARM_GCC_541\Debug\Cm0Start.o
 .text._exit    0x00000000        0xc .\CortexM0\ARM_GCC_541\Debug\Cm0Start.o
 .text._sbrk    0x00000000       0x30 .\CortexM0\ARM_GCC_541\Debug\Cm0Start.o
 .text          0x00000000        0x0 .\CortexM0\ARM_GCC_541\Debug\I2C_LCD_PSOC.a(CyLib.o)
 .bss           0x00000000       0x18 .\CortexM0\ARM_GCC_541\Debug\I2C_LCD_PSOC.a(CyLib.o)
 .text.CySysClkImoStart
                0x00000000       0x14 .\CortexM0\ARM_GCC_541\Debug\I2C_LCD_PSOC.a(CyLib.o)
 .text.CySysClkImoStop
                0x00000000       0x10 .\CortexM0\ARM_GCC_541\Debug\I2C_LCD_PSOC.a(CyLib.o)
 .text.CySysClkWriteHfclkDirect
                0x00000000       0x20 .\CortexM0\ARM_GCC_541\Debug\I2C_LCD_PSOC.a(CyLib.o)
 .text.CySysEnablePumpClock
                0x00000000       0x38 .\CortexM0\ARM_GCC_541\Debug\I2C_LCD_PSOC.a(CyLib.o)
 .text.CySysClkGetSysclkSource
                0x00000000       0x1c .\CortexM0\ARM_GCC_541\Debug\I2C_LCD_PSOC.a(CyLib.o)
 .text.CySysClkWriteSysclkDiv
                0x00000000       0x30 .\CortexM0\ARM_GCC_541\Debug\I2C_LCD_PSOC.a(CyLib.o)
 .text.CySysLvdDisable
                0x00000000       0x20 .\CortexM0\ARM_GCC_541\Debug\I2C_LCD_PSOC.a(CyLib.o)
 .text.CySysLvdGetInterruptSource
                0x00000000       0x10 .\CortexM0\ARM_GCC_541\Debug\I2C_LCD_PSOC.a(CyLib.o)
 .text.CySysLvdClearInterrupt
                0x00000000        0xc .\CortexM0\ARM_GCC_541\Debug\I2C_LCD_PSOC.a(CyLib.o)
 .text.CySysGetResetReason
                0x00000000       0x14 .\CortexM0\ARM_GCC_541\Debug\I2C_LCD_PSOC.a(CyLib.o)
 .text.CyDisableInts
                0x00000000       0x10 .\CortexM0\ARM_GCC_541\Debug\I2C_LCD_PSOC.a(CyLib.o)
 .text.CyEnableInts
                0x00000000        0xc .\CortexM0\ARM_GCC_541\Debug\I2C_LCD_PSOC.a(CyLib.o)
 .text.CyIntGetState
                0x00000000       0x18 .\CortexM0\ARM_GCC_541\Debug\I2C_LCD_PSOC.a(CyLib.o)
 .text.CyIntSetPending
                0x00000000       0x14 .\CortexM0\ARM_GCC_541\Debug\I2C_LCD_PSOC.a(CyLib.o)
 .text.CyIntClearPending
                0x00000000       0x14 .\CortexM0\ARM_GCC_541\Debug\I2C_LCD_PSOC.a(CyLib.o)
 .text.CyIntSetSysVector
                0x00000000       0x20 .\CortexM0\ARM_GCC_541\Debug\I2C_LCD_PSOC.a(CyLib.o)
 .text.CyIntGetSysVector
                0x00000000       0x1c .\CortexM0\ARM_GCC_541\Debug\I2C_LCD_PSOC.a(CyLib.o)
 .text.CyIntGetVector
                0x00000000       0x20 .\CortexM0\ARM_GCC_541\Debug\I2C_LCD_PSOC.a(CyLib.o)
 .text.CyIntGetPriority
                0x00000000       0x2c .\CortexM0\ARM_GCC_541\Debug\I2C_LCD_PSOC.a(CyLib.o)
 .text.CySoftwareReset
                0x00000000       0x18 .\CortexM0\ARM_GCC_541\Debug\I2C_LCD_PSOC.a(CyLib.o)
 .text.CySysLvdEnable
                0x00000000       0x44 .\CortexM0\ARM_GCC_541\Debug\I2C_LCD_PSOC.a(CyLib.o)
 .text.CyDelayFreq
                0x00000000       0x4c .\CortexM0\ARM_GCC_541\Debug\I2C_LCD_PSOC.a(CyLib.o)
 .text.CySysTickStop
                0x00000000       0x10 .\CortexM0\ARM_GCC_541\Debug\I2C_LCD_PSOC.a(CyLib.o)
 .text.CySysTickEnableInterrupt
                0x00000000       0x10 .\CortexM0\ARM_GCC_541\Debug\I2C_LCD_PSOC.a(CyLib.o)
 .text.CySysTickEnable
                0x00000000       0x18 .\CortexM0\ARM_GCC_541\Debug\I2C_LCD_PSOC.a(CyLib.o)
 .text.CySysTickDisableInterrupt
                0x00000000       0x10 .\CortexM0\ARM_GCC_541\Debug\I2C_LCD_PSOC.a(CyLib.o)
 .text.CySysTickSetReload
                0x00000000       0x10 .\CortexM0\ARM_GCC_541\Debug\I2C_LCD_PSOC.a(CyLib.o)
 .text.CySysTickGetReload
                0x00000000       0x10 .\CortexM0\ARM_GCC_541\Debug\I2C_LCD_PSOC.a(CyLib.o)
 .text.CySysTickGetValue
                0x00000000       0x10 .\CortexM0\ARM_GCC_541\Debug\I2C_LCD_PSOC.a(CyLib.o)
 .text.CySysTickGetCountFlag
                0x00000000       0x10 .\CortexM0\ARM_GCC_541\Debug\I2C_LCD_PSOC.a(CyLib.o)
 .text.CySysTickServiceCallbacks
                0x00000000       0x28 .\CortexM0\ARM_GCC_541\Debug\I2C_LCD_PSOC.a(CyLib.o)
 .text.CySysTickClear
                0x00000000        0xc .\CortexM0\ARM_GCC_541\Debug\I2C_LCD_PSOC.a(CyLib.o)
 .text.CySysTickInit
                0x00000000       0x40 .\CortexM0\ARM_GCC_541\Debug\I2C_LCD_PSOC.a(CyLib.o)
 .text.CySysTickStart
                0x00000000       0x20 .\CortexM0\ARM_GCC_541\Debug\I2C_LCD_PSOC.a(CyLib.o)
 .text.CySysTickSetCallback
                0x00000000       0x10 .\CortexM0\ARM_GCC_541\Debug\I2C_LCD_PSOC.a(CyLib.o)
 .text.CySysTickGetCallback
                0x00000000        0xc .\CortexM0\ARM_GCC_541\Debug\I2C_LCD_PSOC.a(CyLib.o)
 .text.CyGetUniqueId
                0x00000000       0x70 .\CortexM0\ARM_GCC_541\Debug\I2C_LCD_PSOC.a(CyLib.o)
 .text          0x00000000        0x0 .\CortexM0\ARM_GCC_541\Debug\I2C_LCD_PSOC.a(CyLFClk.o)
 .text.CySysClkIloEnabled
                0x00000000       0x14 .\CortexM0\ARM_GCC_541\Debug\I2C_LCD_PSOC.a(CyLFClk.o)
 .text.CySysClkIloStart
                0x00000000       0x14 .\CortexM0\ARM_GCC_541\Debug\I2C_LCD_PSOC.a(CyLFClk.o)
 .text.CySysClkIloStartMeasurement
                0x00000000       0x34 .\CortexM0\ARM_GCC_541\Debug\I2C_LCD_PSOC.a(CyLFClk.o)
 .text.CySysClkIloStopMeasurement
                0x00000000       0x14 .\CortexM0\ARM_GCC_541\Debug\I2C_LCD_PSOC.a(CyLFClk.o)
 .text.CySysClkIloCompensate
                0x00000000      0x104 .\CortexM0\ARM_GCC_541\Debug\I2C_LCD_PSOC.a(CyLFClk.o)
 .text.CySysWdtGetEnabledStatus
                0x00000000       0x24 .\CortexM0\ARM_GCC_541\Debug\I2C_LCD_PSOC.a(CyLFClk.o)
 .text.CySysWdtSetMode
                0x00000000       0x38 .\CortexM0\ARM_GCC_541\Debug\I2C_LCD_PSOC.a(CyLFClk.o)
 .text.CySysClkLfclkPosedgeRestore
                0x00000000       0x2c .\CortexM0\ARM_GCC_541\Debug\I2C_LCD_PSOC.a(CyLFClk.o)
 .text.CySysWdtGetMode
                0x00000000       0x14 .\CortexM0\ARM_GCC_541\Debug\I2C_LCD_PSOC.a(CyLFClk.o)
 .text.CySysWdtSetClearOnMatch
                0x00000000       0x34 .\CortexM0\ARM_GCC_541\Debug\I2C_LCD_PSOC.a(CyLFClk.o)
 .text.CySysWdtGetClearOnMatch
                0x00000000       0x24 .\CortexM0\ARM_GCC_541\Debug\I2C_LCD_PSOC.a(CyLFClk.o)
 .text.CySysWdtEnable
                0x00000000       0x40 .\CortexM0\ARM_GCC_541\Debug\I2C_LCD_PSOC.a(CyLFClk.o)
 .text.CySysWdtDisable
                0x00000000       0x44 .\CortexM0\ARM_GCC_541\Debug\I2C_LCD_PSOC.a(CyLFClk.o)
 .text.CySysWdtSetCascade
                0x00000000       0x34 .\CortexM0\ARM_GCC_541\Debug\I2C_LCD_PSOC.a(CyLFClk.o)
 .text.CySysWdtGetCascade
                0x00000000       0x14 .\CortexM0\ARM_GCC_541\Debug\I2C_LCD_PSOC.a(CyLFClk.o)
 .text.CySysWdtSetMatch
                0x00000000       0x38 .\CortexM0\ARM_GCC_541\Debug\I2C_LCD_PSOC.a(CyLFClk.o)
 .text.CySysWdtSetToggleBit
                0x00000000       0x30 .\CortexM0\ARM_GCC_541\Debug\I2C_LCD_PSOC.a(CyLFClk.o)
 .text.CySysWdtGetToggleBit
                0x00000000       0x10 .\CortexM0\ARM_GCC_541\Debug\I2C_LCD_PSOC.a(CyLFClk.o)
 .text.CySysWdtGetMatch
                0x00000000       0x20 .\CortexM0\ARM_GCC_541\Debug\I2C_LCD_PSOC.a(CyLFClk.o)
 .text.CySysWdtGetCount
                0x00000000       0x3c .\CortexM0\ARM_GCC_541\Debug\I2C_LCD_PSOC.a(CyLFClk.o)
 .text.CySysClkLfclkPosedgeCatch
                0x00000000       0x74 .\CortexM0\ARM_GCC_541\Debug\I2C_LCD_PSOC.a(CyLFClk.o)
 .text.CySysClkIloStop
                0x00000000       0x38 .\CortexM0\ARM_GCC_541\Debug\I2C_LCD_PSOC.a(CyLFClk.o)
 .text.CySysWdtGetInterruptSource
                0x00000000       0x14 .\CortexM0\ARM_GCC_541\Debug\I2C_LCD_PSOC.a(CyLFClk.o)
 .text.CySysWdtResetCounters
                0x00000000       0x20 .\CortexM0\ARM_GCC_541\Debug\I2C_LCD_PSOC.a(CyLFClk.o)
 .text.CySysWdtSetInterruptCallback
                0x00000000       0x20 .\CortexM0\ARM_GCC_541\Debug\I2C_LCD_PSOC.a(CyLFClk.o)
 .text.CySysWdtGetInterruptCallback
                0x00000000       0x20 .\CortexM0\ARM_GCC_541\Debug\I2C_LCD_PSOC.a(CyLFClk.o)
 .text.CySysWdtEnableCounterIsr
                0x00000000       0x34 .\CortexM0\ARM_GCC_541\Debug\I2C_LCD_PSOC.a(CyLFClk.o)
 .text.CySysWdtDisableCounterIsr
                0x00000000       0x28 .\CortexM0\ARM_GCC_541\Debug\I2C_LCD_PSOC.a(CyLFClk.o)
 .text.CySysWatchdogFeed
                0x00000000       0x60 .\CortexM0\ARM_GCC_541\Debug\I2C_LCD_PSOC.a(CyLFClk.o)
 .text.CySysTimerDelayUntilMatch
                0x00000000       0x6c .\CortexM0\ARM_GCC_541\Debug\I2C_LCD_PSOC.a(CyLFClk.o)
 .text.CySysTimerDelay
                0x00000000       0x3c .\CortexM0\ARM_GCC_541\Debug\I2C_LCD_PSOC.a(CyLFClk.o)
 .rodata        0x00000000        0xc .\CortexM0\ARM_GCC_541\Debug\I2C_LCD_PSOC.a(CyLFClk.o)
 .text          0x00000000        0x0 .\CortexM0\ARM_GCC_541\Debug\I2C_LCD_PSOC.a(I2C.o)
 .data          0x00000000        0x0 .\CortexM0\ARM_GCC_541\Debug\I2C_LCD_PSOC.a(I2C.o)
 .text.I2C_ScbModeStop
                0x00000000        0x8 .\CortexM0\ARM_GCC_541\Debug\I2C_LCD_PSOC.a(I2C.o)
 .text.I2C_Stop
                0x00000000       0x2c .\CortexM0\ARM_GCC_541\Debug\I2C_LCD_PSOC.a(I2C.o)
 .text.I2C_SetRxFifoLevel
                0x00000000       0x14 .\CortexM0\ARM_GCC_541\Debug\I2C_LCD_PSOC.a(I2C.o)
 .text.I2C_SetTxFifoLevel
                0x00000000       0x14 .\CortexM0\ARM_GCC_541\Debug\I2C_LCD_PSOC.a(I2C.o)
 .text.I2C_SetCustomInterruptHandler
                0x00000000        0xc .\CortexM0\ARM_GCC_541\Debug\I2C_LCD_PSOC.a(I2C.o)
 .text.I2C_I2CSlaveNackGeneration
                0x00000000       0x3c .\CortexM0\ARM_GCC_541\Debug\I2C_LCD_PSOC.a(I2C.o)
 .text          0x00000000        0x0 .\CortexM0\ARM_GCC_541\Debug\I2C_LCD_PSOC.a(I2C_I2C.o)
 .data          0x00000000        0x0 .\CortexM0\ARM_GCC_541\Debug\I2C_LCD_PSOC.a(I2C_I2C.o)
 .bss           0x00000000        0x0 .\CortexM0\ARM_GCC_541\Debug\I2C_LCD_PSOC.a(I2C_I2C.o)
 .text.I2C_I2CStop
                0x00000000       0x20 .\CortexM0\ARM_GCC_541\Debug\I2C_LCD_PSOC.a(I2C_I2C.o)
 .text          0x00000000        0x0 .\CortexM0\ARM_GCC_541\Debug\I2C_LCD_PSOC.a(I2C_I2C_MASTER.o)
 .data          0x00000000        0x0 .\CortexM0\ARM_GCC_541\Debug\I2C_LCD_PSOC.a(I2C_I2C_MASTER.o)
 .bss           0x00000000        0x0 .\CortexM0\ARM_GCC_541\Debug\I2C_LCD_PSOC.a(I2C_I2C_MASTER.o)
 .text.I2C_I2CMasterReadByte
                0x00000000       0x7c .\CortexM0\ARM_GCC_541\Debug\I2C_LCD_PSOC.a(I2C_I2C_MASTER.o)
 .text.I2C_I2CMasterGetReadBufSize
                0x00000000        0xc .\CortexM0\ARM_GCC_541\Debug\I2C_LCD_PSOC.a(I2C_I2C_MASTER.o)
 .text.I2C_I2CMasterGetWriteBufSize
                0x00000000        0xc .\CortexM0\ARM_GCC_541\Debug\I2C_LCD_PSOC.a(I2C_I2C_MASTER.o)
 .text.I2C_I2CMasterClearReadBuf
                0x00000000       0x28 .\CortexM0\ARM_GCC_541\Debug\I2C_LCD_PSOC.a(I2C_I2C_MASTER.o)
 .text.I2C_I2CMasterClearWriteBuf
                0x00000000       0x28 .\CortexM0\ARM_GCC_541\Debug\I2C_LCD_PSOC.a(I2C_I2C_MASTER.o)
 .text.I2C_I2CMasterStatus
                0x00000000       0x30 .\CortexM0\ARM_GCC_541\Debug\I2C_LCD_PSOC.a(I2C_I2C_MASTER.o)
 .text.I2C_I2CMasterClearStatus
                0x00000000       0x20 .\CortexM0\ARM_GCC_541\Debug\I2C_LCD_PSOC.a(I2C_I2C_MASTER.o)
 .text.I2C_I2CReStartGeneration
                0x00000000       0xc4 .\CortexM0\ARM_GCC_541\Debug\I2C_LCD_PSOC.a(I2C_I2C_MASTER.o)
 .text.I2C_I2CMasterWriteBuf
                0x00000000       0xf8 .\CortexM0\ARM_GCC_541\Debug\I2C_LCD_PSOC.a(I2C_I2C_MASTER.o)
 .text.I2C_I2CMasterReadBuf
                0x00000000      0x108 .\CortexM0\ARM_GCC_541\Debug\I2C_LCD_PSOC.a(I2C_I2C_MASTER.o)
 .text.I2C_I2CMasterSendRestart
                0x00000000       0x68 .\CortexM0\ARM_GCC_541\Debug\I2C_LCD_PSOC.a(I2C_I2C_MASTER.o)
 .text          0x00000000        0x0 .\CortexM0\ARM_GCC_541\Debug\I2C_LCD_PSOC.a(I2C_sda.o)
 .data          0x00000000        0x0 .\CortexM0\ARM_GCC_541\Debug\I2C_LCD_PSOC.a(I2C_sda.o)
 .bss           0x00000000        0x0 .\CortexM0\ARM_GCC_541\Debug\I2C_LCD_PSOC.a(I2C_sda.o)
 .text.I2C_sda_SetDriveMode
                0x00000000       0x14 .\CortexM0\ARM_GCC_541\Debug\I2C_LCD_PSOC.a(I2C_sda.o)
 .text.I2C_sda_Write
                0x00000000       0x18 .\CortexM0\ARM_GCC_541\Debug\I2C_LCD_PSOC.a(I2C_sda.o)
 .text.I2C_sda_Read
                0x00000000       0x10 .\CortexM0\ARM_GCC_541\Debug\I2C_LCD_PSOC.a(I2C_sda.o)
 .text.I2C_sda_ReadDataReg
                0x00000000       0x10 .\CortexM0\ARM_GCC_541\Debug\I2C_LCD_PSOC.a(I2C_sda.o)
 .text.I2C_sda_SetInterruptMode
                0x00000000       0x14 .\CortexM0\ARM_GCC_541\Debug\I2C_LCD_PSOC.a(I2C_sda.o)
 .text.I2C_sda_ClearInterrupt
                0x00000000       0x14 .\CortexM0\ARM_GCC_541\Debug\I2C_LCD_PSOC.a(I2C_sda.o)
 .text          0x00000000        0x0 .\CortexM0\ARM_GCC_541\Debug\I2C_LCD_PSOC.a(I2C_scl.o)
 .data          0x00000000        0x0 .\CortexM0\ARM_GCC_541\Debug\I2C_LCD_PSOC.a(I2C_scl.o)
 .bss           0x00000000        0x0 .\CortexM0\ARM_GCC_541\Debug\I2C_LCD_PSOC.a(I2C_scl.o)
 .text.I2C_scl_SetDriveMode
                0x00000000       0x14 .\CortexM0\ARM_GCC_541\Debug\I2C_LCD_PSOC.a(I2C_scl.o)
 .text.I2C_scl_Write
                0x00000000       0x18 .\CortexM0\ARM_GCC_541\Debug\I2C_LCD_PSOC.a(I2C_scl.o)
 .text.I2C_scl_Read
                0x00000000       0x10 .\CortexM0\ARM_GCC_541\Debug\I2C_LCD_PSOC.a(I2C_scl.o)
 .text.I2C_scl_ReadDataReg
                0x00000000       0x10 .\CortexM0\ARM_GCC_541\Debug\I2C_LCD_PSOC.a(I2C_scl.o)
 .text.I2C_scl_SetInterruptMode
                0x00000000       0x14 .\CortexM0\ARM_GCC_541\Debug\I2C_LCD_PSOC.a(I2C_scl.o)
 .text.I2C_scl_ClearInterrupt
                0x00000000       0x10 .\CortexM0\ARM_GCC_541\Debug\I2C_LCD_PSOC.a(I2C_scl.o)
 .text          0x00000000        0x0 .\CortexM0\ARM_GCC_541\Debug\I2C_LCD_PSOC.a(SPI.o)
 .data          0x00000000        0x0 .\CortexM0\ARM_GCC_541\Debug\I2C_LCD_PSOC.a(SPI.o)
 .text.SPI_Stop
                0x00000000       0x2c .\CortexM0\ARM_GCC_541\Debug\I2C_LCD_PSOC.a(SPI.o)
 .text.SPI_EnableTxInt
                0x00000000        0x4 .\CortexM0\ARM_GCC_541\Debug\I2C_LCD_PSOC.a(SPI.o)
 .text.SPI_EnableRxInt
                0x00000000        0x4 .\CortexM0\ARM_GCC_541\Debug\I2C_LCD_PSOC.a(SPI.o)
 .text.SPI_DisableTxInt
                0x00000000        0x4 .\CortexM0\ARM_GCC_541\Debug\I2C_LCD_PSOC.a(SPI.o)
 .text.SPI_DisableRxInt
                0x00000000        0x4 .\CortexM0\ARM_GCC_541\Debug\I2C_LCD_PSOC.a(SPI.o)
 .text.SPI_SetTxInterruptMode
                0x00000000        0xc .\CortexM0\ARM_GCC_541\Debug\I2C_LCD_PSOC.a(SPI.o)
 .text.SPI_SetRxInterruptMode
                0x00000000        0xc .\CortexM0\ARM_GCC_541\Debug\I2C_LCD_PSOC.a(SPI.o)
 .text.SPI_GetRxBufferSize
                0x00000000       0x14 .\CortexM0\ARM_GCC_541\Debug\I2C_LCD_PSOC.a(SPI.o)
 .text.SPI_GetTxBufferSize
                0x00000000       0x20 .\CortexM0\ARM_GCC_541\Debug\I2C_LCD_PSOC.a(SPI.o)
 .text.SPI_ClearRxBuffer
                0x00000000       0x18 .\CortexM0\ARM_GCC_541\Debug\I2C_LCD_PSOC.a(SPI.o)
 .text.SPI_ClearTxBuffer
                0x00000000       0x24 .\CortexM0\ARM_GCC_541\Debug\I2C_LCD_PSOC.a(SPI.o)
 .text.SPI_PutArray
                0x00000000       0x20 .\CortexM0\ARM_GCC_541\Debug\I2C_LCD_PSOC.a(SPI.o)
 .text.SPI_EnableInt
                0x00000000        0x4 .\CortexM0\ARM_GCC_541\Debug\I2C_LCD_PSOC.a(SPI.o)
 .text.SPI_DisableInt
                0x00000000        0x4 .\CortexM0\ARM_GCC_541\Debug\I2C_LCD_PSOC.a(SPI.o)
 .text.SPI_SetInterruptMode
                0x00000000       0x18 .\CortexM0\ARM_GCC_541\Debug\I2C_LCD_PSOC.a(SPI.o)
 .text.SPI_ReadStatus
                0x00000000       0x18 .\CortexM0\ARM_GCC_541\Debug\I2C_LCD_PSOC.a(SPI.o)
 COMMON         0x00000000        0x2 .\CortexM0\ARM_GCC_541\Debug\I2C_LCD_PSOC.a(SPI.o)
 .text          0x00000000        0x0 .\CortexM0\ARM_GCC_541\Debug\I2C_LCD_PSOC.a(RESET.o)
 .data          0x00000000        0x0 .\CortexM0\ARM_GCC_541\Debug\I2C_LCD_PSOC.a(RESET.o)
 .bss           0x00000000        0x0 .\CortexM0\ARM_GCC_541\Debug\I2C_LCD_PSOC.a(RESET.o)
 .text.RESET_SetDriveMode
                0x00000000       0x14 .\CortexM0\ARM_GCC_541\Debug\I2C_LCD_PSOC.a(RESET.o)
 .text.RESET_ReadDataReg
                0x00000000       0x10 .\CortexM0\ARM_GCC_541\Debug\I2C_LCD_PSOC.a(RESET.o)
 .text.RESET_SetInterruptMode
                0x00000000       0x14 .\CortexM0\ARM_GCC_541\Debug\I2C_LCD_PSOC.a(RESET.o)
 .text.RESET_ClearInterrupt
                0x00000000       0x10 .\CortexM0\ARM_GCC_541\Debug\I2C_LCD_PSOC.a(RESET.o)
 .text          0x00000000        0x0 .\CortexM0\ARM_GCC_541\Debug\I2C_LCD_PSOC.a(SPI_IntClock.o)
 .data          0x00000000        0x0 .\CortexM0\ARM_GCC_541\Debug\I2C_LCD_PSOC.a(SPI_IntClock.o)
 .bss           0x00000000        0x0 .\CortexM0\ARM_GCC_541\Debug\I2C_LCD_PSOC.a(SPI_IntClock.o)
 .text.SPI_IntClock_Stop
                0x00000000       0x10 .\CortexM0\ARM_GCC_541\Debug\I2C_LCD_PSOC.a(SPI_IntClock.o)
 .text.SPI_IntClock_SetFractionalDividerRegister
                0x00000000       0x14 .\CortexM0\ARM_GCC_541\Debug\I2C_LCD_PSOC.a(SPI_IntClock.o)
 .text.SPI_IntClock_GetDividerRegister
                0x00000000        0xc .\CortexM0\ARM_GCC_541\Debug\I2C_LCD_PSOC.a(SPI_IntClock.o)
 .text.SPI_IntClock_GetFractionalDividerRegister
                0x00000000        0x4 .\CortexM0\ARM_GCC_541\Debug\I2C_LCD_PSOC.a(SPI_IntClock.o)
 .data          0x00000000        0x0 .\CortexM0\ARM_GCC_541\Debug\I2C_LCD_PSOC.a(CyBootAsmGnu.o)
 .bss           0x00000000        0x0 .\CortexM0\ARM_GCC_541\Debug\I2C_LCD_PSOC.a(CyBootAsmGnu.o)
 .text          0x00000000        0x0 .\CortexM0\ARM_GCC_541\Debug\I2C_LCD_PSOC.a(I2C_I2C_INT.o)
 .data          0x00000000        0x0 .\CortexM0\ARM_GCC_541\Debug\I2C_LCD_PSOC.a(I2C_I2C_INT.o)
 .bss           0x00000000        0x0 .\CortexM0\ARM_GCC_541\Debug\I2C_LCD_PSOC.a(I2C_I2C_INT.o)
 .text          0x00000000      0x114 c:/program files (x86)/cypress/psoc creator/4.2/psoc creator/import/gnu/arm/5.4.1/bin/../lib/gcc/arm-none-eabi/5.4.1/armv6-m\libgcc.a(_udivsi3.o)
 .data          0x00000000        0x0 c:/program files (x86)/cypress/psoc creator/4.2/psoc creator/import/gnu/arm/5.4.1/bin/../lib/gcc/arm-none-eabi/5.4.1/armv6-m\libgcc.a(_udivsi3.o)
 .bss           0x00000000        0x0 c:/program files (x86)/cypress/psoc creator/4.2/psoc creator/import/gnu/arm/5.4.1/bin/../lib/gcc/arm-none-eabi/5.4.1/armv6-m\libgcc.a(_udivsi3.o)
 .text          0x00000000        0x4 c:/program files (x86)/cypress/psoc creator/4.2/psoc creator/import/gnu/arm/5.4.1/bin/../lib/gcc/arm-none-eabi/5.4.1/armv6-m\libgcc.a(_dvmd_tls.o)
 .data          0x00000000        0x0 c:/program files (x86)/cypress/psoc creator/4.2/psoc creator/import/gnu/arm/5.4.1/bin/../lib/gcc/arm-none-eabi/5.4.1/armv6-m\libgcc.a(_dvmd_tls.o)
 .bss           0x00000000        0x0 c:/program files (x86)/cypress/psoc creator/4.2/psoc creator/import/gnu/arm/5.4.1/bin/../lib/gcc/arm-none-eabi/5.4.1/armv6-m\libgcc.a(_dvmd_tls.o)
 .text          0x00000000        0x0 c:/program files (x86)/cypress/psoc creator/4.2/psoc creator/import/gnu/arm/5.4.1/bin/../lib/gcc/arm-none-eabi/5.4.1/../../../../arm-none-eabi/lib/armv6-m\libg_nano.a(lib_a-errno.o)
 .data          0x00000000        0x0 c:/program files (x86)/cypress/psoc creator/4.2/psoc creator/import/gnu/arm/5.4.1/bin/../lib/gcc/arm-none-eabi/5.4.1/../../../../arm-none-eabi/lib/armv6-m\libg_nano.a(lib_a-errno.o)
 .bss           0x00000000        0x0 c:/program files (x86)/cypress/psoc creator/4.2/psoc creator/import/gnu/arm/5.4.1/bin/../lib/gcc/arm-none-eabi/5.4.1/../../../../arm-none-eabi/lib/armv6-m\libg_nano.a(lib_a-errno.o)
 .text          0x00000000        0x0 c:/program files (x86)/cypress/psoc creator/4.2/psoc creator/import/gnu/arm/5.4.1/bin/../lib/gcc/arm-none-eabi/5.4.1/../../../../arm-none-eabi/lib/armv6-m\libg_nano.a(lib_a-exit.o)
 .data          0x00000000        0x0 c:/program files (x86)/cypress/psoc creator/4.2/psoc creator/import/gnu/arm/5.4.1/bin/../lib/gcc/arm-none-eabi/5.4.1/../../../../arm-none-eabi/lib/armv6-m\libg_nano.a(lib_a-exit.o)
 .bss           0x00000000        0x0 c:/program files (x86)/cypress/psoc creator/4.2/psoc creator/import/gnu/arm/5.4.1/bin/../lib/gcc/arm-none-eabi/5.4.1/../../../../arm-none-eabi/lib/armv6-m\libg_nano.a(lib_a-exit.o)
 .text.exit     0x00000000       0x2c c:/program files (x86)/cypress/psoc creator/4.2/psoc creator/import/gnu/arm/5.4.1/bin/../lib/gcc/arm-none-eabi/5.4.1/../../../../arm-none-eabi/lib/armv6-m\libg_nano.a(lib_a-exit.o)
 .text          0x00000000        0x0 c:/program files (x86)/cypress/psoc creator/4.2/psoc creator/import/gnu/arm/5.4.1/bin/../lib/gcc/arm-none-eabi/5.4.1/../../../../arm-none-eabi/lib/armv6-m\libg_nano.a(lib_a-impure.o)
 .data          0x00000000        0x0 c:/program files (x86)/cypress/psoc creator/4.2/psoc creator/import/gnu/arm/5.4.1/bin/../lib/gcc/arm-none-eabi/5.4.1/../../../../arm-none-eabi/lib/armv6-m\libg_nano.a(lib_a-impure.o)
 .bss           0x00000000        0x0 c:/program files (x86)/cypress/psoc creator/4.2/psoc creator/import/gnu/arm/5.4.1/bin/../lib/gcc/arm-none-eabi/5.4.1/../../../../arm-none-eabi/lib/armv6-m\libg_nano.a(lib_a-impure.o)
 .rodata._global_impure_ptr
                0x00000000        0x4 c:/program files (x86)/cypress/psoc creator/4.2/psoc creator/import/gnu/arm/5.4.1/bin/../lib/gcc/arm-none-eabi/5.4.1/../../../../arm-none-eabi/lib/armv6-m\libg_nano.a(lib_a-impure.o)
 .text          0x00000000        0x0 c:/program files (x86)/cypress/psoc creator/4.2/psoc creator/import/gnu/arm/5.4.1/bin/../lib/gcc/arm-none-eabi/5.4.1/../../../../arm-none-eabi/lib/armv6-m\libg_nano.a(lib_a-init.o)
 .data          0x00000000        0x0 c:/program files (x86)/cypress/psoc creator/4.2/psoc creator/import/gnu/arm/5.4.1/bin/../lib/gcc/arm-none-eabi/5.4.1/../../../../arm-none-eabi/lib/armv6-m\libg_nano.a(lib_a-init.o)
 .bss           0x00000000        0x0 c:/program files (x86)/cypress/psoc creator/4.2/psoc creator/import/gnu/arm/5.4.1/bin/../lib/gcc/arm-none-eabi/5.4.1/../../../../arm-none-eabi/lib/armv6-m\libg_nano.a(lib_a-init.o)
 .text          0x00000000        0x0 c:/program files (x86)/cypress/psoc creator/4.2/psoc creator/import/gnu/arm/5.4.1/bin/../lib/gcc/arm-none-eabi/5.4.1/../../../../arm-none-eabi/lib/armv6-m\libg_nano.a(lib_a-memcpy-stub.o)
 .data          0x00000000        0x0 c:/program files (x86)/cypress/psoc creator/4.2/psoc creator/import/gnu/arm/5.4.1/bin/../lib/gcc/arm-none-eabi/5.4.1/../../../../arm-none-eabi/lib/armv6-m\libg_nano.a(lib_a-memcpy-stub.o)
 .bss           0x00000000        0x0 c:/program files (x86)/cypress/psoc creator/4.2/psoc creator/import/gnu/arm/5.4.1/bin/../lib/gcc/arm-none-eabi/5.4.1/../../../../arm-none-eabi/lib/armv6-m\libg_nano.a(lib_a-memcpy-stub.o)
 .text          0x00000000        0x0 c:/program files (x86)/cypress/psoc creator/4.2/psoc creator/import/gnu/arm/5.4.1/bin/../lib/gcc/arm-none-eabi/5.4.1/../../../../arm-none-eabi/lib/armv6-m\libg_nano.a(lib_a-memset.o)
 .data          0x00000000        0x0 c:/program files (x86)/cypress/psoc creator/4.2/psoc creator/import/gnu/arm/5.4.1/bin/../lib/gcc/arm-none-eabi/5.4.1/../../../../arm-none-eabi/lib/armv6-m\libg_nano.a(lib_a-memset.o)
 .bss           0x00000000        0x0 c:/program files (x86)/cypress/psoc creator/4.2/psoc creator/import/gnu/arm/5.4.1/bin/../lib/gcc/arm-none-eabi/5.4.1/../../../../arm-none-eabi/lib/armv6-m\libg_nano.a(lib_a-memset.o)
 .data          0x00000000        0x0 c:/program files (x86)/cypress/psoc creator/4.2/psoc creator/import/gnu/arm/5.4.1/bin/../lib/gcc/arm-none-eabi/5.4.1/../../../../arm-none-eabi/lib/armv6-m\libg_nano.a(lib_a-strlen.o)
 .bss           0x00000000        0x0 c:/program files (x86)/cypress/psoc creator/4.2/psoc creator/import/gnu/arm/5.4.1/bin/../lib/gcc/arm-none-eabi/5.4.1/../../../../arm-none-eabi/lib/armv6-m\libg_nano.a(lib_a-strlen.o)
 .text          0x00000000        0x0 c:/program files (x86)/cypress/psoc creator/4.2/psoc creator/import/gnu/arm/5.4.1/bin/../lib/gcc/arm-none-eabi/5.4.1/armv6-m/crtend.o
 .data          0x00000000        0x0 c:/program files (x86)/cypress/psoc creator/4.2/psoc creator/import/gnu/arm/5.4.1/bin/../lib/gcc/arm-none-eabi/5.4.1/armv6-m/crtend.o
 .bss           0x00000000        0x0 c:/program files (x86)/cypress/psoc creator/4.2/psoc creator/import/gnu/arm/5.4.1/bin/../lib/gcc/arm-none-eabi/5.4.1/armv6-m/crtend.o
 .text          0x00000000        0x0 c:/program files (x86)/cypress/psoc creator/4.2/psoc creator/import/gnu/arm/5.4.1/bin/../lib/gcc/arm-none-eabi/5.4.1/armv6-m/crtn.o
 .data          0x00000000        0x0 c:/program files (x86)/cypress/psoc creator/4.2/psoc creator/import/gnu/arm/5.4.1/bin/../lib/gcc/arm-none-eabi/5.4.1/armv6-m/crtn.o
 .bss           0x00000000        0x0 c:/program files (x86)/cypress/psoc creator/4.2/psoc creator/import/gnu/arm/5.4.1/bin/../lib/gcc/arm-none-eabi/5.4.1/armv6-m/crtn.o

Memory Configuration

Name             Origin             Length             Attributes
rom              0x00000000         0x00008000         xr
ram              0x20000000         0x00001000         xrw
*default*        0x00000000         0xffffffff

Linker script and memory map

LOAD c:/program files (x86)/cypress/psoc creator/4.2/psoc creator/import/gnu/arm/5.4.1/bin/../lib/gcc/arm-none-eabi/5.4.1/armv6-m/crti.o
LOAD c:/program files (x86)/cypress/psoc creator/4.2/psoc creator/import/gnu/arm/5.4.1/bin/../lib/gcc/arm-none-eabi/5.4.1/armv6-m/crtbegin.o
LOAD c:/program files (x86)/cypress/psoc creator/4.2/psoc creator/import/gnu/arm/5.4.1/bin/../lib/gcc/arm-none-eabi/5.4.1/../../../../arm-none-eabi/lib/armv6-m/crt0.o
START GROUP
LOAD .\CortexM0\ARM_GCC_541\Debug\main.o
LOAD .\CortexM0\ARM_GCC_541\Debug\LiquidCrystal_I2C.o
LOAD .\CortexM0\ARM_GCC_541\Debug\RC522.o
LOAD .\CortexM0\ARM_GCC_541\Debug\cyfitter_cfg.o
LOAD .\CortexM0\ARM_GCC_541\Debug\cymetadata.o
LOAD .\CortexM0\ARM_GCC_541\Debug\Cm0Start.o
LOAD .\CortexM0\ARM_GCC_541\Debug\I2C_LCD_PSOC.a
END GROUP
START GROUP
LOAD c:/program files (x86)/cypress/psoc creator/4.2/psoc creator/import/gnu/arm/5.4.1/bin/../lib/gcc/arm-none-eabi/5.4.1/armv6-m\libgcc.a
LOAD c:/program files (x86)/cypress/psoc creator/4.2/psoc creator/import/gnu/arm/5.4.1/bin/../lib/gcc/arm-none-eabi/5.4.1/../../../../arm-none-eabi/lib/armv6-m\libg_nano.a
LOAD c:/program files (x86)/cypress/psoc creator/4.2/psoc creator/import/gnu/arm/5.4.1/bin/../lib/gcc/arm-none-eabi/5.4.1/../../../../arm-none-eabi/lib/armv6-m\libc_nano.a
END GROUP
START GROUP
LOAD c:/program files (x86)/cypress/psoc creator/4.2/psoc creator/import/gnu/arm/5.4.1/bin/../lib/gcc/arm-none-eabi/5.4.1/armv6-m\libgcc.a
LOAD c:/program files (x86)/cypress/psoc creator/4.2/psoc creator/import/gnu/arm/5.4.1/bin/../lib/gcc/arm-none-eabi/5.4.1/../../../../arm-none-eabi/lib/armv6-m\libc_nano.a
END GROUP
LOAD c:/program files (x86)/cypress/psoc creator/4.2/psoc creator/import/gnu/arm/5.4.1/bin/../lib/gcc/arm-none-eabi/5.4.1/armv6-m/crtend.o
LOAD c:/program files (x86)/cypress/psoc creator/4.2/psoc creator/import/gnu/arm/5.4.1/bin/../lib/gcc/arm-none-eabi/5.4.1/armv6-m/crtn.o
START GROUP
LOAD c:/program files (x86)/cypress/psoc creator/4.2/psoc creator/import/gnu/arm/5.4.1/bin/../lib/gcc/arm-none-eabi/5.4.1/armv6-m\libgcc.a
LOAD c:/program files (x86)/cypress/psoc creator/4.2/psoc creator/import/gnu/arm/5.4.1/bin/../lib/gcc/arm-none-eabi/5.4.1/../../../../arm-none-eabi/lib/armv6-m\libc.a
LOAD c:/program files (x86)/cypress/psoc creator/4.2/psoc creator/import/gnu/arm/5.4.1/bin/../lib/gcc/arm-none-eabi/5.4.1/../../../../arm-none-eabi/lib/armv6-m\libnosys.a
END GROUP
                0x00000000                CY_APPL_ORIGIN = 0x0
                0x00000080                CY_FLASH_ROW_SIZE = 0x80
                0x00000001                CY_APPL_NUM = 0x1
                0x00000001                CY_APPL_MAX = 0x1
                0x00000040                CY_METADATA_SIZE = 0x40
                0x00000000                CY_APPL_LOADABLE = 0x0
                0x00000000                CY_CHECKSUM_EXCLUDE_SIZE = ALIGN (0x0, CY_FLASH_ROW_SIZE)
                0x00000000                CY_APP_FOR_STACK_AND_COPIER = 0x0
                [!provide]                PROVIDE (__cy_heap_start, _end)
                0x00000001                PROVIDE (__cy_region_num, ((__cy_regions_end - __cy_regions) / 0x10))
                0x20001000                PROVIDE (__cy_stack, (ORIGIN (ram) + LENGTH (ram)))
                [!provide]                PROVIDE (__cy_heap_end, (__cy_stack - 0x400))

.cybootloader   0x00000000        0x0
 *(.cybootloader)
                0x00000000                appl1_start = CY_APPL_ORIGIN?CY_APPL_ORIGIN:ALIGN (CY_FLASH_ROW_SIZE)
                0x00003f80                appl2_start = (appl1_start + ALIGN ((((LENGTH (rom) - appl1_start) - (0x2 * CY_FLASH_ROW_SIZE)) / 0x2), CY_FLASH_ROW_SIZE))
                0x00000000                appl_start = (CY_APPL_NUM == 0x1)?appl1_start:appl2_start
                0x00000001                cy_project_type_bootloader = (appl_start == 0x0)?0x1:0x0
                0x00000000                cy_project_type_app_for_stack_and_copier = (CY_APP_FOR_STACK_AND_COPIER == 0x1)?0x1:0x0

.text           0x00000000     0x1a68
 CREATE_OBJECT_SYMBOLS
                0x00000000                PROVIDE (__cy_interrupt_vector, RomVectors)
 *(.romvectors)
 .romvectors    0x00000000       0x10 .\CortexM0\ARM_GCC_541\Debug\Cm0Start.o
                0x00000000                RomVectors
                0x00000001                ASSERT ((. != __cy_interrupt_vector), No interrupt vector)
                0x00000001                ASSERT (CY_APPL_ORIGIN?(SIZEOF (.cybootloader) <= CY_APPL_ORIGIN):0x1, Wrong image location)
                0x00000010                PROVIDE (__cy_reset, Reset)
 *(.text.Reset)
 .text.Reset    0x00000010        0x8 .\CortexM0\ARM_GCC_541\Debug\Cm0Start.o
                0x00000010                Reset
                0x00000001                ASSERT ((. != __cy_reset), No reset code)
 *(.psocinit)
 .psocinit      0x00000018      0x1d0 .\CortexM0\ARM_GCC_541\Debug\cyfitter_cfg.o
                0x000000a8                cyfitter_cfg
                0x000001e8                . = MAX (., 0x100)
 *(.text .text.* .gnu.linkonce.t.*)
 .text          0x000001e8       0x60 c:/program files (x86)/cypress/psoc creator/4.2/psoc creator/import/gnu/arm/5.4.1/bin/../lib/gcc/arm-none-eabi/5.4.1/armv6-m/crtbegin.o
 .text.main     0x00000248       0xcc .\CortexM0\ARM_GCC_541\Debug\main.o
                0x00000248                main
 .text.LiquidCrystal_I2C_init
                0x00000314       0x30 .\CortexM0\ARM_GCC_541\Debug\LiquidCrystal_I2C.o
                0x00000314                LiquidCrystal_I2C_init
 .text.I2C_M_write_byte
                0x00000344       0x1c .\CortexM0\ARM_GCC_541\Debug\LiquidCrystal_I2C.o
                0x00000344                I2C_M_write_byte
 .text.expanderWrite
                0x00000360       0x1c .\CortexM0\ARM_GCC_541\Debug\LiquidCrystal_I2C.o
                0x00000360                expanderWrite
 .text.pulseEnable
                0x0000037c       0x28 .\CortexM0\ARM_GCC_541\Debug\LiquidCrystal_I2C.o
                0x0000037c                pulseEnable
 .text.write4bits
                0x000003a4       0x10 .\CortexM0\ARM_GCC_541\Debug\LiquidCrystal_I2C.o
                0x000003a4                write4bits
 .text.send     0x000003b4       0x24 .\CortexM0\ARM_GCC_541\Debug\LiquidCrystal_I2C.o
                0x000003b4                send
 .text.command  0x000003d8        0xc .\CortexM0\ARM_GCC_541\Debug\LiquidCrystal_I2C.o
                0x000003d8                command
 .text.clear    0x000003e4       0x10 .\CortexM0\ARM_GCC_541\Debug\LiquidCrystal_I2C.o
                0x000003e4                clear
 .text.home     0x000003f4       0x10 .\CortexM0\ARM_GCC_541\Debug\LiquidCrystal_I2C.o
                0x000003f4                home
 .text.display  0x00000404       0x20 .\CortexM0\ARM_GCC_541\Debug\LiquidCrystal_I2C.o
                0x00000404                display
 .text.write    0x00000424        0xc .\CortexM0\ARM_GCC_541\Debug\LiquidCrystal_I2C.o
                0x00000424                write
 .text.LCD_print
                0x00000430       0x20 .\CortexM0\ARM_GCC_541\Debug\LiquidCrystal_I2C.o
                0x00000430                LCD_print
 .text.begin    0x00000450       0xb8 .\CortexM0\ARM_GCC_541\Debug\LiquidCrystal_I2C.o
                0x00000450                begin
 .text.PCD_WriteRegister
                0x00000508       0x28 .\CortexM0\ARM_GCC_541\Debug\RC522.o
                0x00000508                PCD_WriteRegister
 .text.PCD_WriteRegisters
                0x00000530       0x38 .\CortexM0\ARM_GCC_541\Debug\RC522.o
                0x00000530                PCD_WriteRegisters
 .text.PCD_ReadRegister
                0x00000568       0x30 .\CortexM0\ARM_GCC_541\Debug\RC522.o
                0x00000568                PCD_ReadRegister
 .text.PCD_ReadRegisters
                0x00000598       0x90 .\CortexM0\ARM_GCC_541\Debug\RC522.o
                0x00000598                PCD_ReadRegisters
 .text.PCD_SetRegisterBitMask
                0x00000628       0x18 .\CortexM0\ARM_GCC_541\Debug\RC522.o
                0x00000628                PCD_SetRegisterBitMask
 .text.PCD_ClearRegisterBitMask
                0x00000640       0x18 .\CortexM0\ARM_GCC_541\Debug\RC522.o
                0x00000640                PCD_ClearRegisterBitMask
 .text.PCD_CalculateCRC
                0x00000658       0x6c .\CortexM0\ARM_GCC_541\Debug\RC522.o
                0x00000658                PCD_CalculateCRC
 .text.PCD_AntennaOn
                0x000006c4       0x20 .\CortexM0\ARM_GCC_541\Debug\RC522.o
                0x000006c4                PCD_AntennaOn
 .text.PCD_Init
                0x000006e4       0x74 .\CortexM0\ARM_GCC_541\Debug\RC522.o
                0x000006e4                PCD_Init
 .text.PCD_CommunicateWithPICC
                0x00000758      0x164 .\CortexM0\ARM_GCC_541\Debug\RC522.o
                0x00000758                PCD_CommunicateWithPICC
 .text.PCD_TransceiveData
                0x000008bc       0x28 .\CortexM0\ARM_GCC_541\Debug\RC522.o
                0x000008bc                PCD_TransceiveData
 .text.PICC_REQA_or_WUPA
                0x000008e4       0x64 .\CortexM0\ARM_GCC_541\Debug\RC522.o
                0x000008e4                PICC_REQA_or_WUPA
 .text.PICC_RequestA
                0x00000948       0x10 .\CortexM0\ARM_GCC_541\Debug\RC522.o
                0x00000948                PICC_RequestA
 .text.PICC_Select
                0x00000958      0x324 .\CortexM0\ARM_GCC_541\Debug\RC522.o
                0x00000958                PICC_Select
 .text.PICC_IsNewCardPresent
                0x00000c7c       0x44 .\CortexM0\ARM_GCC_541\Debug\RC522.o
                0x00000c7c                PICC_IsNewCardPresent
 .text.PICC_ReadCardSerial
                0x00000cc0       0x18 .\CortexM0\ARM_GCC_541\Debug\RC522.o
                0x00000cc0                PICC_ReadCardSerial
 .text.cfg_write_bytes32
                0x00000cd8       0x34 .\CortexM0\ARM_GCC_541\Debug\cyfitter_cfg.o
 .text.CYMEMZERO
                0x00000d0c        0xc .\CortexM0\ARM_GCC_541\Debug\cyfitter_cfg.o
 .text.CYCONFIGCPYCODE
                0x00000d18        0x8 .\CortexM0\ARM_GCC_541\Debug\cyfitter_cfg.o
 .text.IntDefaultHandler
                0x00000d20       0x10 .\CortexM0\ARM_GCC_541\Debug\Cm0Start.o
                0x00000d20                IntDefaultHandler
 .text.Start_c  0x00000d30       0x48 .\CortexM0\ARM_GCC_541\Debug\Cm0Start.o
                0x00000d30                Start_c
 .text.initialize_psoc
                0x00000d78       0x40 .\CortexM0\ARM_GCC_541\Debug\Cm0Start.o
                0x00000d78                initialize_psoc
 .text.CyIntEnable
                0x00000db8       0x14 .\CortexM0\ARM_GCC_541\Debug\I2C_LCD_PSOC.a(CyLib.o)
                0x00000db8                CyIntEnable
 .text.CyIntDisable
                0x00000dcc       0x14 .\CortexM0\ARM_GCC_541\Debug\I2C_LCD_PSOC.a(CyLib.o)
                0x00000dcc                CyIntDisable
 .text.CyHalt   0x00000de0        0x4 .\CortexM0\ARM_GCC_541\Debug\I2C_LCD_PSOC.a(CyLib.o)
                0x00000de0                CyHalt
 .text.CyIntSetVector
                0x00000de4       0x24 .\CortexM0\ARM_GCC_541\Debug\I2C_LCD_PSOC.a(CyLib.o)
                0x00000de4                CyIntSetVector
 .text.CyIntSetPriority
                0x00000e08       0x4c .\CortexM0\ARM_GCC_541\Debug\I2C_LCD_PSOC.a(CyLib.o)
                0x00000e08                CyIntSetPriority
 .text.CyDelay  0x00000e54       0x30 .\CortexM0\ARM_GCC_541\Debug\I2C_LCD_PSOC.a(CyLib.o)
                0x00000e54                CyDelay
 .text.CyDelayUs
                0x00000e84       0x14 .\CortexM0\ARM_GCC_541\Debug\I2C_LCD_PSOC.a(CyLib.o)
                0x00000e84                CyDelayUs
 .text.CySysClkWriteImoFreq
                0x00000e98      0x164 .\CortexM0\ARM_GCC_541\Debug\I2C_LCD_PSOC.a(CyLib.o)
                0x00000e98                CySysClkWriteImoFreq
 .text.CySysWdtLocked
                0x00000ffc       0x14 .\CortexM0\ARM_GCC_541\Debug\I2C_LCD_PSOC.a(CyLFClk.o)
 .text.CySysWdtLock
                0x00001010       0x1c .\CortexM0\ARM_GCC_541\Debug\I2C_LCD_PSOC.a(CyLFClk.o)
                0x00001010                CySysWdtLock
 .text.CySysWdtUnlock
                0x0000102c       0x30 .\CortexM0\ARM_GCC_541\Debug\I2C_LCD_PSOC.a(CyLFClk.o)
                0x0000102c                CySysWdtUnlock
 .text.CySysWdtClearInterrupt
                0x0000105c       0x4c .\CortexM0\ARM_GCC_541\Debug\I2C_LCD_PSOC.a(CyLFClk.o)
                0x0000105c                CySysWdtClearInterrupt
 .text.CySysWdtIsr
                0x000010a8       0xa4 .\CortexM0\ARM_GCC_541\Debug\I2C_LCD_PSOC.a(CyLFClk.o)
                0x000010a8                CySysWdtIsr
 .text.I2C_ScbEnableIntr
                0x0000114c        0xc .\CortexM0\ARM_GCC_541\Debug\I2C_LCD_PSOC.a(I2C.o)
 .text.I2C_Init
                0x00001158        0x8 .\CortexM0\ARM_GCC_541\Debug\I2C_LCD_PSOC.a(I2C.o)
                0x00001158                I2C_Init
 .text.I2C_Enable
                0x00001160       0x18 .\CortexM0\ARM_GCC_541\Debug\I2C_LCD_PSOC.a(I2C.o)
                0x00001160                I2C_Enable
 .text.I2C_Start
                0x00001178       0x20 .\CortexM0\ARM_GCC_541\Debug\I2C_LCD_PSOC.a(I2C.o)
                0x00001178                I2C_Start
 .text.I2C_I2CInit
                0x00001198       0xc4 .\CortexM0\ARM_GCC_541\Debug\I2C_LCD_PSOC.a(I2C_I2C.o)
                0x00001198                I2C_I2CInit
 .text.I2C_I2CFwBlockReset
                0x0000125c       0x94 .\CortexM0\ARM_GCC_541\Debug\I2C_LCD_PSOC.a(I2C_I2C.o)
                0x0000125c                I2C_I2CFwBlockReset
 .text.I2C_I2CMasterWaitOneUnit
                0x000012f0       0x28 .\CortexM0\ARM_GCC_541\Debug\I2C_LCD_PSOC.a(I2C_I2C_MASTER.o)
 .text.I2C_I2CMasterHandleStatus
                0x00001318       0xc4 .\CortexM0\ARM_GCC_541\Debug\I2C_LCD_PSOC.a(I2C_I2C_MASTER.o)
 .text.I2C_I2CMasterSendStart
                0x000013dc       0xc4 .\CortexM0\ARM_GCC_541\Debug\I2C_LCD_PSOC.a(I2C_I2C_MASTER.o)
                0x000013dc                I2C_I2CMasterSendStart
 .text.I2C_I2CMasterSendStop
                0x000014a0       0x58 .\CortexM0\ARM_GCC_541\Debug\I2C_LCD_PSOC.a(I2C_I2C_MASTER.o)
                0x000014a0                I2C_I2CMasterSendStop
 .text.I2C_I2CMasterWriteByte
                0x000014f8       0x48 .\CortexM0\ARM_GCC_541\Debug\I2C_LCD_PSOC.a(I2C_I2C_MASTER.o)
                0x000014f8                I2C_I2CMasterWriteByte
 .text.SPI_Enable
                0x00001540       0x40 .\CortexM0\ARM_GCC_541\Debug\I2C_LCD_PSOC.a(SPI.o)
                0x00001540                SPI_Enable
 .text.SPI_ReadTxStatus
                0x00001580        0xc .\CortexM0\ARM_GCC_541\Debug\I2C_LCD_PSOC.a(SPI.o)
                0x00001580                SPI_ReadTxStatus
 .text.SPI_ReadRxStatus
                0x0000158c        0xc .\CortexM0\ARM_GCC_541\Debug\I2C_LCD_PSOC.a(SPI.o)
                0x0000158c                SPI_ReadRxStatus
 .text.SPI_WriteTxData
                0x00001598       0x18 .\CortexM0\ARM_GCC_541\Debug\I2C_LCD_PSOC.a(SPI.o)
                0x00001598                SPI_WriteTxData
 .text.SPI_ReadRxData
                0x000015b0        0xc .\CortexM0\ARM_GCC_541\Debug\I2C_LCD_PSOC.a(SPI.o)
                0x000015b0                SPI_ReadRxData
 .text.SPI_ClearFIFO
                0x000015bc       0x3c .\CortexM0\ARM_GCC_541\Debug\I2C_LCD_PSOC.a(SPI.o)
                0x000015bc                SPI_ClearFIFO
 .text.SPI_Init
                0x000015f8       0x2c .\CortexM0\ARM_GCC_541\Debug\I2C_LCD_PSOC.a(SPI.o)
                0x000015f8                SPI_Init
 .text.SPI_Start
                0x00001624       0x20 .\CortexM0\ARM_GCC_541\Debug\I2C_LCD_PSOC.a(SPI.o)
                0x00001624                SPI_Start
 .text.RESET_Write
                0x00001644       0x18 .\CortexM0\ARM_GCC_541\Debug\I2C_LCD_PSOC.a(RESET.o)
                0x00001644                RESET_Write
 .text.RESET_Read
                0x0000165c       0x10 .\CortexM0\ARM_GCC_541\Debug\I2C_LCD_PSOC.a(RESET.o)
                0x0000165c                RESET_Read
 .text.SPI_IntClock_Start
                0x0000166c       0x14 .\CortexM0\ARM_GCC_541\Debug\I2C_LCD_PSOC.a(SPI_IntClock.o)
                0x0000166c                SPI_IntClock_Start
 .text          0x00001680       0x24 .\CortexM0\ARM_GCC_541\Debug\I2C_LCD_PSOC.a(CyBootAsmGnu.o)
                0x00001680                CyDelayCycles
                0x00001694                CyEnterCriticalSection
                0x0000169c                CyExitCriticalSection
 .text.I2C_I2C_ISR
                0x000016a4      0x33c .\CortexM0\ARM_GCC_541\Debug\I2C_LCD_PSOC.a(I2C_I2C_INT.o)
                0x000016a4                I2C_I2C_ISR
 .text.__errno  0x000019e0        0xc c:/program files (x86)/cypress/psoc creator/4.2/psoc creator/import/gnu/arm/5.4.1/bin/../lib/gcc/arm-none-eabi/5.4.1/../../../../arm-none-eabi/lib/armv6-m\libg_nano.a(lib_a-errno.o)
                0x000019e0                __errno
 .text.__libc_init_array
                0x000019ec       0x4c c:/program files (x86)/cypress/psoc creator/4.2/psoc creator/import/gnu/arm/5.4.1/bin/../lib/gcc/arm-none-eabi/5.4.1/../../../../arm-none-eabi/lib/armv6-m\libg_nano.a(lib_a-init.o)
                0x000019ec                __libc_init_array
 .text.memcpy   0x00001a38       0x12 c:/program files (x86)/cypress/psoc creator/4.2/psoc creator/import/gnu/arm/5.4.1/bin/../lib/gcc/arm-none-eabi/5.4.1/../../../../arm-none-eabi/lib/armv6-m\libg_nano.a(lib_a-memcpy-stub.o)
                0x00001a38                memcpy
 .text.memset   0x00001a4a       0x10 c:/program files (x86)/cypress/psoc creator/4.2/psoc creator/import/gnu/arm/5.4.1/bin/../lib/gcc/arm-none-eabi/5.4.1/../../../../arm-none-eabi/lib/armv6-m\libg_nano.a(lib_a-memset.o)
                0x00001a4a                memset
 .text          0x00001a5a        0xe c:/program files (x86)/cypress/psoc creator/4.2/psoc creator/import/gnu/arm/5.4.1/bin/../lib/gcc/arm-none-eabi/5.4.1/../../../../arm-none-eabi/lib/armv6-m\libg_nano.a(lib_a-strlen.o)
                0x00001a5a                strlen
 *(.plt)
 *(.gnu.warning)
 *(.glue_7t)
 .glue_7t       0x00001a68        0x0 linker stubs
 *(.glue_7)
 .glue_7        0x00001a68        0x0 linker stubs
 *(.vfp11_veneer)
 .vfp11_veneer  0x00001a68        0x0 linker stubs
 *(.bootloader)
 *(.ARM.extab* .gnu.linkonce.armextab.*)
 *(.gcc_except_table)

.v4_bx          0x00001a68        0x0
 .v4_bx         0x00001a68        0x0 linker stubs

.iplt           0x00001a68        0x0
 .iplt          0x00001a68        0x0 c:/program files (x86)/cypress/psoc creator/4.2/psoc creator/import/gnu/arm/5.4.1/bin/../lib/gcc/arm-none-eabi/5.4.1/armv6-m/crtbegin.o

.eh_frame_hdr
 *(.eh_frame_hdr)

.eh_frame       0x00001a68        0x4
 *(.eh_frame)
 .eh_frame      0x00001a68        0x0 c:/program files (x86)/cypress/psoc creator/4.2/psoc creator/import/gnu/arm/5.4.1/bin/../lib/gcc/arm-none-eabi/5.4.1/armv6-m/crtbegin.o
 .eh_frame      0x00001a68        0x4 c:/program files (x86)/cypress/psoc creator/4.2/psoc creator/import/gnu/arm/5.4.1/bin/../lib/gcc/arm-none-eabi/5.4.1/armv6-m/crtend.o
                [!provide]                PROVIDE (__exidx_start, .)

.ARM.exidx
 *(.ARM.exidx* .gnu.linkonce.armexidx.*)
                0x00001a6c                __exidx_end = .

.rodata         0x00001a6c      0x29c
 *(.rodata .rodata.* .gnu.linkonce.r.*)
 .rodata        0x00001a6c        0x4 .\CortexM0\ARM_GCC_541\Debug\main.o
                0x00001a6c                bonUID
 .rodata.str1.4
                0x00001a70       0x34 .\CortexM0\ARM_GCC_541\Debug\main.o
                                 0x33 (size before relaxing)
 .rodata        0x00001aa4      0x1fc .\CortexM0\ARM_GCC_541\Debug\cyfitter_cfg.o
 .rodata        0x00001ca0       0x2e .\CortexM0\ARM_GCC_541\Debug\I2C_LCD_PSOC.a(CyLib.o)
                0x00001ca0                cyImoFreqMhz2Reg
 .rodata.str1.1
                0x00001cce        0x2 c:/program files (x86)/cypress/psoc creator/4.2/psoc creator/import/gnu/arm/5.4.1/bin/../lib/gcc/arm-none-eabi/5.4.1/../../../../arm-none-eabi/lib/armv6-m\libg_nano.a(lib_a-impure.o)
                0x00001cd0                . = ALIGN (0x4)
 *(.init)
 .init          0x00001cd0        0x4 c:/program files (x86)/cypress/psoc creator/4.2/psoc creator/import/gnu/arm/5.4.1/bin/../lib/gcc/arm-none-eabi/5.4.1/armv6-m/crti.o
                0x00001cd0                _init
 .init          0x00001cd4        0x8 c:/program files (x86)/cypress/psoc creator/4.2/psoc creator/import/gnu/arm/5.4.1/bin/../lib/gcc/arm-none-eabi/5.4.1/armv6-m/crtn.o
                0x00001cdc                . = ALIGN (0x4)
                0x00001cdc                __preinit_array_start = .
 *(.preinit_array)
                0x00001cdc                __preinit_array_end = .
                0x00001cdc                . = ALIGN (0x4)
                0x00001cdc                __init_array_start = .
 *(SORT(.init_array.*))
 *(.init_array)
 .init_array    0x00001cdc        0x4 c:/program files (x86)/cypress/psoc creator/4.2/psoc creator/import/gnu/arm/5.4.1/bin/../lib/gcc/arm-none-eabi/5.4.1/armv6-m/crtbegin.o
 .init_array    0x00001ce0        0x4 .\CortexM0\ARM_GCC_541\Debug\Cm0Start.o
                0x00001ce4                __init_array_end = .
                0x00001ce4                . = ALIGN (0x4)
 *(.fini)
 .fini          0x00001ce4        0x4 c:/program files (x86)/cypress/psoc creator/4.2/psoc creator/import/gnu/arm/5.4.1/bin/../lib/gcc/arm-none-eabi/5.4.1/armv6-m/crti.o
                0x00001ce4                _fini
 .fini          0x00001ce8        0x8 c:/program files (x86)/cypress/psoc creator/4.2/psoc creator/import/gnu/arm/5.4.1/bin/../lib/gcc/arm-none-eabi/5.4.1/armv6-m/crtn.o
                0x00001cf0                . = ALIGN (0x4)
                0x00001cf0                __fini_array_start = .
 *(.fini_array)
 .fini_array    0x00001cf0        0x4 c:/program files (x86)/cypress/psoc creator/4.2/psoc creator/import/gnu/arm/5.4.1/bin/../lib/gcc/arm-none-eabi/5.4.1/armv6-m/crtbegin.o
 *(SORT(.fini_array.*))
                0x00001cf4                __fini_array_end = .
                0x00001cf4                . = ALIGN (0x4)
 *crtbegin.o(.ctors)
 *(EXCLUDE_FILE(*crtend.o) .ctors)
 *(SORT(.ctors.*))
 *crtend.o(.ctors)
                0x00001cf4                . = ALIGN (0x4)
 *crtbegin.o(.dtors)
 *(EXCLUDE_FILE(*crtend.o) .dtors)
 *(SORT(.dtors.*))
 *crtend.o(.dtors)
                0x00001cf4                . = ALIGN (0x4)
                0x00001cf4                __cy_regions = .
                0x00001cf4        0x4 LONG 0x1d08 __cy_region_init_ram
                0x00001cf8        0x4 LONG 0x200000c0 __cy_region_start_data
                0x00001cfc        0x4 LONG 0x88 __cy_region_init_size_ram
                0x00001d00        0x4 LONG 0x88 __cy_region_zero_size_ram
                0x00001d04                __cy_regions_end = .
                0x00001d08                . = ALIGN (0x8)
 *fill*         0x00001d04        0x4 
                0x00001d08                _etext = .

.cy_checksum_exclude
                0x00001d08        0x0
 *(.cy_checksum_exclude)

.ramvectors     0x20000000       0xc0
                0x20000000                __cy_region_start_ram = .
 *(.ramvectors)
 .ramvectors    0x20000000       0xc0 .\CortexM0\ARM_GCC_541\Debug\Cm0Start.o
                0x20000000                CyRamVectors

.noinit
 *(.noinit)

.data           0x200000c0       0x88 load address 0x00001d08
                0x200000c0                __cy_region_start_data = .
 *(.jcr)
 .jcr           0x200000c0        0x0 c:/program files (x86)/cypress/psoc creator/4.2/psoc creator/import/gnu/arm/5.4.1/bin/../lib/gcc/arm-none-eabi/5.4.1/armv6-m/crtbegin.o
 .jcr           0x200000c0        0x4 c:/program files (x86)/cypress/psoc creator/4.2/psoc creator/import/gnu/arm/5.4.1/bin/../lib/gcc/arm-none-eabi/5.4.1/armv6-m/crtend.o
 *(.got.plt)
 *(.got)
 *(.shdata)
 *(.data .data.* .gnu.linkonce.d.*)
 .data          0x200000c4        0x4 .\CortexM0\ARM_GCC_541\Debug\main.o
                0x200000c4                Addr
 .data          0x200000c8       0x14 .\CortexM0\ARM_GCC_541\Debug\I2C_LCD_PSOC.a(CyLib.o)
                0x200000c8                CySysClkPumpConfig
                0x200000cc                cydelay32kMs
                0x200000d0                cydelayFreqKhz
                0x200000d4                cydelayFreqMhz
                0x200000d8                cydelayFreqHz
 .data          0x200000dc        0x4 .\CortexM0\ARM_GCC_541\Debug\I2C_LCD_PSOC.a(CyLFClk.o)
 .data.impure_data
                0x200000e0       0x60 c:/program files (x86)/cypress/psoc creator/4.2/psoc creator/import/gnu/arm/5.4.1/bin/../lib/gcc/arm-none-eabi/5.4.1/../../../../arm-none-eabi/lib/armv6-m\libg_nano.a(lib_a-impure.o)
 .data._impure_ptr
                0x20000140        0x4 c:/program files (x86)/cypress/psoc creator/4.2/psoc creator/import/gnu/arm/5.4.1/bin/../lib/gcc/arm-none-eabi/5.4.1/../../../../arm-none-eabi/lib/armv6-m\libg_nano.a(lib_a-impure.o)
                0x20000140                _impure_ptr
                0x20000148                . = ALIGN (0x8)
 *fill*         0x20000144        0x4 
 *(.ram)
                0x20000148                _edata = .

.igot.plt       0x20000148        0x0 load address 0x00001d90
 .igot.plt      0x20000148        0x0 c:/program files (x86)/cypress/psoc creator/4.2/psoc creator/import/gnu/arm/5.4.1/bin/../lib/gcc/arm-none-eabi/5.4.1/armv6-m/crtbegin.o

.bss            0x20000148       0x88 load address 0x00001d90
                0x20000148                PROVIDE (__bss_start__, .)
 *(.shbss)
 *(.bss .bss.* .gnu.linkonce.b.*)
 .bss           0x20000148       0x1c c:/program files (x86)/cypress/psoc creator/4.2/psoc creator/import/gnu/arm/5.4.1/bin/../lib/gcc/arm-none-eabi/5.4.1/armv6-m/crtbegin.o
 .bss           0x20000164       0x20 .\CortexM0\ARM_GCC_541\Debug\I2C_LCD_PSOC.a(CyLFClk.o)
 .bss           0x20000184        0x8 .\CortexM0\ARM_GCC_541\Debug\I2C_LCD_PSOC.a(I2C.o)
                0x20000184                I2C_initVar
                0x20000188                I2C_customIntrHandler
 .bss           0x2000018c        0x1 .\CortexM0\ARM_GCC_541\Debug\I2C_LCD_PSOC.a(SPI.o)
                0x2000018c                SPI_initVar
 *(COMMON)
 *fill*         0x2000018d        0x3 
 COMMON         0x20000190        0xc .\CortexM0\ARM_GCC_541\Debug\main.o
                0x20000190                uid
 COMMON         0x2000019c        0x8 .\CortexM0\ARM_GCC_541\Debug\LiquidCrystal_I2C.o
                0x2000019c                _backlightval
                0x2000019d                _addr
                0x2000019e                _displaycontrol
                0x2000019f                _charsize
                0x200001a0                _displaymode
                0x200001a1                _displayfunction
                0x200001a2                _cols
                0x200001a3                _rows
 COMMON         0x200001a4        0x1 .\CortexM0\ARM_GCC_541\Debug\I2C_LCD_PSOC.a(I2C_I2C.o)
                0x200001a4                I2C_state
 *fill*         0x200001a5        0x3 
 COMMON         0x200001a8       0x24 .\CortexM0\ARM_GCC_541\Debug\I2C_LCD_PSOC.a(I2C_I2C_MASTER.o)
                0x200001a8                I2C_mstrWrBufIndexTmp
                0x200001ac                I2C_mstrWrBufIndex
                0x200001b0                I2C_mstrWrBufSize
                0x200001b4                I2C_mstrStatus
                0x200001b8                I2C_mstrRdBufPtr
                0x200001bc                I2C_mstrControl
                0x200001c0                I2C_mstrRdBufSize
                0x200001c4                I2C_mstrRdBufIndex
                0x200001c8                I2C_mstrWrBufPtr
                0x200001d0                . = ALIGN (0x8)
 *fill*         0x200001cc        0x4 
 *(.ram.b)
                0x200001d0                _end = .
                0x200001d0                __end = .
                0x200001d0                PROVIDE (end, .)
                0x200001d0                PROVIDE (__bss_end__, .)
                0x00001d08                __cy_region_init_ram = LOADADDR (.data)
                0x00000088                __cy_region_init_size_ram = (_edata - ADDR (.data))
                0x00000088                __cy_region_zero_size_ram = (_end - _edata)

.heap           0x200001d0       0x80 load address 0x00001d90
                0x200001d0                . = _end
                0x20000250                . = (. + 0x80)
 *fill*         0x200001d0       0x80 
                0x20000250                __cy_heap_limit = .

.stack          0x20000c00      0x400
                0x20000c00                __cy_stack_limit = .
                0x20001000                . = (. + 0x400)
 *fill*         0x20000c00      0x400 
                0x00000001                ASSERT ((__cy_stack_limit >= __cy_heap_limit), region RAM overflowed with stack)
                0x00000000                cy_checksum_exclude_size = (CY_APPL_LOADABLE == 0x1)?SIZEOF (.cy_checksum_exclude):0x0
                0x00000001                ASSERT ((cy_checksum_exclude_size <= CY_CHECKSUM_EXCLUDE_SIZE), CY_BOOT: Section .cy_checksum_exclude size exceedes specified limit.)
                0x00007fc0                cyloadermeta_start = (cy_project_type_bootloader || cy_project_type_app_for_stack_and_copier)?(LENGTH (rom) - CY_METADATA_SIZE):0xf0000000

.cyloadermeta
 *(.cyloadermeta)
                0x00007fc0                cyloadablemeta_start = cy_project_type_app_for_stack_and_copier?((LENGTH (rom) - CY_FLASH_ROW_SIZE) - CY_METADATA_SIZE):((LENGTH (rom) - (CY_FLASH_ROW_SIZE * (CY_APPL_NUM - 0x1))) - CY_METADATA_SIZE)

.cyloadablemeta
 *(.cyloadablemeta)

.cyflashprotect
                0x90400000       0x20
 *(.cyflashprotect)
 .cyflashprotect
                0x90400000       0x20 .\CortexM0\ARM_GCC_541\Debug\cymetadata.o
                0x90400000                cy_meta_flashprotect

.cymeta         0x90500000        0xc
 *(.cymeta)
 .cymeta        0x90500000        0xc .\CortexM0\ARM_GCC_541\Debug\cymetadata.o
                0x90500000                cy_metadata

.cychipprotect  0x90600000        0x1
 *(.cychipprotect)
 .cychipprotect
                0x90600000        0x1 .\CortexM0\ARM_GCC_541\Debug\cymetadata.o
                0x90600000                cy_meta_chipprotect

.rel.dyn        0x00001d90        0x0 load address 0x90600004
 .rel.iplt      0x00001d90        0x0 c:/program files (x86)/cypress/psoc creator/4.2/psoc creator/import/gnu/arm/5.4.1/bin/../lib/gcc/arm-none-eabi/5.4.1/armv6-m/crtbegin.o

.stab
 *(.stab)

.stabstr
 *(.stabstr)

.debug
 *(.debug)

.line
 *(.line)

.debug_srcinfo
 *(.debug_srcinfo)

.debug_sfnames
 *(.debug_sfnames)

.debug_aranges  0x00000000      0x930
 *(.debug_aranges)
 .debug_aranges
                0x00000000       0x20 .\CortexM0\ARM_GCC_541\Debug\main.o
 .debug_aranges
                0x00000020      0x108 .\CortexM0\ARM_GCC_541\Debug\LiquidCrystal_I2C.o
 .debug_aranges
                0x00000128      0x150 .\CortexM0\ARM_GCC_541\Debug\RC522.o
 .debug_aranges
                0x00000278       0x40 .\CortexM0\ARM_GCC_541\Debug\cyfitter_cfg.o
 .debug_aranges
                0x000002b8       0x18 .\CortexM0\ARM_GCC_541\Debug\cymetadata.o
 .debug_aranges
                0x000002d0       0x48 .\CortexM0\ARM_GCC_541\Debug\Cm0Start.o
 .debug_aranges
                0x00000318      0x180 .\CortexM0\ARM_GCC_541\Debug\I2C_LCD_PSOC.a(CyLib.o)
 .debug_aranges
                0x00000498      0x138 .\CortexM0\ARM_GCC_541\Debug\I2C_LCD_PSOC.a(CyLFClk.o)
 .debug_aranges
                0x000005d0       0x68 .\CortexM0\ARM_GCC_541\Debug\I2C_LCD_PSOC.a(I2C.o)
 .debug_aranges
                0x00000638       0x30 .\CortexM0\ARM_GCC_541\Debug\I2C_LCD_PSOC.a(I2C_I2C.o)
 .debug_aranges
                0x00000668       0x98 .\CortexM0\ARM_GCC_541\Debug\I2C_LCD_PSOC.a(I2C_I2C_MASTER.o)
 .debug_aranges
                0x00000700       0x48 .\CortexM0\ARM_GCC_541\Debug\I2C_LCD_PSOC.a(I2C_sda.o)
 .debug_aranges
                0x00000748       0x48 .\CortexM0\ARM_GCC_541\Debug\I2C_LCD_PSOC.a(I2C_scl.o)
 .debug_aranges
                0x00000790       0xd8 .\CortexM0\ARM_GCC_541\Debug\I2C_LCD_PSOC.a(SPI.o)
 .debug_aranges
                0x00000868       0x48 .\CortexM0\ARM_GCC_541\Debug\I2C_LCD_PSOC.a(RESET.o)
 .debug_aranges
                0x000008b0       0x40 .\CortexM0\ARM_GCC_541\Debug\I2C_LCD_PSOC.a(SPI_IntClock.o)
 .debug_aranges
                0x000008f0       0x20 .\CortexM0\ARM_GCC_541\Debug\I2C_LCD_PSOC.a(CyBootAsmGnu.o)
 .debug_aranges
                0x00000910       0x20 .\CortexM0\ARM_GCC_541\Debug\I2C_LCD_PSOC.a(I2C_I2C_INT.o)

.debug_pubnames
 *(.debug_pubnames)

.debug_info     0x00000000     0x6506
 *(.debug_info .gnu.linkonce.wi.*)
 .debug_info    0x00000000      0x32c .\CortexM0\ARM_GCC_541\Debug\main.o
 .debug_info    0x0000032c      0x8f8 .\CortexM0\ARM_GCC_541\Debug\LiquidCrystal_I2C.o
 .debug_info    0x00000c24     0x1cba .\CortexM0\ARM_GCC_541\Debug\RC522.o
 .debug_info    0x000028de      0x508 .\CortexM0\ARM_GCC_541\Debug\cyfitter_cfg.o
 .debug_info    0x00002de6       0xf8 .\CortexM0\ARM_GCC_541\Debug\cymetadata.o
 .debug_info    0x00002ede      0x3a2 .\CortexM0\ARM_GCC_541\Debug\Cm0Start.o
 .debug_info    0x00003280      0xaec .\CortexM0\ARM_GCC_541\Debug\I2C_LCD_PSOC.a(CyLib.o)
 .debug_info    0x00003d6c      0xcfe .\CortexM0\ARM_GCC_541\Debug\I2C_LCD_PSOC.a(CyLFClk.o)
 .debug_info    0x00004a6a      0x2aa .\CortexM0\ARM_GCC_541\Debug\I2C_LCD_PSOC.a(I2C.o)
 .debug_info    0x00004d14      0x195 .\CortexM0\ARM_GCC_541\Debug\I2C_LCD_PSOC.a(I2C_I2C.o)
 .debug_info    0x00004ea9      0x91d .\CortexM0\ARM_GCC_541\Debug\I2C_LCD_PSOC.a(I2C_I2C_MASTER.o)
 .debug_info    0x000057c6      0x19d .\CortexM0\ARM_GCC_541\Debug\I2C_LCD_PSOC.a(I2C_sda.o)
 .debug_info    0x00005963      0x19b .\CortexM0\ARM_GCC_541\Debug\I2C_LCD_PSOC.a(I2C_scl.o)
 .debug_info    0x00005afe      0x4bb .\CortexM0\ARM_GCC_541\Debug\I2C_LCD_PSOC.a(SPI.o)
 .debug_info    0x00005fb9      0x19b .\CortexM0\ARM_GCC_541\Debug\I2C_LCD_PSOC.a(RESET.o)
 .debug_info    0x00006154      0x14e .\CortexM0\ARM_GCC_541\Debug\I2C_LCD_PSOC.a(SPI_IntClock.o)
 .debug_info    0x000062a2       0xbc .\CortexM0\ARM_GCC_541\Debug\I2C_LCD_PSOC.a(CyBootAsmGnu.o)
 .debug_info    0x0000635e      0x1a8 .\CortexM0\ARM_GCC_541\Debug\I2C_LCD_PSOC.a(I2C_I2C_INT.o)

.debug_abbrev   0x00000000     0x15ad
 *(.debug_abbrev)
 .debug_abbrev  0x00000000      0x14a .\CortexM0\ARM_GCC_541\Debug\main.o
 .debug_abbrev  0x0000014a      0x151 .\CortexM0\ARM_GCC_541\Debug\LiquidCrystal_I2C.o
 .debug_abbrev  0x0000029b      0x26c .\CortexM0\ARM_GCC_541\Debug\RC522.o
 .debug_abbrev  0x00000507      0x1cb .\CortexM0\ARM_GCC_541\Debug\cyfitter_cfg.o
 .debug_abbrev  0x000006d2       0x5d .\CortexM0\ARM_GCC_541\Debug\cymetadata.o
 .debug_abbrev  0x0000072f      0x1d7 .\CortexM0\ARM_GCC_541\Debug\Cm0Start.o
 .debug_abbrev  0x00000906      0x1e0 .\CortexM0\ARM_GCC_541\Debug\I2C_LCD_PSOC.a(CyLib.o)
 .debug_abbrev  0x00000ae6      0x210 .\CortexM0\ARM_GCC_541\Debug\I2C_LCD_PSOC.a(CyLFClk.o)
 .debug_abbrev  0x00000cf6      0x130 .\CortexM0\ARM_GCC_541\Debug\I2C_LCD_PSOC.a(I2C.o)
 .debug_abbrev  0x00000e26       0xc7 .\CortexM0\ARM_GCC_541\Debug\I2C_LCD_PSOC.a(I2C_I2C.o)
 .debug_abbrev  0x00000eed      0x1b3 .\CortexM0\ARM_GCC_541\Debug\I2C_LCD_PSOC.a(I2C_I2C_MASTER.o)
 .debug_abbrev  0x000010a0       0xc8 .\CortexM0\ARM_GCC_541\Debug\I2C_LCD_PSOC.a(I2C_sda.o)
 .debug_abbrev  0x00001168       0xc8 .\CortexM0\ARM_GCC_541\Debug\I2C_LCD_PSOC.a(I2C_scl.o)
 .debug_abbrev  0x00001230      0x146 .\CortexM0\ARM_GCC_541\Debug\I2C_LCD_PSOC.a(SPI.o)
 .debug_abbrev  0x00001376       0xc8 .\CortexM0\ARM_GCC_541\Debug\I2C_LCD_PSOC.a(RESET.o)
 .debug_abbrev  0x0000143e       0xb7 .\CortexM0\ARM_GCC_541\Debug\I2C_LCD_PSOC.a(SPI_IntClock.o)
 .debug_abbrev  0x000014f5       0x14 .\CortexM0\ARM_GCC_541\Debug\I2C_LCD_PSOC.a(CyBootAsmGnu.o)
 .debug_abbrev  0x00001509       0xa4 .\CortexM0\ARM_GCC_541\Debug\I2C_LCD_PSOC.a(I2C_I2C_INT.o)

.debug_line     0x00000000     0x2779
 *(.debug_line)
 .debug_line    0x00000000      0x1af .\CortexM0\ARM_GCC_541\Debug\main.o
 .debug_line    0x000001af      0x44f .\CortexM0\ARM_GCC_541\Debug\LiquidCrystal_I2C.o
 .debug_line    0x000005fe      0x75b .\CortexM0\ARM_GCC_541\Debug\RC522.o
 .debug_line    0x00000d59      0x19a .\CortexM0\ARM_GCC_541\Debug\cyfitter_cfg.o
 .debug_line    0x00000ef3      0x141 .\CortexM0\ARM_GCC_541\Debug\cymetadata.o
 .debug_line    0x00001034      0x235 .\CortexM0\ARM_GCC_541\Debug\Cm0Start.o
 .debug_line    0x00001269      0x460 .\CortexM0\ARM_GCC_541\Debug\I2C_LCD_PSOC.a(CyLib.o)
 .debug_line    0x000016c9      0x466 .\CortexM0\ARM_GCC_541\Debug\I2C_LCD_PSOC.a(CyLFClk.o)
 .debug_line    0x00001b2f      0x143 .\CortexM0\ARM_GCC_541\Debug\I2C_LCD_PSOC.a(I2C.o)
 .debug_line    0x00001c72       0xc3 .\CortexM0\ARM_GCC_541\Debug\I2C_LCD_PSOC.a(I2C_I2C.o)
 .debug_line    0x00001d35      0x339 .\CortexM0\ARM_GCC_541\Debug\I2C_LCD_PSOC.a(I2C_I2C_MASTER.o)
 .debug_line    0x0000206e       0xbf .\CortexM0\ARM_GCC_541\Debug\I2C_LCD_PSOC.a(I2C_sda.o)
 .debug_line    0x0000212d       0xbe .\CortexM0\ARM_GCC_541\Debug\I2C_LCD_PSOC.a(I2C_scl.o)
 .debug_line    0x000021eb      0x258 .\CortexM0\ARM_GCC_541\Debug\I2C_LCD_PSOC.a(SPI.o)
 .debug_line    0x00002443       0xbc .\CortexM0\ARM_GCC_541\Debug\I2C_LCD_PSOC.a(RESET.o)
 .debug_line    0x000024ff       0xb2 .\CortexM0\ARM_GCC_541\Debug\I2C_LCD_PSOC.a(SPI_IntClock.o)
 .debug_line    0x000025b1       0x69 .\CortexM0\ARM_GCC_541\Debug\I2C_LCD_PSOC.a(CyBootAsmGnu.o)
 .debug_line    0x0000261a      0x15f .\CortexM0\ARM_GCC_541\Debug\I2C_LCD_PSOC.a(I2C_I2C_INT.o)

.debug_frame    0x00000000     0x191c
 *(.debug_frame)
 .debug_frame   0x00000000       0x2c .\CortexM0\ARM_GCC_541\Debug\main.o
 .debug_frame   0x0000002c      0x36c .\CortexM0\ARM_GCC_541\Debug\LiquidCrystal_I2C.o
 .debug_frame   0x00000398      0x4bc .\CortexM0\ARM_GCC_541\Debug\RC522.o
 .debug_frame   0x00000854       0xac .\CortexM0\ARM_GCC_541\Debug\cyfitter_cfg.o
 .debug_frame   0x00000900       0xbc .\CortexM0\ARM_GCC_541\Debug\Cm0Start.o
 .debug_frame   0x000009bc      0x3e0 .\CortexM0\ARM_GCC_541\Debug\I2C_LCD_PSOC.a(CyLib.o)
 .debug_frame   0x00000d9c      0x3a8 .\CortexM0\ARM_GCC_541\Debug\I2C_LCD_PSOC.a(CyLFClk.o)
 .debug_frame   0x00001144       0xf8 .\CortexM0\ARM_GCC_541\Debug\I2C_LCD_PSOC.a(I2C.o)
 .debug_frame   0x0000123c       0x58 .\CortexM0\ARM_GCC_541\Debug\I2C_LCD_PSOC.a(I2C_I2C.o)
 .debug_frame   0x00001294      0x1e8 .\CortexM0\ARM_GCC_541\Debug\I2C_LCD_PSOC.a(I2C_I2C_MASTER.o)
 .debug_frame   0x0000147c       0x70 .\CortexM0\ARM_GCC_541\Debug\I2C_LCD_PSOC.a(I2C_sda.o)
 .debug_frame   0x000014ec       0x70 .\CortexM0\ARM_GCC_541\Debug\I2C_LCD_PSOC.a(I2C_scl.o)
 .debug_frame   0x0000155c      0x1e8 .\CortexM0\ARM_GCC_541\Debug\I2C_LCD_PSOC.a(SPI.o)
 .debug_frame   0x00001744       0x70 .\CortexM0\ARM_GCC_541\Debug\I2C_LCD_PSOC.a(RESET.o)
 .debug_frame   0x000017b4       0x60 .\CortexM0\ARM_GCC_541\Debug\I2C_LCD_PSOC.a(SPI_IntClock.o)
 .debug_frame   0x00001814       0x2c .\CortexM0\ARM_GCC_541\Debug\I2C_LCD_PSOC.a(I2C_I2C_INT.o)
 .debug_frame   0x00001840       0x20 c:/program files (x86)/cypress/psoc creator/4.2/psoc creator/import/gnu/arm/5.4.1/bin/../lib/gcc/arm-none-eabi/5.4.1/armv6-m\libgcc.a(_udivsi3.o)
 .debug_frame   0x00001860       0x20 c:/program files (x86)/cypress/psoc creator/4.2/psoc creator/import/gnu/arm/5.4.1/bin/../lib/gcc/arm-none-eabi/5.4.1/../../../../arm-none-eabi/lib/armv6-m\libg_nano.a(lib_a-errno.o)
 .debug_frame   0x00001880       0x28 c:/program files (x86)/cypress/psoc creator/4.2/psoc creator/import/gnu/arm/5.4.1/bin/../lib/gcc/arm-none-eabi/5.4.1/../../../../arm-none-eabi/lib/armv6-m\libg_nano.a(lib_a-exit.o)
 .debug_frame   0x000018a8       0x2c c:/program files (x86)/cypress/psoc creator/4.2/psoc creator/import/gnu/arm/5.4.1/bin/../lib/gcc/arm-none-eabi/5.4.1/../../../../arm-none-eabi/lib/armv6-m\libg_nano.a(lib_a-init.o)
 .debug_frame   0x000018d4       0x28 c:/program files (x86)/cypress/psoc creator/4.2/psoc creator/import/gnu/arm/5.4.1/bin/../lib/gcc/arm-none-eabi/5.4.1/../../../../arm-none-eabi/lib/armv6-m\libg_nano.a(lib_a-memcpy-stub.o)
 .debug_frame   0x000018fc       0x20 c:/program files (x86)/cypress/psoc creator/4.2/psoc creator/import/gnu/arm/5.4.1/bin/../lib/gcc/arm-none-eabi/5.4.1/../../../../arm-none-eabi/lib/armv6-m\libg_nano.a(lib_a-memset.o)

.debug_str      0x00000000     0x1ea7
 *(.debug_str)
 .debug_str     0x00000000      0x219 .\CortexM0\ARM_GCC_541\Debug\main.o
                                0x274 (size before relaxing)
 .debug_str     0x00000219      0x239 .\CortexM0\ARM_GCC_541\Debug\LiquidCrystal_I2C.o
                                0x46f (size before relaxing)
 .debug_str     0x00000452      0x4d8 .\CortexM0\ARM_GCC_541\Debug\RC522.o
                                0x741 (size before relaxing)
 .debug_str     0x0000092a      0x170 .\CortexM0\ARM_GCC_541\Debug\cyfitter_cfg.o
                                0x35a (size before relaxing)
 .debug_str     0x00000a9a       0x59 .\CortexM0\ARM_GCC_541\Debug\cymetadata.o
                                0x1f4 (size before relaxing)
 .debug_str     0x00000af3      0x135 .\CortexM0\ARM_GCC_541\Debug\Cm0Start.o
                                0x32d (size before relaxing)
 .debug_str     0x00000c28      0x4aa .\CortexM0\ARM_GCC_541\Debug\I2C_LCD_PSOC.a(CyLib.o)
                                0x6e2 (size before relaxing)
 .debug_str     0x000010d2      0x526 .\CortexM0\ARM_GCC_541\Debug\I2C_LCD_PSOC.a(CyLFClk.o)
                                0x769 (size before relaxing)
 .debug_str     0x000015f8      0x116 .\CortexM0\ARM_GCC_541\Debug\I2C_LCD_PSOC.a(I2C.o)
                                0x305 (size before relaxing)
 .debug_str     0x0000170e       0x74 .\CortexM0\ARM_GCC_541\Debug\I2C_LCD_PSOC.a(I2C_I2C.o)
                                0x27a (size before relaxing)
 .debug_str     0x00001782      0x291 .\CortexM0\ARM_GCC_541\Debug\I2C_LCD_PSOC.a(I2C_I2C_MASTER.o)
                                0x518 (size before relaxing)
 .debug_str     0x00001a13       0xac .\CortexM0\ARM_GCC_541\Debug\I2C_LCD_PSOC.a(I2C_sda.o)
                                0x270 (size before relaxing)
 .debug_str     0x00001abf       0x7a .\CortexM0\ARM_GCC_541\Debug\I2C_LCD_PSOC.a(I2C_scl.o)
                                0x270 (size before relaxing)
 .debug_str     0x00001b39      0x1f5 .\CortexM0\ARM_GCC_541\Debug\I2C_LCD_PSOC.a(SPI.o)
                                0x41a (size before relaxing)
 .debug_str     0x00001d2e       0x70 .\CortexM0\ARM_GCC_541\Debug\I2C_LCD_PSOC.a(RESET.o)
                                0x262 (size before relaxing)
 .debug_str     0x00001d9e       0xc2 .\CortexM0\ARM_GCC_541\Debug\I2C_LCD_PSOC.a(SPI_IntClock.o)
                                0x293 (size before relaxing)
 .debug_str     0x00001e60       0x47 .\CortexM0\ARM_GCC_541\Debug\I2C_LCD_PSOC.a(I2C_I2C_INT.o)
                                0x2ea (size before relaxing)

.debug_loc      0x00000000     0x3d43
 *(.debug_loc)
 .debug_loc     0x00000000       0x75 .\CortexM0\ARM_GCC_541\Debug\main.o
 .debug_loc     0x00000075      0x36f .\CortexM0\ARM_GCC_541\Debug\LiquidCrystal_I2C.o
 .debug_loc     0x000003e4     0x17e1 .\CortexM0\ARM_GCC_541\Debug\RC522.o
 .debug_loc     0x00001bc5      0x1fe .\CortexM0\ARM_GCC_541\Debug\cyfitter_cfg.o
 .debug_loc     0x00001dc3      0x14f .\CortexM0\ARM_GCC_541\Debug\Cm0Start.o
 .debug_loc     0x00001f12      0x599 .\CortexM0\ARM_GCC_541\Debug\I2C_LCD_PSOC.a(CyLib.o)
 .debug_loc     0x000024ab      0x9b5 .\CortexM0\ARM_GCC_541\Debug\I2C_LCD_PSOC.a(CyLFClk.o)
 .debug_loc     0x00002e60       0x7e .\CortexM0\ARM_GCC_541\Debug\I2C_LCD_PSOC.a(I2C.o)
 .debug_loc     0x00002ede      0xa90 .\CortexM0\ARM_GCC_541\Debug\I2C_LCD_PSOC.a(I2C_I2C_MASTER.o)
 .debug_loc     0x0000396e       0xa2 .\CortexM0\ARM_GCC_541\Debug\I2C_LCD_PSOC.a(I2C_sda.o)
 .debug_loc     0x00003a10       0x81 .\CortexM0\ARM_GCC_541\Debug\I2C_LCD_PSOC.a(I2C_scl.o)
 .debug_loc     0x00003a91      0x112 .\CortexM0\ARM_GCC_541\Debug\I2C_LCD_PSOC.a(SPI.o)
 .debug_loc     0x00003ba3       0x81 .\CortexM0\ARM_GCC_541\Debug\I2C_LCD_PSOC.a(RESET.o)
 .debug_loc     0x00003c24       0x13 .\CortexM0\ARM_GCC_541\Debug\I2C_LCD_PSOC.a(SPI_IntClock.o)
 .debug_loc     0x00003c37      0x10c .\CortexM0\ARM_GCC_541\Debug\I2C_LCD_PSOC.a(I2C_I2C_INT.o)

.debug_macinfo
 *(.debug_macinfo)

.debug_ranges   0x00000000      0x870
 *(.debug_ranges)
 .debug_ranges  0x00000000       0x28 .\CortexM0\ARM_GCC_541\Debug\main.o
 .debug_ranges  0x00000028       0xf8 .\CortexM0\ARM_GCC_541\Debug\LiquidCrystal_I2C.o
 .debug_ranges  0x00000120      0x1a0 .\CortexM0\ARM_GCC_541\Debug\RC522.o
 .debug_ranges  0x000002c0       0x30 .\CortexM0\ARM_GCC_541\Debug\cyfitter_cfg.o
 .debug_ranges  0x000002f0       0x38 .\CortexM0\ARM_GCC_541\Debug\Cm0Start.o
 .debug_ranges  0x00000328      0x170 .\CortexM0\ARM_GCC_541\Debug\I2C_LCD_PSOC.a(CyLib.o)
 .debug_ranges  0x00000498      0x128 .\CortexM0\ARM_GCC_541\Debug\I2C_LCD_PSOC.a(CyLFClk.o)
 .debug_ranges  0x000005c0       0x58 .\CortexM0\ARM_GCC_541\Debug\I2C_LCD_PSOC.a(I2C.o)
 .debug_ranges  0x00000618       0x20 .\CortexM0\ARM_GCC_541\Debug\I2C_LCD_PSOC.a(I2C_I2C.o)
 .debug_ranges  0x00000638       0x88 .\CortexM0\ARM_GCC_541\Debug\I2C_LCD_PSOC.a(I2C_I2C_MASTER.o)
 .debug_ranges  0x000006c0       0x38 .\CortexM0\ARM_GCC_541\Debug\I2C_LCD_PSOC.a(I2C_sda.o)
 .debug_ranges  0x000006f8       0x38 .\CortexM0\ARM_GCC_541\Debug\I2C_LCD_PSOC.a(I2C_scl.o)
 .debug_ranges  0x00000730       0xc8 .\CortexM0\ARM_GCC_541\Debug\I2C_LCD_PSOC.a(SPI.o)
 .debug_ranges  0x000007f8       0x38 .\CortexM0\ARM_GCC_541\Debug\I2C_LCD_PSOC.a(RESET.o)
 .debug_ranges  0x00000830       0x30 .\CortexM0\ARM_GCC_541\Debug\I2C_LCD_PSOC.a(SPI_IntClock.o)
 .debug_ranges  0x00000860       0x10 .\CortexM0\ARM_GCC_541\Debug\I2C_LCD_PSOC.a(I2C_I2C_INT.o)

.comment        0x00000000       0x6e
 .comment       0x00000000       0x6e .\CortexM0\ARM_GCC_541\Debug\main.o
                                 0x6f (size before relaxing)
 .comment       0x0000006e       0x6f .\CortexM0\ARM_GCC_541\Debug\LiquidCrystal_I2C.o
 .comment       0x0000006e       0x6f .\CortexM0\ARM_GCC_541\Debug\RC522.o
 .comment       0x0000006e       0x6f .\CortexM0\ARM_GCC_541\Debug\cyfitter_cfg.o
 .comment       0x0000006e       0x6f .\CortexM0\ARM_GCC_541\Debug\cymetadata.o
 .comment       0x0000006e       0x6f .\CortexM0\ARM_GCC_541\Debug\Cm0Start.o
 .comment       0x0000006e       0x6f .\CortexM0\ARM_GCC_541\Debug\I2C_LCD_PSOC.a(CyLib.o)
 .comment       0x0000006e       0x6f .\CortexM0\ARM_GCC_541\Debug\I2C_LCD_PSOC.a(CyLFClk.o)
 .comment       0x0000006e       0x6f .\CortexM0\ARM_GCC_541\Debug\I2C_LCD_PSOC.a(I2C.o)
 .comment       0x0000006e       0x6f .\CortexM0\ARM_GCC_541\Debug\I2C_LCD_PSOC.a(I2C_I2C.o)
 .comment       0x0000006e       0x6f .\CortexM0\ARM_GCC_541\Debug\I2C_LCD_PSOC.a(I2C_I2C_MASTER.o)
 .comment       0x0000006e       0x6f .\CortexM0\ARM_GCC_541\Debug\I2C_LCD_PSOC.a(I2C_sda.o)
 .comment       0x0000006e       0x6f .\CortexM0\ARM_GCC_541\Debug\I2C_LCD_PSOC.a(I2C_scl.o)
 .comment       0x0000006e       0x6f .\CortexM0\ARM_GCC_541\Debug\I2C_LCD_PSOC.a(SPI.o)
 .comment       0x0000006e       0x6f .\CortexM0\ARM_GCC_541\Debug\I2C_LCD_PSOC.a(RESET.o)
 .comment       0x0000006e       0x6f .\CortexM0\ARM_GCC_541\Debug\I2C_LCD_PSOC.a(SPI_IntClock.o)
 .comment       0x0000006e       0x6f .\CortexM0\ARM_GCC_541\Debug\I2C_LCD_PSOC.a(I2C_I2C_INT.o)

.debug_weaknames
 *(.debug_weaknames)

.debug_funcnames
 *(.debug_funcnames)

.debug_typenames
 *(.debug_typenames)

.debug_varnames
 *(.debug_varnames)

.note.gnu.arm.ident
 *(.note.gnu.arm.ident)

.ARM.attributes
                0x00000000       0x28
 *(.ARM.attributes)
 .ARM.attributes
                0x00000000       0x1e c:/program files (x86)/cypress/psoc creator/4.2/psoc creator/import/gnu/arm/5.4.1/bin/../lib/gcc/arm-none-eabi/5.4.1/armv6-m/crti.o
 .ARM.attributes
                0x0000001e       0x2c c:/program files (x86)/cypress/psoc creator/4.2/psoc creator/import/gnu/arm/5.4.1/bin/../lib/gcc/arm-none-eabi/5.4.1/armv6-m/crtbegin.o
 .ARM.attributes
                0x0000004a       0x1b c:/program files (x86)/cypress/psoc creator/4.2/psoc creator/import/gnu/arm/5.4.1/bin/../lib/gcc/arm-none-eabi/5.4.1/../../../../arm-none-eabi/lib/armv6-m/crt0.o
 .ARM.attributes
                0x00000065       0x31 .\CortexM0\ARM_GCC_541\Debug\main.o
 .ARM.attributes
                0x00000096       0x31 .\CortexM0\ARM_GCC_541\Debug\LiquidCrystal_I2C.o
 .ARM.attributes
                0x000000c7       0x31 .\CortexM0\ARM_GCC_541\Debug\RC522.o
 .ARM.attributes
                0x000000f8       0x31 .\CortexM0\ARM_GCC_541\Debug\cyfitter_cfg.o
 .ARM.attributes
                0x00000129       0x31 .\CortexM0\ARM_GCC_541\Debug\cymetadata.o
 .ARM.attributes
                0x0000015a       0x31 .\CortexM0\ARM_GCC_541\Debug\Cm0Start.o
 .ARM.attributes
                0x0000018b       0x31 .\CortexM0\ARM_GCC_541\Debug\I2C_LCD_PSOC.a(CyLib.o)
 .ARM.attributes
                0x000001bc       0x31 .\CortexM0\ARM_GCC_541\Debug\I2C_LCD_PSOC.a(CyLFClk.o)
 .ARM.attributes
                0x000001ed       0x31 .\CortexM0\ARM_GCC_541\Debug\I2C_LCD_PSOC.a(I2C.o)
 .ARM.attributes
                0x0000021e       0x31 .\CortexM0\ARM_GCC_541\Debug\I2C_LCD_PSOC.a(I2C_I2C.o)
 .ARM.attributes
                0x0000024f       0x31 .\CortexM0\ARM_GCC_541\Debug\I2C_LCD_PSOC.a(I2C_I2C_MASTER.o)
 .ARM.attributes
                0x00000280       0x31 .\CortexM0\ARM_GCC_541\Debug\I2C_LCD_PSOC.a(I2C_sda.o)
 .ARM.attributes
                0x000002b1       0x31 .\CortexM0\ARM_GCC_541\Debug\I2C_LCD_PSOC.a(I2C_scl.o)
 .ARM.attributes
                0x000002e2       0x31 .\CortexM0\ARM_GCC_541\Debug\I2C_LCD_PSOC.a(SPI.o)
 .ARM.attributes
                0x00000313       0x31 .\CortexM0\ARM_GCC_541\Debug\I2C_LCD_PSOC.a(RESET.o)
 .ARM.attributes
                0x00000344       0x31 .\CortexM0\ARM_GCC_541\Debug\I2C_LCD_PSOC.a(SPI_IntClock.o)
 .ARM.attributes
                0x00000375       0x21 .\CortexM0\ARM_GCC_541\Debug\I2C_LCD_PSOC.a(CyBootAsmGnu.o)
 .ARM.attributes
                0x00000396       0x31 .\CortexM0\ARM_GCC_541\Debug\I2C_LCD_PSOC.a(I2C_I2C_INT.o)
 .ARM.attributes
                0x000003c7       0x1e c:/program files (x86)/cypress/psoc creator/4.2/psoc creator/import/gnu/arm/5.4.1/bin/../lib/gcc/arm-none-eabi/5.4.1/armv6-m\libgcc.a(_udivsi3.o)
 .ARM.attributes
                0x000003e5       0x1e c:/program files (x86)/cypress/psoc creator/4.2/psoc creator/import/gnu/arm/5.4.1/bin/../lib/gcc/arm-none-eabi/5.4.1/armv6-m\libgcc.a(_dvmd_tls.o)
 .ARM.attributes
                0x00000403       0x2c c:/program files (x86)/cypress/psoc creator/4.2/psoc creator/import/gnu/arm/5.4.1/bin/../lib/gcc/arm-none-eabi/5.4.1/../../../../arm-none-eabi/lib/armv6-m\libg_nano.a(lib_a-errno.o)
 .ARM.attributes
                0x0000042f       0x2c c:/program files (x86)/cypress/psoc creator/4.2/psoc creator/import/gnu/arm/5.4.1/bin/../lib/gcc/arm-none-eabi/5.4.1/../../../../arm-none-eabi/lib/armv6-m\libg_nano.a(lib_a-exit.o)
 .ARM.attributes
                0x0000045b       0x2c c:/program files (x86)/cypress/psoc creator/4.2/psoc creator/import/gnu/arm/5.4.1/bin/../lib/gcc/arm-none-eabi/5.4.1/../../../../arm-none-eabi/lib/armv6-m\libg_nano.a(lib_a-impure.o)
 .ARM.attributes
                0x00000487       0x2c c:/program files (x86)/cypress/psoc creator/4.2/psoc creator/import/gnu/arm/5.4.1/bin/../lib/gcc/arm-none-eabi/5.4.1/../../../../arm-none-eabi/lib/armv6-m\libg_nano.a(lib_a-init.o)
 .ARM.attributes
                0x000004b3       0x2c c:/program files (x86)/cypress/psoc creator/4.2/psoc creator/import/gnu/arm/5.4.1/bin/../lib/gcc/arm-none-eabi/5.4.1/../../../../arm-none-eabi/lib/armv6-m\libg_nano.a(lib_a-memcpy-stub.o)
 .ARM.attributes
                0x000004df       0x2c c:/program files (x86)/cypress/psoc creator/4.2/psoc creator/import/gnu/arm/5.4.1/bin/../lib/gcc/arm-none-eabi/5.4.1/../../../../arm-none-eabi/lib/armv6-m\libg_nano.a(lib_a-memset.o)
 .ARM.attributes
                0x0000050b       0x1c c:/program files (x86)/cypress/psoc creator/4.2/psoc creator/import/gnu/arm/5.4.1/bin/../lib/gcc/arm-none-eabi/5.4.1/../../../../arm-none-eabi/lib/armv6-m\libg_nano.a(lib_a-strlen.o)
 .ARM.attributes
                0x00000527       0x2c c:/program files (x86)/cypress/psoc creator/4.2/psoc creator/import/gnu/arm/5.4.1/bin/../lib/gcc/arm-none-eabi/5.4.1/armv6-m/crtend.o
 .ARM.attributes
                0x00000553       0x1e c:/program files (x86)/cypress/psoc creator/4.2/psoc creator/import/gnu/arm/5.4.1/bin/../lib/gcc/arm-none-eabi/5.4.1/armv6-m/crtn.o

/DISCARD/
 *(.note.GNU-stack)
OUTPUT(C:\Users\Abad_Sethi\Desktop\AbadPxl\2-EAI\Project_Onderzoek\Autonomous_Cart\AutonomousCart\I2C_LCD_PSOC.cydsn\CortexM0\ARM_GCC_541\Debug\I2C_LCD_PSOC.elf elf32-littlearm)
